Archive member included to satisfy reference by file (symbol)

.\CortexM3\ARM_GCC_541\Debug\IWP.a(CyLib.o)
                              .\CortexM3\ARM_GCC_541\Debug\Cm3Start.o (CyResetStatus)
.\CortexM3\ARM_GCC_541\Debug\IWP.a(cyPm.o)
                              .\CortexM3\ARM_GCC_541\Debug\IWP.a(CyLib.o) (CyPmReadStatus)
.\CortexM3\ARM_GCC_541\Debug\IWP.a(LCD.o)
                              .\CortexM3\ARM_GCC_541\Debug\main.o (LCD_WriteControl)
.\CortexM3\ARM_GCC_541\Debug\IWP.a(UART.o)
                              .\CortexM3\ARM_GCC_541\Debug\uartUtil.o (UART_Start)
.\CortexM3\ARM_GCC_541\Debug\IWP.a(Clock_1.o)
                              .\CortexM3\ARM_GCC_541\Debug\main.o (Clock_1_Start)
.\CortexM3\ARM_GCC_541\Debug\IWP.a(isr_1.o)
                              .\CortexM3\ARM_GCC_541\Debug\main.o (isr_1_StartEx)
.\CortexM3\ARM_GCC_541\Debug\IWP.a(QuadDec_Motor.o)
                              .\CortexM3\ARM_GCC_541\Debug\quadDec.o (QuadDec_Motor_Start)
.\CortexM3\ARM_GCC_541\Debug\IWP.a(QuadDec_Motor_INT.o)
                              .\CortexM3\ARM_GCC_541\Debug\IWP.a(QuadDec_Motor.o) (QuadDec_Motor_count32SoftPart)
.\CortexM3\ARM_GCC_541\Debug\IWP.a(QuadDec_Shoulder.o)
                              .\CortexM3\ARM_GCC_541\Debug\quadDec.o (QuadDec_Shoulder_Start)
.\CortexM3\ARM_GCC_541\Debug\IWP.a(QuadDec_Shoulder_INT.o)
                              .\CortexM3\ARM_GCC_541\Debug\IWP.a(QuadDec_Shoulder.o) (QuadDec_Shoulder_count32SoftPart)
.\CortexM3\ARM_GCC_541\Debug\IWP.a(Clock_Enc_Motor.o)
                              .\CortexM3\ARM_GCC_541\Debug\main.o (Clock_Enc_Motor_Start)
.\CortexM3\ARM_GCC_541\Debug\IWP.a(UART_IntClock.o)
                              .\CortexM3\ARM_GCC_541\Debug\IWP.a(UART.o) (UART_IntClock_Start)
.\CortexM3\ARM_GCC_541\Debug\IWP.a(QuadDec_Shoulder_Cnt16.o)
                              .\CortexM3\ARM_GCC_541\Debug\IWP.a(QuadDec_Shoulder.o) (QuadDec_Shoulder_Cnt16_WriteCounter)
.\CortexM3\ARM_GCC_541\Debug\IWP.a(ADC1.o)
                              .\CortexM3\ARM_GCC_541\Debug\adc.o (ADC1_Start)
.\CortexM3\ARM_GCC_541\Debug\IWP.a(ADC1_INT.o)
                              .\CortexM3\ARM_GCC_541\Debug\IWP.a(ADC1.o) (ADC1_ISR)
.\CortexM3\ARM_GCC_541\Debug\IWP.a(ADC1_theACLK.o)
                              .\CortexM3\ARM_GCC_541\Debug\IWP.a(ADC1.o) (ADC1_theACLK_SetModeRegister)
.\CortexM3\ARM_GCC_541\Debug\IWP.a(QuadDec_Motor_Cnt16.o)
                              .\CortexM3\ARM_GCC_541\Debug\IWP.a(QuadDec_Motor.o) (QuadDec_Motor_Cnt16_WriteCounter)
.\CortexM3\ARM_GCC_541\Debug\IWP.a(Clock_Enc_Shoulder.o)
                              .\CortexM3\ARM_GCC_541\Debug\main.o (Clock_Enc_Shoulder_Start)
.\CortexM3\ARM_GCC_541\Debug\IWP.a(Clock_2.o)
                              .\CortexM3\ARM_GCC_541\Debug\main.o (Clock_2_Start)
.\CortexM3\ARM_GCC_541\Debug\IWP.a(Counter_1.o)
                              .\CortexM3\ARM_GCC_541\Debug\main.o (Counter_1_Start)
.\CortexM3\ARM_GCC_541\Debug\IWP.a(isr_2.o)
                              .\CortexM3\ARM_GCC_541\Debug\main.o (isr_2_StartEx)
.\CortexM3\ARM_GCC_541\Debug\IWP.a(Clock_3.o)
                              .\CortexM3\ARM_GCC_541\Debug\main.o (Clock_3_Start)
.\CortexM3\ARM_GCC_541\Debug\IWP.a(CyBootAsmGnu.o)
                              .\CortexM3\ARM_GCC_541\Debug\cyfitter_cfg.o (CyDelayCycles)
.\CortexM3\ARM_GCC_541\Debug\IWP.a(CyFlash.o)
                              .\CortexM3\ARM_GCC_541\Debug\IWP.a(cyPm.o) (CyFlash_SetWaitCycles)
.\CortexM3\ARM_GCC_541\Debug\IWP.a(CySpc.o)
                              .\CortexM3\ARM_GCC_541\Debug\IWP.a(CyFlash.o) (CySpcStart)
c:/program files (x86)/cypress/psoc creator/4.2/psoc creator/import/gnu/arm/5.4.1/bin/../lib/gcc/arm-none-eabi/5.4.1/../../../../arm-none-eabi/lib/armv7-m\libm.a(lib_a-s_cos.o)
                              .\CortexM3\ARM_GCC_541\Debug\controllers.o (cos)
c:/program files (x86)/cypress/psoc creator/4.2/psoc creator/import/gnu/arm/5.4.1/bin/../lib/gcc/arm-none-eabi/5.4.1/../../../../arm-none-eabi/lib/armv7-m\libm.a(lib_a-s_floor.o)
                              .\CortexM3\ARM_GCC_541\Debug\mathUtility.o (floor)
c:/program files (x86)/cypress/psoc creator/4.2/psoc creator/import/gnu/arm/5.4.1/bin/../lib/gcc/arm-none-eabi/5.4.1/../../../../arm-none-eabi/lib/armv7-m\libm.a(lib_a-s_round.o)
                              .\CortexM3\ARM_GCC_541\Debug\mathUtility.o (round)
c:/program files (x86)/cypress/psoc creator/4.2/psoc creator/import/gnu/arm/5.4.1/bin/../lib/gcc/arm-none-eabi/5.4.1/../../../../arm-none-eabi/lib/armv7-m\libm.a(lib_a-w_fmod.o)
                              .\CortexM3\ARM_GCC_541\Debug\mathUtility.o (fmod)
c:/program files (x86)/cypress/psoc creator/4.2/psoc creator/import/gnu/arm/5.4.1/bin/../lib/gcc/arm-none-eabi/5.4.1/../../../../arm-none-eabi/lib/armv7-m\libm.a(lib_a-w_pow.o)
                              .\CortexM3\ARM_GCC_541\Debug\mathUtility.o (pow)
[...]
Memory Configuration

Name             Origin             Length             Attributes
rom              0x00000000         0x00040000         xr
ram              0x1fff8000         0x00010000         xrw
*default*        0x00000000         0xffffffff

Linker script and memory map

LOAD c:/program files (x86)/cypress/psoc creator/4.2/psoc creator/import/gnu/arm/5.4.1/bin/../lib/gcc/arm-none-eabi/5.4.1/armv7-m/crti.o
LOAD c:/program files (x86)/cypress/psoc creator/4.2/psoc creator/import/gnu/arm/5.4.1/bin/../lib/gcc/arm-none-eabi/5.4.1/armv7-m/crtbegin.o
LOAD c:/program files (x86)/cypress/psoc creator/4.2/psoc creator/import/gnu/arm/5.4.1/bin/../lib/gcc/arm-none-eabi/5.4.1/../../../../arm-none-eabi/lib/armv7-m/crt0.o
START GROUP
LOAD .\CortexM3\ARM_GCC_541\Debug\main.o
LOAD .\CortexM3\ARM_GCC_541\Debug\adc.o
LOAD .\CortexM3\ARM_GCC_541\Debug\quadDec.o
LOAD .\CortexM3\ARM_GCC_541\Debug\test.o
LOAD .\CortexM3\ARM_GCC_541\Debug\uartUtil.o
LOAD .\CortexM3\ARM_GCC_541\Debug\mathUtility.o
LOAD .\CortexM3\ARM_GCC_541\Debug\controllers.o
LOAD .\CortexM3\ARM_GCC_541\Debug\sensorStructs.o
LOAD .\CortexM3\ARM_GCC_541\Debug\cyfitter_cfg.o
LOAD .\CortexM3\ARM_GCC_541\Debug\Cm3Start.o
LOAD .\CortexM3\ARM_GCC_541\Debug\cymetadata.o
LOAD .\CortexM3\ARM_GCC_541\Debug\IWP.a
LOAD C:\Program Files (x86)\Cypress\PSoC Creator\4.2\PSoC Creator\psoc\content\cycomponentlibrary\CyComponentLibrary.cylib\CortexM3\ARM_GCC_541\Debug\CyComponentLibrary.a
LOAD c:/program files (x86)/cypress/psoc creator/4.2/psoc creator/import/gnu/arm/5.4.1/bin/../lib/gcc/arm-none-eabi/5.4.1/../../../../arm-none-eabi/lib/armv7-m\libm.a
END GROUP
START GROUP
LOAD c:/program files (x86)/cypress/psoc creator/4.2/psoc creator/import/gnu/arm/5.4.1/bin/../lib/gcc/arm-none-eabi/5.4.1/armv7-m\libgcc.a
LOAD c:/program files (x86)/cypress/psoc creator/4.2/psoc creator/import/gnu/arm/5.4.1/bin/../lib/gcc/arm-none-eabi/5.4.1/../../../../arm-none-eabi/lib/armv7-m\libg_nano.a
LOAD c:/program files (x86)/cypress/psoc creator/4.2/psoc creator/import/gnu/arm/5.4.1/bin/../lib/gcc/arm-none-eabi/5.4.1/../../../../arm-none-eabi/lib/armv7-m\libc_nano.a
END GROUP
START GROUP
LOAD c:/program files (x86)/cypress/psoc creator/4.2/psoc creator/import/gnu/arm/5.4.1/bin/../lib/gcc/arm-none-eabi/5.4.1/armv7-m\libgcc.a
LOAD c:/program files (x86)/cypress/psoc creator/4.2/psoc creator/import/gnu/arm/5.4.1/bin/../lib/gcc/arm-none-eabi/5.4.1/../../../../arm-none-eabi/lib/armv7-m\libc_nano.a
END GROUP
LOAD c:/program files (x86)/cypress/psoc creator/4.2/psoc creator/import/gnu/arm/5.4.1/bin/../lib/gcc/arm-none-eabi/5.4.1/armv7-m/crtend.o
LOAD c:/program files (x86)/cypress/psoc creator/4.2/psoc creator/import/gnu/arm/5.4.1/bin/../lib/gcc/arm-none-eabi/5.4.1/armv7-m/crtn.o
START GROUP
LOAD c:/program files (x86)/cypress/psoc creator/4.2/psoc creator/import/gnu/arm/5.4.1/bin/../lib/gcc/arm-none-eabi/5.4.1/armv7-m\libgcc.a
LOAD c:/program files (x86)/cypress/psoc creator/4.2/psoc creator/import/gnu/arm/5.4.1/bin/../lib/gcc/arm-none-eabi/5.4.1/../../../../arm-none-eabi/lib/armv7-m\libc.a
LOAD c:/program files (x86)/cypress/psoc creator/4.2/psoc creator/import/gnu/arm/5.4.1/bin/../lib/gcc/arm-none-eabi/5.4.1/../../../../arm-none-eabi/lib/armv7-m\libnosys.a
END GROUP
                0x00000000                CY_APPL_ORIGIN = 0x0
                0x00000100                CY_FLASH_ROW_SIZE = 0x100
                0x00000020                CY_ECC_ROW_SIZE = 0x20
                0x00000000                CY_EE_IN_BTLDR = 0x0
                0x00000000                CY_APPL_LOADABLE = 0x0
                0x00000800                CY_EE_SIZE = 0x800
                0x00000001                CY_APPL_NUM = 0x1
                0x00000001                CY_APPL_MAX = 0x1
                0x00000040                CY_METADATA_SIZE = 0x40
                0x00000000                CY_APPL_LOADABLE = 0x0
                0x00000000                CY_CHECKSUM_EXCLUDE_SIZE = ALIGN (0x0, CY_FLASH_ROW_SIZE)
                [!provide]                PROVIDE (__cy_heap_start, _end)
                0x00000001                PROVIDE (__cy_region_num, ((__cy_regions_end - __cy_regions) / 0x10))
                0x20008000                PROVIDE (__cy_stack, (ORIGIN (ram) + LENGTH (ram)))
                [!provide]                PROVIDE (__cy_heap_end, (__cy_stack - 0x4000))

.cybootloader   0x00000000        0x0
 *(.cybootloader)
                0x00000000                appl1_start = CY_APPL_ORIGIN?CY_APPL_ORIGIN:ALIGN (CY_FLASH_ROW_SIZE)
                0x0001ff00                appl2_start = (appl1_start + ALIGN ((((LENGTH (rom) - appl1_start) - (0x2 * CY_FLASH_ROW_SIZE)) / 0x2), CY_FLASH_ROW_SIZE))
                0x00000000                appl_start = (CY_APPL_NUM == 0x1)?appl1_start:appl2_start
                0x00000000                ecc_offset = ((appl_start / CY_FLASH_ROW_SIZE) * CY_ECC_ROW_SIZE)
                0x00000000                ee_offset = (CY_APPL_LOADABLE && ! (CY_EE_IN_BTLDR))?((CY_EE_SIZE / CY_APPL_MAX) * (CY_APPL_NUM - 0x1)):0x0
                0x00000800                ee_size = (CY_APPL_LOADABLE && ! (CY_EE_IN_BTLDR))?(CY_EE_SIZE / CY_APPL_MAX):CY_EE_SIZE
                [!provide]                PROVIDE (CY_ECC_OFFSET, ecc_offset)

.text           0x00000000     0x6402
 CREATE_OBJECT_SYMBOLS
                0x00000000                PROVIDE (__cy_interrupt_vector, RomVectors)
 *(.romvectors)
 .romvectors    0x00000000       0x10 .\CortexM3\ARM_GCC_541\Debug\Cm3Start.o
                0x00000000                RomVectors
                0x00000001                ASSERT ((. != __cy_interrupt_vector), No interrupt vector)
                0x00000001                ASSERT (CY_APPL_ORIGIN?(SIZEOF (.cybootloader) <= CY_APPL_ORIGIN):0x1, Wrong image location)
                0x00000010                PROVIDE (__cy_reset, Reset)
 *(.text.Reset)
 .text.Reset    0x00000010       0x18 .\CortexM3\ARM_GCC_541\Debug\Cm3Start.o
                0x00000010                Reset
                0x00000001                ASSERT ((. != __cy_reset), No reset code)
 *(.dma_init)
                0x00000001                ASSERT ((((appl_start + .) <= 0x10000) || 0x1), DMA Init must be within the first 64k of flash)
 *(.text .text.* .gnu.linkonce.t.*)
 .text          0x00000028       0x5c c:/program files (x86)/cypress/psoc creator/4.2/psoc creator/import/gnu/arm/5.4.1/bin/../lib/gcc/arm-none-eabi/5.4.1/armv7-m/crtbegin.o
 .text.isr_1_ISR
                0x00000084       0x30 .\CortexM3\ARM_GCC_541\Debug\main.o
                0x00000084                isr_1_ISR
 .text.isr_2_ISR
                0x000000b4       0x18 .\CortexM3\ARM_GCC_541\Debug\main.o
                0x000000b4                isr_2_ISR
 .text.main     0x000000cc      0x210 .\CortexM3\ARM_GCC_541\Debug\main.o
                0x000000cc                main
 .text.initADC  0x000002dc       0x28 .\CortexM3\ARM_GCC_541\Debug\adc.o
                0x000002dc                initADC
 .text.getADCReading
                0x00000304       0x5c .\CortexM3\ARM_GCC_541\Debug\adc.o
                0x00000304                getADCReading
 .text.getCurrent
                0x00000360       0x30 .\CortexM3\ARM_GCC_541\Debug\adc.o
                0x00000360                getCurrent
 .text.getTorque
                0x00000390       0x28 .\CortexM3\ARM_GCC_541\Debug\adc.o
                0x00000390                getTorque
 .text.initQuadDec
                0x000003b8       0x28 .\CortexM3\ARM_GCC_541\Debug\quadDec.o
                0x000003b8                initQuadDec
 .text.getMotorDecReading
                0x000003e0       0x10 .\CortexM3\ARM_GCC_541\Debug\quadDec.o
                0x000003e0                getMotorDecReading
 .text.getShoulderDecReading
                0x000003f0       0x10 .\CortexM3\ARM_GCC_541\Debug\quadDec.o
                0x000003f0                getShoulderDecReading
 .text.getMotorAngleReading
                0x00000400       0x44 .\CortexM3\ARM_GCC_541\Debug\quadDec.o
                0x00000400                getMotorAngleReading
 *fill*         0x00000444        0x4 
 .text.getShoulderAngleReading
                0x00000448       0x48 .\CortexM3\ARM_GCC_541\Debug\quadDec.o
                0x00000448                getShoulderAngleReading
 .text.initUART
                0x00000490        0xc .\CortexM3\ARM_GCC_541\Debug\uartUtil.o
                0x00000490                initUART
 *fill*         0x0000049c        0x4 
 .text.sendValue
                0x000004a0       0x9c .\CortexM3\ARM_GCC_541\Debug\uartUtil.o
                0x000004a0                sendValue
 .text.max      0x0000053c       0x34 .\CortexM3\ARM_GCC_541\Debug\mathUtility.o
                0x0000053c                max
 .text.min      0x00000570       0x34 .\CortexM3\ARM_GCC_541\Debug\mathUtility.o
                0x00000570                min
 *fill*         0x000005a4        0x4 
 .text.wrapAngle
                0x000005a8       0x88 .\CortexM3\ARM_GCC_541\Debug\mathUtility.o
                0x000005a8                wrapAngle
 .text.printdouble
                0x00000630      0x164 .\CortexM3\ARM_GCC_541\Debug\mathUtility.o
                0x00000630                printdouble
 *fill*         0x00000794        0x4 
 .text.lqrController
                0x00000798      0x108 .\CortexM3\ARM_GCC_541\Debug\controllers.o
                0x00000798                lqrController
 .text.energyController
                0x000008a0      0x108 .\CortexM3\ARM_GCC_541\Debug\controllers.o
                0x000008a0                energyController
 .text.inLQRRange
                0x000009a8       0xa8 .\CortexM3\ARM_GCC_541\Debug\controllers.o
                0x000009a8                inLQRRange
 .text.setTorque
                0x00000a50      0x1f0 .\CortexM3\ARM_GCC_541\Debug\controllers.o
                0x00000a50                setTorque
 .text.initToZero
                0x00000c40       0x74 .\CortexM3\ARM_GCC_541\Debug\sensorStructs.o
                0x00000c40                initToZero
 .text.getValue
                0x00000cb4       0x24 .\CortexM3\ARM_GCC_541\Debug\sensorStructs.o
                0x00000cb4                getValue
 .text.getValueWithoutUpdate
                0x00000cd8       0x1c .\CortexM3\ARM_GCC_541\Debug\sensorStructs.o
                0x00000cd8                getValueWithoutUpdate
 .text.getDerivative
                0x00000cf4       0x24 .\CortexM3\ARM_GCC_541\Debug\sensorStructs.o
                0x00000cf4                getDerivative
 .text.getDerivativeWithoutUpdate
                0x00000d18       0x1c .\CortexM3\ARM_GCC_541\Debug\sensorStructs.o
                0x00000d18                getDerivativeWithoutUpdate
 .text.updateMemoryVariable
                0x00000d34       0x70 .\CortexM3\ARM_GCC_541\Debug\sensorStructs.o
                0x00000d34                updateMemoryVariable
 .text.getavg   0x00000da4       0x64 .\CortexM3\ARM_GCC_541\Debug\sensorStructs.o
                0x00000da4                getavg
 .text.getder   0x00000e08      0x16c .\CortexM3\ARM_GCC_541\Debug\sensorStructs.o
                0x00000e08                getder
 .text.CYMEMZERO
                0x00000f74       0x1c .\CortexM3\ARM_GCC_541\Debug\cyfitter_cfg.o
 .text.CYCONFIGCPY
                0x00000f90       0x20 .\CortexM3\ARM_GCC_541\Debug\cyfitter_cfg.o
 .text.CyClockStartupError
                0x00000fb0        0xc .\CortexM3\ARM_GCC_541\Debug\cyfitter_cfg.o
 .text.cfg_write_bytes32
                0x00000fbc       0x74 .\CortexM3\ARM_GCC_541\Debug\cyfitter_cfg.o
 .text.ClockSetup
                0x00001030      0x18c .\CortexM3\ARM_GCC_541\Debug\cyfitter_cfg.o
 .text.AnalogSetDefault
                0x000011bc       0xb0 .\CortexM3\ARM_GCC_541\Debug\cyfitter_cfg.o
 .text.cyfitter_cfg
                0x0000126c      0x1b0 .\CortexM3\ARM_GCC_541\Debug\cyfitter_cfg.o
                0x0000126c                cyfitter_cfg
 .text.IntDefaultHandler
                0x0000141c        0x8 .\CortexM3\ARM_GCC_541\Debug\Cm3Start.o
                0x0000141c                IntDefaultHandler
 .text._sbrk    0x00001424       0x54 .\CortexM3\ARM_GCC_541\Debug\Cm3Start.o
                0x00001424                _sbrk
 .text.Start_c  0x00001478       0x98 .\CortexM3\ARM_GCC_541\Debug\Cm3Start.o
                0x00001478                Start_c
 .text.initialize_psoc
                0x00001510       0x90 .\CortexM3\ARM_GCC_541\Debug\Cm3Start.o
                0x00001510                initialize_psoc
 .text.CyHalt   0x000015a0       0x18 .\CortexM3\ARM_GCC_541\Debug\IWP.a(CyLib.o)
                0x000015a0                CyHalt
 .text.CyDelay  0x000015b8       0x44 .\CortexM3\ARM_GCC_541\Debug\IWP.a(CyLib.o)
                0x000015b8                CyDelay
 .text.CyDelayUs
                0x000015fc       0x28 .\CortexM3\ARM_GCC_541\Debug\IWP.a(CyLib.o)
                0x000015fc                CyDelayUs
 .text.CyIntSetVector
                0x00001624       0x50 .\CortexM3\ARM_GCC_541\Debug\IWP.a(CyLib.o)
                0x00001624                CyIntSetVector
 .text.CyIntSetPriority
                0x00001674       0x48 .\CortexM3\ARM_GCC_541\Debug\IWP.a(CyLib.o)
                0x00001674                CyIntSetPriority
 .text.LCD_Init
                0x000016bc       0x70 .\CortexM3\ARM_GCC_541\Debug\IWP.a(LCD.o)
                0x000016bc                LCD_Init
 .text.LCD_Enable
                0x0000172c       0x18 .\CortexM3\ARM_GCC_541\Debug\IWP.a(LCD.o)
                0x0000172c                LCD_Enable
 .text.LCD_Start
                0x00001744       0x24 .\CortexM3\ARM_GCC_541\Debug\IWP.a(LCD.o)
                0x00001744                LCD_Start
 .text.LCD_Position
                0x00001768       0x70 .\CortexM3\ARM_GCC_541\Debug\IWP.a(LCD.o)
                0x00001768                LCD_Position
 .text.LCD_PrintString
                0x000017d8       0x3c .\CortexM3\ARM_GCC_541\Debug\IWP.a(LCD.o)
                0x000017d8                LCD_PrintString
 .text.LCD_WriteData
                0x00001814       0x34 .\CortexM3\ARM_GCC_541\Debug\IWP.a(LCD.o)
                0x00001814                LCD_WriteData
 .text.LCD_WriteControl
                0x00001848       0x34 .\CortexM3\ARM_GCC_541\Debug\IWP.a(LCD.o)
                0x00001848                LCD_WriteControl
 .text.LCD_IsReady
                0x0000187c      0x178 .\CortexM3\ARM_GCC_541\Debug\IWP.a(LCD.o)
                0x0000187c                LCD_IsReady
 .text.LCD_WrDatNib
                0x000019f4       0x78 .\CortexM3\ARM_GCC_541\Debug\IWP.a(LCD.o)
 .text.LCD_WrCntrlNib
                0x00001a6c       0x64 .\CortexM3\ARM_GCC_541\Debug\IWP.a(LCD.o)
 .text.LCD_PrintU32Number
                0x00001ad0       0xa4 .\CortexM3\ARM_GCC_541\Debug\IWP.a(LCD.o)
                0x00001ad0                LCD_PrintU32Number
 .text.UART_Start
                0x00001b74       0x24 .\CortexM3\ARM_GCC_541\Debug\IWP.a(UART.o)
                0x00001b74                UART_Start
 .text.UART_Init
                0x00001b98       0x40 .\CortexM3\ARM_GCC_541\Debug\IWP.a(UART.o)
                0x00001b98                UART_Init
 .text.UART_Enable
                0x00001bd8       0x60 .\CortexM3\ARM_GCC_541\Debug\IWP.a(UART.o)
                0x00001bd8                UART_Enable
 .text.UART_PutChar
                0x00001c38       0x34 .\CortexM3\ARM_GCC_541\Debug\IWP.a(UART.o)
                0x00001c38                UART_PutChar
 .text.UART_PutString
                0x00001c6c       0x44 .\CortexM3\ARM_GCC_541\Debug\IWP.a(UART.o)
                0x00001c6c                UART_PutString
 .text.Clock_1_Start
                0x00001cb0       0x34 .\CortexM3\ARM_GCC_541\Debug\IWP.a(Clock_1.o)
                0x00001cb0                Clock_1_Start
 .text.isr_1_StartEx
                0x00001ce4       0x24 .\CortexM3\ARM_GCC_541\Debug\IWP.a(isr_1.o)
                0x00001ce4                isr_1_StartEx
 .text.isr_1_SetVector
                0x00001d08       0x24 .\CortexM3\ARM_GCC_541\Debug\IWP.a(isr_1.o)
                0x00001d08                isr_1_SetVector
 .text.isr_1_SetPriority
                0x00001d2c       0x24 .\CortexM3\ARM_GCC_541\Debug\IWP.a(isr_1.o)
                0x00001d2c                isr_1_SetPriority
 .text.isr_1_Enable
                0x00001d50       0x18 .\CortexM3\ARM_GCC_541\Debug\IWP.a(isr_1.o)
                0x00001d50                isr_1_Enable
 .text.isr_1_Disable
                0x00001d68       0x18 .\CortexM3\ARM_GCC_541\Debug\IWP.a(isr_1.o)
                0x00001d68                isr_1_Disable
 .text.QuadDec_Motor_Init
                0x00001d80       0x28 .\CortexM3\ARM_GCC_541\Debug\IWP.a(QuadDec_Motor.o)
                0x00001d80                QuadDec_Motor_Init
 .text.QuadDec_Motor_Enable
                0x00001da8       0x48 .\CortexM3\ARM_GCC_541\Debug\IWP.a(QuadDec_Motor.o)
                0x00001da8                QuadDec_Motor_Enable
 .text.QuadDec_Motor_Start
                0x00001df0       0x38 .\CortexM3\ARM_GCC_541\Debug\IWP.a(QuadDec_Motor.o)
                0x00001df0                QuadDec_Motor_Start
 .text.QuadDec_Motor_GetCounter
                0x00001e28       0x48 .\CortexM3\ARM_GCC_541\Debug\IWP.a(QuadDec_Motor.o)
                0x00001e28                QuadDec_Motor_GetCounter
 .text.QuadDec_Motor_SetCounter
                0x00001e70       0x38 .\CortexM3\ARM_GCC_541\Debug\IWP.a(QuadDec_Motor.o)
                0x00001e70                QuadDec_Motor_SetCounter
 .text.QuadDec_Motor_GetEvents
                0x00001ea8       0x1c .\CortexM3\ARM_GCC_541\Debug\IWP.a(QuadDec_Motor.o)
                0x00001ea8                QuadDec_Motor_GetEvents
 .text.QuadDec_Motor_SetInterruptMask
                0x00001ec4       0x28 .\CortexM3\ARM_GCC_541\Debug\IWP.a(QuadDec_Motor.o)
                0x00001ec4                QuadDec_Motor_SetInterruptMask
 .text.QuadDec_Motor_ISR
                0x00001eec       0x60 .\CortexM3\ARM_GCC_541\Debug\IWP.a(QuadDec_Motor_INT.o)
                0x00001eec                QuadDec_Motor_ISR
 .text.QuadDec_Shoulder_Init
                0x00001f4c       0x28 .\CortexM3\ARM_GCC_541\Debug\IWP.a(QuadDec_Shoulder.o)
                0x00001f4c                QuadDec_Shoulder_Init
 .text.QuadDec_Shoulder_Enable
                0x00001f74       0x48 .\CortexM3\ARM_GCC_541\Debug\IWP.a(QuadDec_Shoulder.o)
                0x00001f74                QuadDec_Shoulder_Enable
 .text.QuadDec_Shoulder_Start
                0x00001fbc       0x38 .\CortexM3\ARM_GCC_541\Debug\IWP.a(QuadDec_Shoulder.o)
                0x00001fbc                QuadDec_Shoulder_Start
 .text.QuadDec_Shoulder_GetCounter
                0x00001ff4       0x48 .\CortexM3\ARM_GCC_541\Debug\IWP.a(QuadDec_Shoulder.o)
                0x00001ff4                QuadDec_Shoulder_GetCounter
 .text.QuadDec_Shoulder_SetCounter
                0x0000203c       0x38 .\CortexM3\ARM_GCC_541\Debug\IWP.a(QuadDec_Shoulder.o)
                0x0000203c                QuadDec_Shoulder_SetCounter
 .text.QuadDec_Shoulder_GetEvents
                0x00002074       0x1c .\CortexM3\ARM_GCC_541\Debug\IWP.a(QuadDec_Shoulder.o)
                0x00002074                QuadDec_Shoulder_GetEvents
 .text.QuadDec_Shoulder_SetInterruptMask
                0x00002090       0x28 .\CortexM3\ARM_GCC_541\Debug\IWP.a(QuadDec_Shoulder.o)
                0x00002090                QuadDec_Shoulder_SetInterruptMask
 .text.QuadDec_Shoulder_ISR
                0x000020b8       0x60 .\CortexM3\ARM_GCC_541\Debug\IWP.a(QuadDec_Shoulder_INT.o)
                0x000020b8                QuadDec_Shoulder_ISR
 .text.Clock_Enc_Motor_Start
                0x00002118       0x34 .\CortexM3\ARM_GCC_541\Debug\IWP.a(Clock_Enc_Motor.o)
                0x00002118                Clock_Enc_Motor_Start
 .text.UART_IntClock_Start
                0x0000214c       0x34 .\CortexM3\ARM_GCC_541\Debug\IWP.a(UART_IntClock.o)
                0x0000214c                UART_IntClock_Start
 .text.QuadDec_Shoulder_Cnt16_Init
                0x00002180       0x80 .\CortexM3\ARM_GCC_541\Debug\IWP.a(QuadDec_Shoulder_Cnt16.o)
                0x00002180                QuadDec_Shoulder_Cnt16_Init
 .text.QuadDec_Shoulder_Cnt16_Enable
                0x00002200       0x20 .\CortexM3\ARM_GCC_541\Debug\IWP.a(QuadDec_Shoulder_Cnt16.o)
                0x00002200                QuadDec_Shoulder_Cnt16_Enable
 .text.QuadDec_Shoulder_Cnt16_Start
                0x00002220       0x24 .\CortexM3\ARM_GCC_541\Debug\IWP.a(QuadDec_Shoulder_Cnt16.o)
                0x00002220                QuadDec_Shoulder_Cnt16_Start
 .text.QuadDec_Shoulder_Cnt16_SetInterruptMode
                0x00002244       0x20 .\CortexM3\ARM_GCC_541\Debug\IWP.a(QuadDec_Shoulder_Cnt16.o)
                0x00002244                QuadDec_Shoulder_Cnt16_SetInterruptMode
 .text.QuadDec_Shoulder_Cnt16_ReadStatusRegister
                0x00002264       0x18 .\CortexM3\ARM_GCC_541\Debug\IWP.a(QuadDec_Shoulder_Cnt16.o)
                0x00002264                QuadDec_Shoulder_Cnt16_ReadStatusRegister
 .text.QuadDec_Shoulder_Cnt16_WriteCounter
                0x0000227c       0x20 .\CortexM3\ARM_GCC_541\Debug\IWP.a(QuadDec_Shoulder_Cnt16.o)
                0x0000227c                QuadDec_Shoulder_Cnt16_WriteCounter
 .text.QuadDec_Shoulder_Cnt16_ReadCounter
                0x0000229c       0x20 .\CortexM3\ARM_GCC_541\Debug\IWP.a(QuadDec_Shoulder_Cnt16.o)
                0x0000229c                QuadDec_Shoulder_Cnt16_ReadCounter
 .text.QuadDec_Shoulder_Cnt16_ReadCapture
                0x000022bc       0x18 .\CortexM3\ARM_GCC_541\Debug\IWP.a(QuadDec_Shoulder_Cnt16.o)
                0x000022bc                QuadDec_Shoulder_Cnt16_ReadCapture
 .text.QuadDec_Shoulder_Cnt16_WritePeriod
                0x000022d4       0x20 .\CortexM3\ARM_GCC_541\Debug\IWP.a(QuadDec_Shoulder_Cnt16.o)
                0x000022d4                QuadDec_Shoulder_Cnt16_WritePeriod
 .text.QuadDec_Shoulder_Cnt16_WriteCompare
                0x000022f4       0x20 .\CortexM3\ARM_GCC_541\Debug\IWP.a(QuadDec_Shoulder_Cnt16.o)
                0x000022f4                QuadDec_Shoulder_Cnt16_WriteCompare
 .text.QuadDec_Shoulder_Cnt16_ClearFIFO
                0x00002314       0x1c .\CortexM3\ARM_GCC_541\Debug\IWP.a(QuadDec_Shoulder_Cnt16.o)
                0x00002314                QuadDec_Shoulder_Cnt16_ClearFIFO
 .text.ADC1_Start
                0x00002330       0x24 .\CortexM3\ARM_GCC_541\Debug\IWP.a(ADC1.o)
                0x00002330                ADC1_Start
 .text.ADC1_Init
                0x00002354       0x48 .\CortexM3\ARM_GCC_541\Debug\IWP.a(ADC1.o)
                0x00002354                ADC1_Init
 .text.ADC1_Enable
                0x0000239c       0xf4 .\CortexM3\ARM_GCC_541\Debug\IWP.a(ADC1.o)
                0x0000239c                ADC1_Enable
 .text.ADC1_SetResolution
                0x00002490       0x54 .\CortexM3\ARM_GCC_541\Debug\IWP.a(ADC1.o)
                0x00002490                ADC1_SetResolution
 .text.ADC1_StartConvert
                0x000024e4       0x20 .\CortexM3\ARM_GCC_541\Debug\IWP.a(ADC1.o)
                0x000024e4                ADC1_StartConvert
 .text.ADC1_GetResult16
                0x00002504       0x30 .\CortexM3\ARM_GCC_541\Debug\IWP.a(ADC1.o)
                0x00002504                ADC1_GetResult16
 .text.ADC1_SetOffset
                0x00002534       0x20 .\CortexM3\ARM_GCC_541\Debug\IWP.a(ADC1.o)
                0x00002534                ADC1_SetOffset
 .text.ADC1_CalcGain
                0x00002554       0x80 .\CortexM3\ARM_GCC_541\Debug\IWP.a(ADC1.o)
 .text.ADC1_CountsTo_Volts
                0x000025d4       0x94 .\CortexM3\ARM_GCC_541\Debug\IWP.a(ADC1.o)
                0x000025d4                ADC1_CountsTo_Volts
 .text.ADC1_ISR
                0x00002668        0xc .\CortexM3\ARM_GCC_541\Debug\IWP.a(ADC1_INT.o)
                0x00002668                ADC1_ISR
 .text.ADC1_theACLK_SetModeRegister
                0x00002674       0x34 .\CortexM3\ARM_GCC_541\Debug\IWP.a(ADC1_theACLK.o)
                0x00002674                ADC1_theACLK_SetModeRegister
 .text.QuadDec_Motor_Cnt16_Init
                0x000026a8       0x80 .\CortexM3\ARM_GCC_541\Debug\IWP.a(QuadDec_Motor_Cnt16.o)
                0x000026a8                QuadDec_Motor_Cnt16_Init
 .text.QuadDec_Motor_Cnt16_Enable
                0x00002728       0x20 .\CortexM3\ARM_GCC_541\Debug\IWP.a(QuadDec_Motor_Cnt16.o)
                0x00002728                QuadDec_Motor_Cnt16_Enable
 .text.QuadDec_Motor_Cnt16_Start
                0x00002748       0x24 .\CortexM3\ARM_GCC_541\Debug\IWP.a(QuadDec_Motor_Cnt16.o)
                0x00002748                QuadDec_Motor_Cnt16_Start
 .text.QuadDec_Motor_Cnt16_SetInterruptMode
                0x0000276c       0x20 .\CortexM3\ARM_GCC_541\Debug\IWP.a(QuadDec_Motor_Cnt16.o)
                0x0000276c                QuadDec_Motor_Cnt16_SetInterruptMode
 .text.QuadDec_Motor_Cnt16_ReadStatusRegister
                0x0000278c       0x18 .\CortexM3\ARM_GCC_541\Debug\IWP.a(QuadDec_Motor_Cnt16.o)
                0x0000278c                QuadDec_Motor_Cnt16_ReadStatusRegister
 .text.QuadDec_Motor_Cnt16_WriteCounter
                0x000027a4       0x20 .\CortexM3\ARM_GCC_541\Debug\IWP.a(QuadDec_Motor_Cnt16.o)
                0x000027a4                QuadDec_Motor_Cnt16_WriteCounter
 .text.QuadDec_Motor_Cnt16_ReadCounter
                0x000027c4       0x20 .\CortexM3\ARM_GCC_541\Debug\IWP.a(QuadDec_Motor_Cnt16.o)
                0x000027c4                QuadDec_Motor_Cnt16_ReadCounter
 .text.QuadDec_Motor_Cnt16_ReadCapture
                0x000027e4       0x18 .\CortexM3\ARM_GCC_541\Debug\IWP.a(QuadDec_Motor_Cnt16.o)
                0x000027e4                QuadDec_Motor_Cnt16_ReadCapture
 .text.QuadDec_Motor_Cnt16_WritePeriod
                0x000027fc       0x20 .\CortexM3\ARM_GCC_541\Debug\IWP.a(QuadDec_Motor_Cnt16.o)
                0x000027fc                QuadDec_Motor_Cnt16_WritePeriod
 .text.QuadDec_Motor_Cnt16_WriteCompare
                0x0000281c       0x20 .\CortexM3\ARM_GCC_541\Debug\IWP.a(QuadDec_Motor_Cnt16.o)
                0x0000281c                QuadDec_Motor_Cnt16_WriteCompare
 .text.QuadDec_Motor_Cnt16_ClearFIFO
                0x0000283c       0x1c .\CortexM3\ARM_GCC_541\Debug\IWP.a(QuadDec_Motor_Cnt16.o)
                0x0000283c                QuadDec_Motor_Cnt16_ClearFIFO
 .text.Clock_Enc_Shoulder_Start
                0x00002858       0x34 .\CortexM3\ARM_GCC_541\Debug\IWP.a(Clock_Enc_Shoulder.o)
                0x00002858                Clock_Enc_Shoulder_Start
 .text.Clock_2_Start
                0x0000288c       0x34 .\CortexM3\ARM_GCC_541\Debug\IWP.a(Clock_2.o)
                0x0000288c                Clock_2_Start
 .text.Counter_1_Init
                0x000028c0       0x84 .\CortexM3\ARM_GCC_541\Debug\IWP.a(Counter_1.o)
                0x000028c0                Counter_1_Init
 .text.Counter_1_Enable
                0x00002944       0x20 .\CortexM3\ARM_GCC_541\Debug\IWP.a(Counter_1.o)
                0x00002944                Counter_1_Enable
 .text.Counter_1_Start
                0x00002964       0x24 .\CortexM3\ARM_GCC_541\Debug\IWP.a(Counter_1.o)
                0x00002964                Counter_1_Start
 .text.Counter_1_SetInterruptMode
                0x00002988       0x20 .\CortexM3\ARM_GCC_541\Debug\IWP.a(Counter_1.o)
                0x00002988                Counter_1_SetInterruptMode
 .text.Counter_1_ReadStatusRegister
                0x000029a8       0x18 .\CortexM3\ARM_GCC_541\Debug\IWP.a(Counter_1.o)
                0x000029a8                Counter_1_ReadStatusRegister
 .text.Counter_1_WriteCounter
                0x000029c0       0x1c .\CortexM3\ARM_GCC_541\Debug\IWP.a(Counter_1.o)
                0x000029c0                Counter_1_WriteCounter
 .text.Counter_1_ReadCounter
                0x000029dc       0x1c .\CortexM3\ARM_GCC_541\Debug\IWP.a(Counter_1.o)
                0x000029dc                Counter_1_ReadCounter
 .text.Counter_1_ReadCapture
                0x000029f8       0x14 .\CortexM3\ARM_GCC_541\Debug\IWP.a(Counter_1.o)
                0x000029f8                Counter_1_ReadCapture
 .text.Counter_1_WritePeriod
                0x00002a0c       0x1c .\CortexM3\ARM_GCC_541\Debug\IWP.a(Counter_1.o)
                0x00002a0c                Counter_1_WritePeriod
 .text.Counter_1_WriteCompare
                0x00002a28       0x1c .\CortexM3\ARM_GCC_541\Debug\IWP.a(Counter_1.o)
                0x00002a28                Counter_1_WriteCompare
 .text.Counter_1_ClearFIFO
                0x00002a44       0x1c .\CortexM3\ARM_GCC_541\Debug\IWP.a(Counter_1.o)
                0x00002a44                Counter_1_ClearFIFO
 .text.isr_2_StartEx
                0x00002a60       0x24 .\CortexM3\ARM_GCC_541\Debug\IWP.a(isr_2.o)
                0x00002a60                isr_2_StartEx
 .text.isr_2_SetVector
                0x00002a84       0x24 .\CortexM3\ARM_GCC_541\Debug\IWP.a(isr_2.o)
                0x00002a84                isr_2_SetVector
 .text.isr_2_SetPriority
                0x00002aa8       0x24 .\CortexM3\ARM_GCC_541\Debug\IWP.a(isr_2.o)
                0x00002aa8                isr_2_SetPriority
 .text.isr_2_Enable
                0x00002acc       0x18 .\CortexM3\ARM_GCC_541\Debug\IWP.a(isr_2.o)
                0x00002acc                isr_2_Enable
 .text.isr_2_Disable
                0x00002ae4       0x18 .\CortexM3\ARM_GCC_541\Debug\IWP.a(isr_2.o)
                0x00002ae4                isr_2_Disable
 .text.Clock_3_Start
                0x00002afc       0x34 .\CortexM3\ARM_GCC_541\Debug\IWP.a(Clock_3.o)
                0x00002afc                Clock_3_Start
 .text          0x00002b30       0x20 .\CortexM3\ARM_GCC_541\Debug\IWP.a(CyBootAsmGnu.o)
                0x00002b30                CyDelayCycles
                0x00002b40                CyEnterCriticalSection
                0x00002b48                CyExitCriticalSection
 .text.cos      0x00002b50       0x90 c:/program files (x86)/cypress/psoc creator/4.2/psoc creator/import/gnu/arm/5.4.1/bin/../lib/gcc/arm-none-eabi/5.4.1/../../../../arm-none-eabi/lib/armv7-m\libm.a(lib_a-s_cos.o)
                0x00002b50                cos
 .text.floor    0x00002be0      0x110 c:/program files (x86)/cypress/psoc creator/4.2/psoc creator/import/gnu/arm/5.4.1/bin/../lib/gcc/arm-none-eabi/5.4.1/../../../../arm-none-eabi/lib/armv7-m\libm.a(lib_a-s_floor.o)
                0x00002be0                floor
 .text.round    0x00002cf0       0xa0 c:/program files (x86)/cypress/psoc creator/4.2/psoc creator/import/gnu/arm/5.4.1/bin/../lib/gcc/arm-none-eabi/5.4.1/../../../../arm-none-eabi/lib/armv7-m\libm.a(lib_a-s_round.o)
                0x00002cf0                round
 .text.fmod     0x00002d90       0xc4 c:/program files (x86)/cypress/psoc creator/4.2/psoc creator/import/gnu/arm/5.4.1/bin/../lib/gcc/arm-none-eabi/5.4.1/../../../../arm-none-eabi/lib/armv7-m\libm.a(lib_a-w_fmod.o)
                0x00002d90                fmod
 .text.pow      0x00002e54      0x330 c:/program files (x86)/cypress/psoc creator/4.2/psoc creator/import/gnu/arm/5.4.1/bin/../lib/gcc/arm-none-eabi/5.4.1/../../../../arm-none-eabi/lib/armv7-m\libm.a(lib_a-w_pow.o)
                0x00002e54                pow
 .text.__ieee754_fmod
                0x00003184      0x23c c:/program files (x86)/cypress/psoc creator/4.2/psoc creator/import/gnu/arm/5.4.1/bin/../lib/gcc/arm-none-eabi/5.4.1/../../../../arm-none-eabi/lib/armv7-m\libm.a(lib_a-e_fmod.o)
                0x00003184                __ieee754_fmod
 .text.__ieee754_pow
                0x000033c0      0xac4 c:/program files (x86)/cypress/psoc creator/4.2/psoc creator/import/gnu/arm/5.4.1/bin/../lib/gcc/arm-none-eabi/5.4.1/../../../../arm-none-eabi/lib/armv7-m\libm.a(lib_a-e_pow.o)
                0x000033c0                __ieee754_pow
 *fill*         0x00003e84        0x4 
 .text.__ieee754_rem_pio2
                0x00003e88      0x42c c:/program files (x86)/cypress/psoc creator/4.2/psoc creator/import/gnu/arm/5.4.1/bin/../lib/gcc/arm-none-eabi/5.4.1/../../../../arm-none-eabi/lib/armv7-m\libm.a(lib_a-e_rem_pio2.o)
                0x00003e88                __ieee754_rem_pio2
 .text.__ieee754_sqrt
                0x000042b4      0x188 c:/program files (x86)/cypress/psoc creator/4.2/psoc creator/import/gnu/arm/5.4.1/bin/../lib/gcc/arm-none-eabi/5.4.1/../../../../arm-none-eabi/lib/armv7-m\libm.a(lib_a-e_sqrt.o)
                0x000042b4                __ieee754_sqrt
 *fill*         0x0000443c        0x4 
 .text.__kernel_cos
                0x00004440      0x248 c:/program files (x86)/cypress/psoc creator/4.2/psoc creator/import/gnu/arm/5.4.1/bin/../lib/gcc/arm-none-eabi/5.4.1/../../../../arm-none-eabi/lib/armv7-m\libm.a(lib_a-k_cos.o)
                0x00004440                __kernel_cos
 .text.__kernel_rem_pio2
                0x00004688      0x7f0 c:/program files (x86)/cypress/psoc creator/4.2/psoc creator/import/gnu/arm/5.4.1/bin/../lib/gcc/arm-none-eabi/5.4.1/../../../../arm-none-eabi/lib/armv7-m\libm.a(lib_a-k_rem_pio2.o)
                0x00004688                __kernel_rem_pio2
 .text.__kernel_sin
                0x00004e78      0x16c c:/program files (x86)/cypress/psoc creator/4.2/psoc creator/import/gnu/arm/5.4.1/bin/../lib/gcc/arm-none-eabi/5.4.1/../../../../arm-none-eabi/lib/armv7-m\libm.a(lib_a-k_sin.o)
                0x00004e78                __kernel_sin
 .text.fabs     0x00004fe4        0x8 c:/program files (x86)/cypress/psoc creator/4.2/psoc creator/import/gnu/arm/5.4.1/bin/../lib/gcc/arm-none-eabi/5.4.1/../../../../arm-none-eabi/lib/armv7-m\libm.a(lib_a-s_fabs.o)
                0x00004fe4                fabs
 .text.finite   0x00004fec        0xc c:/program files (x86)/cypress/psoc creator/4.2/psoc creator/import/gnu/arm/5.4.1/bin/../lib/gcc/arm-none-eabi/5.4.1/../../../../arm-none-eabi/lib/armv7-m\libm.a(lib_a-s_finite.o)
                0x00004fec                finite
 .text.matherr  0x00004ff8        0x4 c:/program files (x86)/cypress/psoc creator/4.2/psoc creator/import/gnu/arm/5.4.1/bin/../lib/gcc/arm-none-eabi/5.4.1/../../../../arm-none-eabi/lib/armv7-m\libm.a(lib_a-s_matherr.o)
                0x00004ff8                matherr
 .text.nan      0x00004ffc        0xc c:/program files (x86)/cypress/psoc creator/4.2/psoc creator/import/gnu/arm/5.4.1/bin/../lib/gcc/arm-none-eabi/5.4.1/../../../../arm-none-eabi/lib/armv7-m\libm.a(lib_a-s_nan.o)
                0x00004ffc                nan
 .text.rint     0x00005008      0x120 c:/program files (x86)/cypress/psoc creator/4.2/psoc creator/import/gnu/arm/5.4.1/bin/../lib/gcc/arm-none-eabi/5.4.1/../../../../arm-none-eabi/lib/armv7-m\libm.a(lib_a-s_rint.o)
                0x00005008                rint
 .text.scalbn   0x00005128       0xe4 c:/program files (x86)/cypress/psoc creator/4.2/psoc creator/import/gnu/arm/5.4.1/bin/../lib/gcc/arm-none-eabi/5.4.1/../../../../arm-none-eabi/lib/armv7-m\libm.a(lib_a-s_scalbn.o)
                0x00005128                scalbn
 .text.copysign
                0x0000520c       0x10 c:/program files (x86)/cypress/psoc creator/4.2/psoc creator/import/gnu/arm/5.4.1/bin/../lib/gcc/arm-none-eabi/5.4.1/../../../../arm-none-eabi/lib/armv7-m\libm.a(lib_a-s_copysign.o)
                0x0000520c                copysign
 .text          0x0000521c      0x370 c:/program files (x86)/cypress/psoc creator/4.2/psoc creator/import/gnu/arm/5.4.1/bin/../lib/gcc/arm-none-eabi/5.4.1/armv7-m\libgcc.a(_arm_addsubdf3.o)
                0x0000521c                __aeabi_drsub
                0x00005224                __aeabi_dsub
                0x00005224                __subdf3
                0x00005228                __aeabi_dadd
                0x00005228                __adddf3
                0x000054a0                __floatunsidf
                0x000054a0                __aeabi_ui2d
                0x000054c0                __floatsidf
                0x000054c0                __aeabi_i2d
                0x000054e4                __aeabi_f2d
                0x000054e4                __extendsfdf2
                0x00005520                __floatundidf
                0x00005520                __aeabi_ul2d
                0x00005530                __floatdidf
                0x00005530                __aeabi_l2d
 .text          0x0000558c      0x424 c:/program files (x86)/cypress/psoc creator/4.2/psoc creator/import/gnu/arm/5.4.1/bin/../lib/gcc/arm-none-eabi/5.4.1/armv7-m\libgcc.a(_arm_muldivdf3.o)
                0x0000558c                __aeabi_dmul
                0x0000558c                __muldf3
                0x000057e0                __divdf3
                0x000057e0                __aeabi_ddiv
 .text          0x000059b0      0x110 c:/program files (x86)/cypress/psoc creator/4.2/psoc creator/import/gnu/arm/5.4.1/bin/../lib/gcc/arm-none-eabi/5.4.1/armv7-m\libgcc.a(_arm_cmpdf2.o)
                0x000059b0                __gtdf2
                0x000059b0                __gedf2
                0x000059b8                __ltdf2
                0x000059b8                __ledf2
                0x000059c0                __nedf2
                0x000059c0                __eqdf2
                0x000059c0                __cmpdf2
                0x00005a3c                __aeabi_cdrcmple
                0x00005a4c                __aeabi_cdcmpeq
                0x00005a4c                __aeabi_cdcmple
                0x00005a5c                __aeabi_dcmpeq
                0x00005a70                __aeabi_dcmplt
                0x00005a84                __aeabi_dcmple
                0x00005a98                __aeabi_dcmpge
                0x00005aac                __aeabi_dcmpgt
 .text          0x00005ac0       0x2c c:/program files (x86)/cypress/psoc creator/4.2/psoc creator/import/gnu/arm/5.4.1/bin/../lib/gcc/arm-none-eabi/5.4.1/armv7-m\libgcc.a(_arm_unorddf2.o)
                0x00005ac0                __unorddf2
                0x00005ac0                __aeabi_dcmpun
 .text          0x00005aec       0x50 c:/program files (x86)/cypress/psoc creator/4.2/psoc creator/import/gnu/arm/5.4.1/bin/../lib/gcc/arm-none-eabi/5.4.1/armv7-m\libgcc.a(_arm_fixdfsi.o)
                0x00005aec                __aeabi_d2iz
                0x00005aec                __fixdfsi
 .text.__errno  0x00005b3c        0xc c:/program files (x86)/cypress/psoc creator/4.2/psoc creator/import/gnu/arm/5.4.1/bin/../lib/gcc/arm-none-eabi/5.4.1/../../../../arm-none-eabi/lib/armv7-m\libg_nano.a(lib_a-errno.o)
                0x00005b3c                __errno
 .text.__libc_init_array
                0x00005b48       0x4c c:/program files (x86)/cypress/psoc creator/4.2/psoc creator/import/gnu/arm/5.4.1/bin/../lib/gcc/arm-none-eabi/5.4.1/../../../../arm-none-eabi/lib/armv7-m\libg_nano.a(lib_a-init.o)
                0x00005b48                __libc_init_array
 .text.memcpy   0x00005b94       0x16 c:/program files (x86)/cypress/psoc creator/4.2/psoc creator/import/gnu/arm/5.4.1/bin/../lib/gcc/arm-none-eabi/5.4.1/../../../../arm-none-eabi/lib/armv7-m\libg_nano.a(lib_a-memcpy-stub.o)
                0x00005b94                memcpy
 .text.memset   0x00005baa       0x10 c:/program files (x86)/cypress/psoc creator/4.2/psoc creator/import/gnu/arm/5.4.1/bin/../lib/gcc/arm-none-eabi/5.4.1/../../../../arm-none-eabi/lib/armv7-m\libg_nano.a(lib_a-memset.o)
                0x00005baa                memset
 *fill*         0x00005bba        0x2 
 .text.sprintf  0x00005bbc       0x48 c:/program files (x86)/cypress/psoc creator/4.2/psoc creator/import/gnu/arm/5.4.1/bin/../lib/gcc/arm-none-eabi/5.4.1/../../../../arm-none-eabi/lib/armv7-m\libg_nano.a(lib_a-sprintf.o)
                0x00005bbc                siprintf
                0x00005bbc                sprintf
 .text._free_r  0x00005c04       0x98 c:/program files (x86)/cypress/psoc creator/4.2/psoc creator/import/gnu/arm/5.4.1/bin/../lib/gcc/arm-none-eabi/5.4.1/../../../../arm-none-eabi/lib/armv7-m\libg_nano.a(lib_a-nano-freer.o)
                0x00005c04                _free_r
 .text._malloc_r
                0x00005c9c       0xbc c:/program files (x86)/cypress/psoc creator/4.2/psoc creator/import/gnu/arm/5.4.1/bin/../lib/gcc/arm-none-eabi/5.4.1/../../../../arm-none-eabi/lib/armv7-m\libg_nano.a(lib_a-nano-mallocr.o)
                0x00005c9c                _malloc_r
 .text.__ssputs_r
                0x00005d58       0xb2 c:/program files (x86)/cypress/psoc creator/4.2/psoc creator/import/gnu/arm/5.4.1/bin/../lib/gcc/arm-none-eabi/5.4.1/../../../../arm-none-eabi/lib/armv7-m\libg_nano.a(lib_a-nano-svfprintf.o)
                0x00005d58                __ssputs_r
 *fill*         0x00005e0a        0x2 
 .text._svfprintf_r
                0x00005e0c      0x1e8 c:/program files (x86)/cypress/psoc creator/4.2/psoc creator/import/gnu/arm/5.4.1/bin/../lib/gcc/arm-none-eabi/5.4.1/../../../../arm-none-eabi/lib/armv7-m\libg_nano.a(lib_a-nano-svfprintf.o)
                0x00005e0c                _svfiprintf_r
                0x00005e0c                _svfprintf_r
 .text._printf_common
                0x00005ff4       0xec c:/program files (x86)/cypress/psoc creator/4.2/psoc creator/import/gnu/arm/5.4.1/bin/../lib/gcc/arm-none-eabi/5.4.1/../../../../arm-none-eabi/lib/armv7-m\libg_nano.a(lib_a-nano-vfprintf_i.o)
                0x00005ff4                _printf_common
 .text._printf_i
                0x000060e0      0x24c c:/program files (x86)/cypress/psoc creator/4.2/psoc creator/import/gnu/arm/5.4.1/bin/../lib/gcc/arm-none-eabi/5.4.1/../../../../arm-none-eabi/lib/armv7-m\libg_nano.a(lib_a-nano-vfprintf_i.o)
                0x000060e0                _printf_i
 .text._sbrk_r  0x0000632c       0x20 c:/program files (x86)/cypress/psoc creator/4.2/psoc creator/import/gnu/arm/5.4.1/bin/../lib/gcc/arm-none-eabi/5.4.1/../../../../arm-none-eabi/lib/armv7-m\libg_nano.a(lib_a-sbrkr.o)
                0x0000632c                _sbrk_r
 .text.memchr   0x0000634c       0x1c c:/program files (x86)/cypress/psoc creator/4.2/psoc creator/import/gnu/arm/5.4.1/bin/../lib/gcc/arm-none-eabi/5.4.1/../../../../arm-none-eabi/lib/armv7-m\libg_nano.a(lib_a-memchr-stub.o)
                0x0000634c                memchr
 .text.memmove  0x00006368       0x36 c:/program files (x86)/cypress/psoc creator/4.2/psoc creator/import/gnu/arm/5.4.1/bin/../lib/gcc/arm-none-eabi/5.4.1/../../../../arm-none-eabi/lib/armv7-m\libg_nano.a(lib_a-memmove.o)
                0x00006368                memmove
 .text.__malloc_lock
                0x0000639e        0x2 c:/program files (x86)/cypress/psoc creator/4.2/psoc creator/import/gnu/arm/5.4.1/bin/../lib/gcc/arm-none-eabi/5.4.1/../../../../arm-none-eabi/lib/armv7-m\libg_nano.a(lib_a-mlock.o)
                0x0000639e                __malloc_lock
 .text.__malloc_unlock
                0x000063a0        0x2 c:/program files (x86)/cypress/psoc creator/4.2/psoc creator/import/gnu/arm/5.4.1/bin/../lib/gcc/arm-none-eabi/5.4.1/../../../../arm-none-eabi/lib/armv7-m\libg_nano.a(lib_a-mlock.o)
                0x000063a0                __malloc_unlock
 .text._realloc_r
                0x000063a2       0x4c c:/program files (x86)/cypress/psoc creator/4.2/psoc creator/import/gnu/arm/5.4.1/bin/../lib/gcc/arm-none-eabi/5.4.1/../../../../arm-none-eabi/lib/armv7-m\libg_nano.a(lib_a-nano-reallocr.o)
                0x000063a2                _realloc_r
 .text._malloc_usable_size_r
                0x000063ee       0x14 c:/program files (x86)/cypress/psoc creator/4.2/psoc creator/import/gnu/arm/5.4.1/bin/../lib/gcc/arm-none-eabi/5.4.1/../../../../arm-none-eabi/lib/armv7-m\libg_nano.a(lib_a-nano-msizer.o)
                0x000063ee                _malloc_usable_size_r
 *(.plt)
 *(.gnu.warning)
 *(.glue_7t)
 .glue_7t       0x00006402        0x0 linker stubs
 *(.glue_7)
 .glue_7        0x00006402        0x0 linker stubs
 *(.vfp11_veneer)
 .vfp11_veneer  0x00006402        0x0 linker stubs
 *(.bootloader)
 *(.ARM.extab* .gnu.linkonce.armextab.*)
 *(.gcc_except_table)

.v4_bx          0x00006404        0x0
 .v4_bx         0x00006404        0x0 linker stubs

.iplt           0x00006404        0x0
 .iplt          0x00006404        0x0 c:/program files (x86)/cypress/psoc creator/4.2/psoc creator/import/gnu/arm/5.4.1/bin/../lib/gcc/arm-none-eabi/5.4.1/armv7-m/crtbegin.o

.eh_frame_hdr
 *(.eh_frame_hdr)

.eh_frame       0x00006404        0x4
 *(.eh_frame)
 .eh_frame      0x00006404        0x0 c:/program files (x86)/cypress/psoc creator/4.2/psoc creator/import/gnu/arm/5.4.1/bin/../lib/gcc/arm-none-eabi/5.4.1/armv7-m/crtbegin.o
 .eh_frame      0x00006404        0x4 c:/program files (x86)/cypress/psoc creator/4.2/psoc creator/import/gnu/arm/5.4.1/bin/../lib/gcc/arm-none-eabi/5.4.1/armv7-m/crtend.o
                [!provide]                PROVIDE (__exidx_start, .)

.ARM.exidx
 *(.ARM.exidx* .gnu.linkonce.armexidx.*)
                0x00006408                __exidx_end = .

.rodata         0x00006408      0x318
 *(.rodata .rodata.* .gnu.linkonce.r.*)
 .rodata        0x00006408       0x50 .\CortexM3\ARM_GCC_541\Debug\main.o
 .rodata        0x00006458        0x5 .\CortexM3\ARM_GCC_541\Debug\uartUtil.o
 *fill*         0x0000645d        0x3 
 .rodata        0x00006460        0x6 .\CortexM3\ARM_GCC_541\Debug\mathUtility.o
 *fill*         0x00006466        0x2 
 .rodata        0x00006468       0x42 .\CortexM3\ARM_GCC_541\Debug\cyfitter_cfg.o
 *fill*         0x000064aa        0x2 
 .rodata.str1.4
                0x000064ac        0x5 c:/program files (x86)/cypress/psoc creator/4.2/psoc creator/import/gnu/arm/5.4.1/bin/../lib/gcc/arm-none-eabi/5.4.1/../../../../arm-none-eabi/lib/armv7-m\libm.a(lib_a-w_fmod.o)
 *fill*         0x000064b1        0x3 
 .rodata.str1.4
                0x000064b4        0x4 c:/program files (x86)/cypress/psoc creator/4.2/psoc creator/import/gnu/arm/5.4.1/bin/../lib/gcc/arm-none-eabi/5.4.1/../../../../arm-none-eabi/lib/armv7-m\libm.a(lib_a-w_pow.o)
 .rodata.Zero   0x000064b8       0x10 c:/program files (x86)/cypress/psoc creator/4.2/psoc creator/import/gnu/arm/5.4.1/bin/../lib/gcc/arm-none-eabi/5.4.1/../../../../arm-none-eabi/lib/armv7-m\libm.a(lib_a-e_fmod.o)
 .rodata.str1.4
                0x000064c8        0x4 c:/program files (x86)/cypress/psoc creator/4.2/psoc creator/import/gnu/arm/5.4.1/bin/../lib/gcc/arm-none-eabi/5.4.1/../../../../arm-none-eabi/lib/armv7-m\libm.a(lib_a-e_pow.o)
                                  0x1 (size before relaxing)
 .rodata.npio2_hw
                0x000064c8       0x80 c:/program files (x86)/cypress/psoc creator/4.2/psoc creator/import/gnu/arm/5.4.1/bin/../lib/gcc/arm-none-eabi/5.4.1/../../../../arm-none-eabi/lib/armv7-m\libm.a(lib_a-e_rem_pio2.o)
 .rodata.two_over_pi
                0x00006548      0x108 c:/program files (x86)/cypress/psoc creator/4.2/psoc creator/import/gnu/arm/5.4.1/bin/../lib/gcc/arm-none-eabi/5.4.1/../../../../arm-none-eabi/lib/armv7-m\libm.a(lib_a-e_rem_pio2.o)
 .rodata.init_jk
                0x00006650       0x10 c:/program files (x86)/cypress/psoc creator/4.2/psoc creator/import/gnu/arm/5.4.1/bin/../lib/gcc/arm-none-eabi/5.4.1/../../../../arm-none-eabi/lib/armv7-m\libm.a(lib_a-k_rem_pio2.o)
 .rodata.PIo2   0x00006660       0x40 c:/program files (x86)/cypress/psoc creator/4.2/psoc creator/import/gnu/arm/5.4.1/bin/../lib/gcc/arm-none-eabi/5.4.1/../../../../arm-none-eabi/lib/armv7-m\libm.a(lib_a-k_rem_pio2.o)
 .rodata.TWO52  0x000066a0       0x10 c:/program files (x86)/cypress/psoc creator/4.2/psoc creator/import/gnu/arm/5.4.1/bin/../lib/gcc/arm-none-eabi/5.4.1/../../../../arm-none-eabi/lib/armv7-m\libm.a(lib_a-s_rint.o)
 .rodata.str1.1
                0x000066b0        0x2 c:/program files (x86)/cypress/psoc creator/4.2/psoc creator/import/gnu/arm/5.4.1/bin/../lib/gcc/arm-none-eabi/5.4.1/../../../../arm-none-eabi/lib/armv7-m\libg_nano.a(lib_a-impure.o)
 .rodata.str1.1
                0x000066b2       0x11 c:/program files (x86)/cypress/psoc creator/4.2/psoc creator/import/gnu/arm/5.4.1/bin/../lib/gcc/arm-none-eabi/5.4.1/../../../../arm-none-eabi/lib/armv7-m\libg_nano.a(lib_a-nano-svfprintf.o)
 .rodata.str1.1
                0x000066c3       0x22 c:/program files (x86)/cypress/psoc creator/4.2/psoc creator/import/gnu/arm/5.4.1/bin/../lib/gcc/arm-none-eabi/5.4.1/../../../../arm-none-eabi/lib/armv7-m\libg_nano.a(lib_a-nano-vfprintf_i.o)
                0x000066e8                . = ALIGN (0x4)
 *fill*         0x000066e5        0x3 
 *(.init)
 .init          0x000066e8        0x4 c:/program files (x86)/cypress/psoc creator/4.2/psoc creator/import/gnu/arm/5.4.1/bin/../lib/gcc/arm-none-eabi/5.4.1/armv7-m/crti.o
                0x000066e8                _init
 .init          0x000066ec        0x8 c:/program files (x86)/cypress/psoc creator/4.2/psoc creator/import/gnu/arm/5.4.1/bin/../lib/gcc/arm-none-eabi/5.4.1/armv7-m/crtn.o
                0x000066f4                . = ALIGN (0x4)
                0x000066f4                __preinit_array_start = .
 *(.preinit_array)
                0x000066f4                __preinit_array_end = .
                0x000066f4                . = ALIGN (0x4)
                0x000066f4                __init_array_start = .
 *(SORT(.init_array.*))
 *(.init_array)
 .init_array    0x000066f4        0x4 c:/program files (x86)/cypress/psoc creator/4.2/psoc creator/import/gnu/arm/5.4.1/bin/../lib/gcc/arm-none-eabi/5.4.1/armv7-m/crtbegin.o
 .init_array    0x000066f8        0x4 .\CortexM3\ARM_GCC_541\Debug\Cm3Start.o
                0x000066fc                __init_array_end = .
                0x000066fc                . = ALIGN (0x4)
 *(.fini)
 .fini          0x000066fc        0x4 c:/program files (x86)/cypress/psoc creator/4.2/psoc creator/import/gnu/arm/5.4.1/bin/../lib/gcc/arm-none-eabi/5.4.1/armv7-m/crti.o
                0x000066fc                _fini
 .fini          0x00006700        0x8 c:/program files (x86)/cypress/psoc creator/4.2/psoc creator/import/gnu/arm/5.4.1/bin/../lib/gcc/arm-none-eabi/5.4.1/armv7-m/crtn.o
                0x00006708                . = ALIGN (0x4)
                0x00006708                __fini_array_start = .
 *(.fini_array)
 .fini_array    0x00006708        0x4 c:/program files (x86)/cypress/psoc creator/4.2/psoc creator/import/gnu/arm/5.4.1/bin/../lib/gcc/arm-none-eabi/5.4.1/armv7-m/crtbegin.o
 *(SORT(.fini_array.*))
                0x0000670c                __fini_array_end = .
                0x0000670c                . = ALIGN (0x4)
 *crtbegin.o(.ctors)
 *(EXCLUDE_FILE(*crtend.o) .ctors)
 *(SORT(.ctors.*))
 *crtend.o(.ctors)
                0x0000670c                . = ALIGN (0x4)
 *crtbegin.o(.dtors)
 *(EXCLUDE_FILE(*crtend.o) .dtors)
 *(SORT(.dtors.*))
 *crtend.o(.dtors)
                0x0000670c                . = ALIGN (0x4)
                0x0000670c                __cy_regions = .
                0x0000670c        0x4 LONG 0x6720 __cy_region_init_ram
                0x00006710        0x4 LONG 0x1fff80c8 __cy_region_start_data
                0x00006714        0x4 LONG 0x80 __cy_region_init_size_ram
                0x00006718        0x4 LONG 0x210 __cy_region_zero_size_ram
                0x0000671c                __cy_regions_end = .
                0x00006720                . = ALIGN (0x8)
 *fill*         0x0000671c        0x4 
                0x00006720                _etext = .

.cy_checksum_exclude
                0x00006720        0x0
 *(.cy_checksum_exclude)

.ramvectors     0x1fff8000       0xc0
                0x1fff8000                __cy_region_start_ram = .
 *(.ramvectors)
 .ramvectors    0x1fff8000       0xc0 .\CortexM3\ARM_GCC_541\Debug\Cm3Start.o
                0x1fff8000                CyRamVectors

.noinit         0x1fff80c0        0x5
 *(.noinit)
 .noinit        0x1fff80c0        0x4 .\CortexM3\ARM_GCC_541\Debug\Cm3Start.o
 .noinit        0x1fff80c4        0x1 .\CortexM3\ARM_GCC_541\Debug\IWP.a(CyLib.o)
                0x1fff80c4                CyResetStatus

.data           0x1fff80c8       0x80 load address 0x00006720
                0x1fff80c8                __cy_region_start_data = .
 *(.jcr)
 .jcr           0x1fff80c8        0x0 c:/program files (x86)/cypress/psoc creator/4.2/psoc creator/import/gnu/arm/5.4.1/bin/../lib/gcc/arm-none-eabi/5.4.1/armv7-m/crtbegin.o
 .jcr           0x1fff80c8        0x4 c:/program files (x86)/cypress/psoc creator/4.2/psoc creator/import/gnu/arm/5.4.1/bin/../lib/gcc/arm-none-eabi/5.4.1/armv7-m/crtend.o
 *(.got.plt)
 *(.got)
 *(.shdata)
 *(.data .data.* .gnu.linkonce.d.*)
 .data          0x1fff80cc        0x4 .\CortexM3\ARM_GCC_541\Debug\Cm3Start.o
 .data          0x1fff80d0       0x10 .\CortexM3\ARM_GCC_541\Debug\IWP.a(CyLib.o)
                0x1fff80d0                cydelay_freq_hz
                0x1fff80d4                cydelay_freq_khz
                0x1fff80d8                cydelay_freq_mhz
                0x1fff80dc                cydelay_32k_ms
 .data.__fdlib_version
                0x1fff80e0        0x1 c:/program files (x86)/cypress/psoc creator/4.2/psoc creator/import/gnu/arm/5.4.1/bin/../lib/gcc/arm-none-eabi/5.4.1/../../../../arm-none-eabi/lib/armv7-m\libm.a(lib_a-s_lib_ver.o)
                0x1fff80e0                __fdlib_version
 *fill*         0x1fff80e1        0x3 
 .data.impure_data
                0x1fff80e4       0x60 c:/program files (x86)/cypress/psoc creator/4.2/psoc creator/import/gnu/arm/5.4.1/bin/../lib/gcc/arm-none-eabi/5.4.1/../../../../arm-none-eabi/lib/armv7-m\libg_nano.a(lib_a-impure.o)
 .data._impure_ptr
                0x1fff8144        0x4 c:/program files (x86)/cypress/psoc creator/4.2/psoc creator/import/gnu/arm/5.4.1/bin/../lib/gcc/arm-none-eabi/5.4.1/../../../../arm-none-eabi/lib/armv7-m\libg_nano.a(lib_a-impure.o)
                0x1fff8144                _impure_ptr
                0x1fff8148                . = ALIGN (0x8)
 *(.ram)
                0x1fff8148                _edata = .

.igot.plt       0x1fff8148        0x0 load address 0x000067a0
 .igot.plt      0x1fff8148        0x0 c:/program files (x86)/cypress/psoc creator/4.2/psoc creator/import/gnu/arm/5.4.1/bin/../lib/gcc/arm-none-eabi/5.4.1/armv7-m/crtbegin.o

.bss            0x1fff8148      0x210 load address 0x000067a0
                0x1fff8148                PROVIDE (__bss_start__, .)
 *(.shbss)
 *(.bss .bss.* .gnu.linkonce.b.*)
 .bss           0x1fff8148       0x1c c:/program files (x86)/cypress/psoc creator/4.2/psoc creator/import/gnu/arm/5.4.1/bin/../lib/gcc/arm-none-eabi/5.4.1/armv7-m/crtbegin.o
 *fill*         0x1fff8164        0x4 
 .bss           0x1fff8168        0x8 .\CortexM3\ARM_GCC_541\Debug\main.o
                0x1fff8168                iError
 .bss           0x1fff8170        0x7 .\CortexM3\ARM_GCC_541\Debug\uartUtil.o
 .bss           0x1fff8177        0x2 .\CortexM3\ARM_GCC_541\Debug\IWP.a(LCD.o)
                0x1fff8177                LCD_enableState
                0x1fff8178                LCD_initVar
 .bss           0x1fff8179        0x2 .\CortexM3\ARM_GCC_541\Debug\IWP.a(UART.o)
                0x1fff8179                UART_initVar
 .bss           0x1fff817b        0x1 .\CortexM3\ARM_GCC_541\Debug\IWP.a(QuadDec_Motor.o)
                0x1fff817b                QuadDec_Motor_initVar
 .bss           0x1fff817c        0x4 .\CortexM3\ARM_GCC_541\Debug\IWP.a(QuadDec_Motor_INT.o)
                0x1fff817c                QuadDec_Motor_count32SoftPart
 .bss           0x1fff8180        0x1 .\CortexM3\ARM_GCC_541\Debug\IWP.a(QuadDec_Shoulder.o)
                0x1fff8180                QuadDec_Shoulder_initVar
 *fill*         0x1fff8181        0x3 
 .bss           0x1fff8184        0x4 .\CortexM3\ARM_GCC_541\Debug\IWP.a(QuadDec_Shoulder_INT.o)
                0x1fff8184                QuadDec_Shoulder_count32SoftPart
 .bss           0x1fff8188        0x1 .\CortexM3\ARM_GCC_541\Debug\IWP.a(QuadDec_Shoulder_Cnt16.o)
                0x1fff8188                QuadDec_Shoulder_Cnt16_initVar
 .bss           0x1fff8189        0x1 .\CortexM3\ARM_GCC_541\Debug\IWP.a(ADC1.o)
                0x1fff8189                ADC1_initVar
 .bss           0x1fff818a        0x1 .\CortexM3\ARM_GCC_541\Debug\IWP.a(QuadDec_Motor_Cnt16.o)
                0x1fff818a                QuadDec_Motor_Cnt16_initVar
 .bss           0x1fff818b        0x1 .\CortexM3\ARM_GCC_541\Debug\IWP.a(Counter_1.o)
                0x1fff818b                Counter_1_initVar
 .bss.__malloc_sbrk_start
                0x1fff818c        0x4 c:/program files (x86)/cypress/psoc creator/4.2/psoc creator/import/gnu/arm/5.4.1/bin/../lib/gcc/arm-none-eabi/5.4.1/../../../../arm-none-eabi/lib/armv7-m\libg_nano.a(lib_a-nano-mallocr.o)
                0x1fff818c                __malloc_sbrk_start
 .bss.__malloc_free_list
                0x1fff8190        0x4 c:/program files (x86)/cypress/psoc creator/4.2/psoc creator/import/gnu/arm/5.4.1/bin/../lib/gcc/arm-none-eabi/5.4.1/../../../../arm-none-eabi/lib/armv7-m\libg_nano.a(lib_a-nano-mallocr.o)
                0x1fff8190                __malloc_free_list
 *(COMMON)
 *fill*         0x1fff8194        0x4 
 COMMON         0x1fff8198      0x1b0 .\CortexM3\ARM_GCC_541\Debug\main.o
                0x1fff8198                thetaWheel
                0x1fff81e8                enableMotor
                0x1fff81f0                negativeFreeTorque
                0x1fff81f8                torque
                0x1fff8248                positiveFreeTorque
                0x1fff8250                thetaShoulder
                0x1fff82a0                sampleADC
                0x1fff82a8                thetaWheelDot
                0x1fff82f8                thetaShoulderDot
 COMMON         0x1fff8348        0xa .\CortexM3\ARM_GCC_541\Debug\IWP.a(ADC1.o)
                0x1fff8348                ADC1_offset
                0x1fff834a                ADC1_countsPerVolt
                0x1fff834c                ADC1_countsPer10Volt
                0x1fff8350                ADC1_shift
 *fill*         0x1fff8352        0x2 
 COMMON         0x1fff8354        0x4 c:/program files (x86)/cypress/psoc creator/4.2/psoc creator/import/gnu/arm/5.4.1/bin/../lib/gcc/arm-none-eabi/5.4.1/../../../../arm-none-eabi/lib/armv7-m\libg_nano.a(lib_a-reent.o)
                0x1fff8354                errno
                0x1fff8358                . = ALIGN (0x8)
 *(.ram.b)
                0x1fff8358                _end = .
                0x1fff8358                __end = .
                0x1fff8358                PROVIDE (end, .)
                0x1fff8358                PROVIDE (__bss_end__, .)
                0x00006720                __cy_region_init_ram = LOADADDR (.data)
                0x00000080                __cy_region_init_size_ram = (_edata - ADDR (.data))
                0x00000210                __cy_region_zero_size_ram = (_end - _edata)

.heap           0x1fff8358     0x1000 load address 0x000067a0
                0x1fff8358                . = _end
                0x1fff9358                . = (. + 0x1000)
 *fill*         0x1fff8358     0x1000 
                0x1fff9358                __cy_heap_limit = .

.stack          0x20004000     0x4000
                0x20004000                __cy_stack_limit = .
                0x20008000                . = (. + 0x4000)
 *fill*         0x20004000     0x4000 
                0x00000001                ASSERT ((__cy_stack_limit >= __cy_heap_limit), region RAM overflowed with stack)
                0x00000000                cy_checksum_exclude_size = (CY_APPL_LOADABLE == 0x1)?SIZEOF (.cy_checksum_exclude):0x0
                0x00000001                ASSERT ((cy_checksum_exclude_size <= CY_CHECKSUM_EXCLUDE_SIZE), CY_BOOT: Section .cy_checksum_exclude size exceedes specified limit.)

.cyloadermeta
 *(.cyloadermeta)

.cyloadablemeta
 *(.cyloadablemeta)

.cyconfigecc    0x80000000      0xcd8
 *(.cyconfigecc)
 .cyconfigecc   0x80000000      0xcd8 .\CortexM3\ARM_GCC_541\Debug\cymetadata.o
                0x80000000                cy_meta_configecc

.cycustnvl      0x90000000        0x4
 *(.cycustnvl)
 .cycustnvl     0x90000000        0x4 .\CortexM3\ARM_GCC_541\Debug\cymetadata.o
                0x90000000                cy_meta_custnvl

.cywolatch      0x90100000        0x4
 *(.cywolatch)
 .cywolatch     0x90100000        0x4 .\CortexM3\ARM_GCC_541\Debug\cymetadata.o
                0x90100000                cy_meta_wonvl

.cyeeprom       0x90200000        0x0
 *(.cyeeprom)
                0x00000001                ASSERT ((. <= ((0x90200000 + ee_offset) + ee_size)), .cyeeprom data will not fit in EEPROM)

.cyflashprotect
                0x90400000      0x100
 *(.cyflashprotect)
 .cyflashprotect
                0x90400000      0x100 .\CortexM3\ARM_GCC_541\Debug\cymetadata.o
                0x90400000                cy_meta_flashprotect

.cymeta         0x90500000        0xc
 *(.cymeta)
 .cymeta        0x90500000        0xc .\CortexM3\ARM_GCC_541\Debug\cymetadata.o
                0x90500000                cy_metadata

.rel.dyn        0x000067a0        0x0 load address 0x9050000c
 .rel.iplt      0x000067a0        0x0 c:/program files (x86)/cypress/psoc creator/4.2/psoc creator/import/gnu/arm/5.4.1/bin/../lib/gcc/arm-none-eabi/5.4.1/armv7-m/crtbegin.o

.stab           0x00000000       0x24
 *(.stab)
 .stab          0x00000000       0x24 c:/program files (x86)/cypress/psoc creator/4.2/psoc creator/import/gnu/arm/5.4.1/bin/../lib/gcc/arm-none-eabi/5.4.1/../../../../arm-none-eabi/lib/armv7-m\libnosys.a(gettod.o)

.stabstr        0x00000000       0x4e
 *(.stabstr)
 .stabstr       0x00000000       0x4e c:/program files (x86)/cypress/psoc creator/4.2/psoc creator/import/gnu/arm/5.4.1/bin/../lib/gcc/arm-none-eabi/5.4.1/../../../../arm-none-eabi/lib/armv7-m\libnosys.a(gettod.o)

.debug
 *(.debug)

.line
 *(.line)

.debug_srcinfo
 *(.debug_srcinfo)

.debug_sfnames
 *(.debug_sfnames)

.debug_aranges  0x00000000     0x1030
 *(.debug_aranges)
 .debug_aranges
                0x00000000       0x30 .\CortexM3\ARM_GCC_541\Debug\main.o
 .debug_aranges
                0x00000030       0x38 .\CortexM3\ARM_GCC_541\Debug\adc.o
 .debug_aranges
                0x00000068       0x40 .\CortexM3\ARM_GCC_541\Debug\quadDec.o
 .debug_aranges
                0x000000a8       0x60 .\CortexM3\ARM_GCC_541\Debug\test.o
 .debug_aranges
                0x00000108       0x28 .\CortexM3\ARM_GCC_541\Debug\uartUtil.o
 .debug_aranges
                0x00000130       0x38 .\CortexM3\ARM_GCC_541\Debug\mathUtility.o
 .debug_aranges
                0x00000168       0x38 .\CortexM3\ARM_GCC_541\Debug\controllers.o
 .debug_aranges
                0x000001a0       0x60 .\CortexM3\ARM_GCC_541\Debug\sensorStructs.o
 .debug_aranges
                0x00000200       0x60 .\CortexM3\ARM_GCC_541\Debug\cyfitter_cfg.o
 .debug_aranges
                0x00000260       0x48 .\CortexM3\ARM_GCC_541\Debug\Cm3Start.o
 .debug_aranges
                0x000002a8       0x18 .\CortexM3\ARM_GCC_541\Debug\cymetadata.o
 .debug_aranges
                0x000002c0      0x298 .\CortexM3\ARM_GCC_541\Debug\IWP.a(CyLib.o)
 .debug_aranges
                0x00000558       0x98 .\CortexM3\ARM_GCC_541\Debug\IWP.a(cyPm.o)
 .debug_aranges
                0x000005f0       0x98 .\CortexM3\ARM_GCC_541\Debug\IWP.a(LCD.o)
 .debug_aranges
                0x00000688       0xf0 .\CortexM3\ARM_GCC_541\Debug\IWP.a(UART.o)
 .debug_aranges
                0x00000778       0x70 .\CortexM3\ARM_GCC_541\Debug\IWP.a(Clock_1.o)
 .debug_aranges
                0x000007e8       0x80 .\CortexM3\ARM_GCC_541\Debug\IWP.a(isr_1.o)
 .debug_aranges
                0x00000868       0x60 .\CortexM3\ARM_GCC_541\Debug\IWP.a(QuadDec_Motor.o)
 .debug_aranges
                0x000008c8       0x20 .\CortexM3\ARM_GCC_541\Debug\IWP.a(QuadDec_Motor_INT.o)
 .debug_aranges
                0x000008e8       0x60 .\CortexM3\ARM_GCC_541\Debug\IWP.a(QuadDec_Shoulder.o)
 .debug_aranges
                0x00000948       0x20 .\CortexM3\ARM_GCC_541\Debug\IWP.a(QuadDec_Shoulder_INT.o)
 .debug_aranges
                0x00000968       0x70 .\CortexM3\ARM_GCC_541\Debug\IWP.a(Clock_Enc_Motor.o)
 .debug_aranges
                0x000009d8       0x70 .\CortexM3\ARM_GCC_541\Debug\IWP.a(UART_IntClock.o)
 .debug_aranges
                0x00000a48       0x98 .\CortexM3\ARM_GCC_541\Debug\IWP.a(QuadDec_Shoulder_Cnt16.o)
 .debug_aranges
                0x00000ae0       0xa8 .\CortexM3\ARM_GCC_541\Debug\IWP.a(ADC1.o)
 .debug_aranges
                0x00000b88       0x20 .\CortexM3\ARM_GCC_541\Debug\IWP.a(ADC1_INT.o)
 .debug_aranges
                0x00000ba8       0x70 .\CortexM3\ARM_GCC_541\Debug\IWP.a(ADC1_theACLK.o)
 .debug_aranges
                0x00000c18       0x98 .\CortexM3\ARM_GCC_541\Debug\IWP.a(QuadDec_Motor_Cnt16.o)
 .debug_aranges
                0x00000cb0       0x70 .\CortexM3\ARM_GCC_541\Debug\IWP.a(Clock_Enc_Shoulder.o)
 .debug_aranges
                0x00000d20       0x70 .\CortexM3\ARM_GCC_541\Debug\IWP.a(Clock_2.o)
 .debug_aranges
                0x00000d90       0x98 .\CortexM3\ARM_GCC_541\Debug\IWP.a(Counter_1.o)
 .debug_aranges
                0x00000e28       0x80 .\CortexM3\ARM_GCC_541\Debug\IWP.a(isr_2.o)
 .debug_aranges
                0x00000ea8       0x70 .\CortexM3\ARM_GCC_541\Debug\IWP.a(Clock_3.o)
 .debug_aranges
                0x00000f18       0x20 .\CortexM3\ARM_GCC_541\Debug\IWP.a(CyBootAsmGnu.o)
 .debug_aranges
                0x00000f38       0x80 .\CortexM3\ARM_GCC_541\Debug\IWP.a(CyFlash.o)
 .debug_aranges
                0x00000fb8       0x78 .\CortexM3\ARM_GCC_541\Debug\IWP.a(CySpc.o)

.debug_pubnames
 *(.debug_pubnames)

.debug_info     0x00000000     0x65d7
 *(.debug_info .gnu.linkonce.wi.*)
 .debug_info    0x00000000      0x22f .\CortexM3\ARM_GCC_541\Debug\main.o
 .debug_info    0x0000022f      0x156 .\CortexM3\ARM_GCC_541\Debug\adc.o
 .debug_info    0x00000385      0x127 .\CortexM3\ARM_GCC_541\Debug\quadDec.o
 .debug_info    0x000004ac      0x225 .\CortexM3\ARM_GCC_541\Debug\test.o
 .debug_info    0x000006d1      0x18a .\CortexM3\ARM_GCC_541\Debug\uartUtil.o
 .debug_info    0x0000085b      0x1ce .\CortexM3\ARM_GCC_541\Debug\mathUtility.o
 .debug_info    0x00000a29      0x35b .\CortexM3\ARM_GCC_541\Debug\controllers.o
 .debug_info    0x00000d84      0x34d .\CortexM3\ARM_GCC_541\Debug\sensorStructs.o
 .debug_info    0x000010d1      0x47a .\CortexM3\ARM_GCC_541\Debug\cyfitter_cfg.o
 .debug_info    0x0000154b      0x318 .\CortexM3\ARM_GCC_541\Debug\Cm3Start.o
 .debug_info    0x00001863      0x139 .\CortexM3\ARM_GCC_541\Debug\cymetadata.o
 .debug_info    0x0000199c      0xe34 .\CortexM3\ARM_GCC_541\Debug\IWP.a(CyLib.o)
 .debug_info    0x000027d0      0x566 .\CortexM3\ARM_GCC_541\Debug\IWP.a(cyPm.o)
 .debug_info    0x00002d36      0x3c8 .\CortexM3\ARM_GCC_541\Debug\IWP.a(LCD.o)
 .debug_info    0x000030fe      0x503 .\CortexM3\ARM_GCC_541\Debug\IWP.a(UART.o)
 .debug_info    0x00003601      0x256 .\CortexM3\ARM_GCC_541\Debug\IWP.a(Clock_1.o)
 .debug_info    0x00003857      0x23a .\CortexM3\ARM_GCC_541\Debug\IWP.a(isr_1.o)
 .debug_info    0x00003a91      0x22d .\CortexM3\ARM_GCC_541\Debug\IWP.a(QuadDec_Motor.o)
 .debug_info    0x00003cbe       0xeb .\CortexM3\ARM_GCC_541\Debug\IWP.a(QuadDec_Motor_INT.o)
 .debug_info    0x00003da9      0x22d .\CortexM3\ARM_GCC_541\Debug\IWP.a(QuadDec_Shoulder.o)
 .debug_info    0x00003fd6       0xeb .\CortexM3\ARM_GCC_541\Debug\IWP.a(QuadDec_Shoulder_INT.o)
 .debug_info    0x000040c1      0x256 .\CortexM3\ARM_GCC_541\Debug\IWP.a(Clock_Enc_Motor.o)
 .debug_info    0x00004317      0x256 .\CortexM3\ARM_GCC_541\Debug\IWP.a(UART_IntClock.o)
 .debug_info    0x0000456d      0x28a .\CortexM3\ARM_GCC_541\Debug\IWP.a(QuadDec_Shoulder_Cnt16.o)
 .debug_info    0x000047f7      0x478 .\CortexM3\ARM_GCC_541\Debug\IWP.a(ADC1.o)
 .debug_info    0x00004c6f       0x8b .\CortexM3\ARM_GCC_541\Debug\IWP.a(ADC1_INT.o)
 .debug_info    0x00004cfa      0x256 .\CortexM3\ARM_GCC_541\Debug\IWP.a(ADC1_theACLK.o)
 .debug_info    0x00004f50      0x28a .\CortexM3\ARM_GCC_541\Debug\IWP.a(QuadDec_Motor_Cnt16.o)
 .debug_info    0x000051da      0x256 .\CortexM3\ARM_GCC_541\Debug\IWP.a(Clock_Enc_Shoulder.o)
 .debug_info    0x00005430      0x256 .\CortexM3\ARM_GCC_541\Debug\IWP.a(Clock_2.o)
 .debug_info    0x00005686      0x28a .\CortexM3\ARM_GCC_541\Debug\IWP.a(Counter_1.o)
 .debug_info    0x00005910      0x23a .\CortexM3\ARM_GCC_541\Debug\IWP.a(isr_2.o)
 .debug_info    0x00005b4a      0x256 .\CortexM3\ARM_GCC_541\Debug\IWP.a(Clock_3.o)
 .debug_info    0x00005da0       0x7a .\CortexM3\ARM_GCC_541\Debug\IWP.a(CyBootAsmGnu.o)
 .debug_info    0x00005e1a      0x36a .\CortexM3\ARM_GCC_541\Debug\IWP.a(CyFlash.o)
 .debug_info    0x00006184      0x453 .\CortexM3\ARM_GCC_541\Debug\IWP.a(CySpc.o)

.debug_abbrev   0x00000000     0x2736
 *(.debug_abbrev)
 .debug_abbrev  0x00000000       0xf5 .\CortexM3\ARM_GCC_541\Debug\main.o
 .debug_abbrev  0x000000f5       0xd5 .\CortexM3\ARM_GCC_541\Debug\adc.o
 .debug_abbrev  0x000001ca       0x8a .\CortexM3\ARM_GCC_541\Debug\quadDec.o
 .debug_abbrev  0x00000254      0x100 .\CortexM3\ARM_GCC_541\Debug\test.o
 .debug_abbrev  0x00000354      0x10d .\CortexM3\ARM_GCC_541\Debug\uartUtil.o
 .debug_abbrev  0x00000461       0xef .\CortexM3\ARM_GCC_541\Debug\mathUtility.o
 .debug_abbrev  0x00000550      0x12c .\CortexM3\ARM_GCC_541\Debug\controllers.o
 .debug_abbrev  0x0000067c      0x102 .\CortexM3\ARM_GCC_541\Debug\sensorStructs.o
 .debug_abbrev  0x0000077e      0x1b7 .\CortexM3\ARM_GCC_541\Debug\cyfitter_cfg.o
 .debug_abbrev  0x00000935      0x1c7 .\CortexM3\ARM_GCC_541\Debug\Cm3Start.o
 .debug_abbrev  0x00000afc       0x77 .\CortexM3\ARM_GCC_541\Debug\cymetadata.o
 .debug_abbrev  0x00000b73      0x217 .\CortexM3\ARM_GCC_541\Debug\IWP.a(CyLib.o)
 .debug_abbrev  0x00000d8a      0x161 .\CortexM3\ARM_GCC_541\Debug\IWP.a(cyPm.o)
 .debug_abbrev  0x00000eeb      0x120 .\CortexM3\ARM_GCC_541\Debug\IWP.a(LCD.o)
 .debug_abbrev  0x0000100b      0x163 .\CortexM3\ARM_GCC_541\Debug\IWP.a(UART.o)
 .debug_abbrev  0x0000116e      0x11d .\CortexM3\ARM_GCC_541\Debug\IWP.a(Clock_1.o)
 .debug_abbrev  0x0000128b      0x172 .\CortexM3\ARM_GCC_541\Debug\IWP.a(isr_1.o)
 .debug_abbrev  0x000013fd      0x11a .\CortexM3\ARM_GCC_541\Debug\IWP.a(QuadDec_Motor.o)
 .debug_abbrev  0x00001517       0x78 .\CortexM3\ARM_GCC_541\Debug\IWP.a(QuadDec_Motor_INT.o)
 .debug_abbrev  0x0000158f      0x11a .\CortexM3\ARM_GCC_541\Debug\IWP.a(QuadDec_Shoulder.o)
 .debug_abbrev  0x000016a9       0x78 .\CortexM3\ARM_GCC_541\Debug\IWP.a(QuadDec_Shoulder_INT.o)
 .debug_abbrev  0x00001721      0x11d .\CortexM3\ARM_GCC_541\Debug\IWP.a(Clock_Enc_Motor.o)
 .debug_abbrev  0x0000183e      0x11d .\CortexM3\ARM_GCC_541\Debug\IWP.a(UART_IntClock.o)
 .debug_abbrev  0x0000195b      0x12c .\CortexM3\ARM_GCC_541\Debug\IWP.a(QuadDec_Shoulder_Cnt16.o)
 .debug_abbrev  0x00001a87      0x173 .\CortexM3\ARM_GCC_541\Debug\IWP.a(ADC1.o)
 .debug_abbrev  0x00001bfa       0x42 .\CortexM3\ARM_GCC_541\Debug\IWP.a(ADC1_INT.o)
 .debug_abbrev  0x00001c3c      0x11d .\CortexM3\ARM_GCC_541\Debug\IWP.a(ADC1_theACLK.o)
 .debug_abbrev  0x00001d59      0x12c .\CortexM3\ARM_GCC_541\Debug\IWP.a(QuadDec_Motor_Cnt16.o)
 .debug_abbrev  0x00001e85      0x11d .\CortexM3\ARM_GCC_541\Debug\IWP.a(Clock_Enc_Shoulder.o)
 .debug_abbrev  0x00001fa2      0x11d .\CortexM3\ARM_GCC_541\Debug\IWP.a(Clock_2.o)
 .debug_abbrev  0x000020bf      0x12c .\CortexM3\ARM_GCC_541\Debug\IWP.a(Counter_1.o)
 .debug_abbrev  0x000021eb      0x172 .\CortexM3\ARM_GCC_541\Debug\IWP.a(isr_2.o)
 .debug_abbrev  0x0000235d      0x11d .\CortexM3\ARM_GCC_541\Debug\IWP.a(Clock_3.o)
 .debug_abbrev  0x0000247a       0x14 .\CortexM3\ARM_GCC_541\Debug\IWP.a(CyBootAsmGnu.o)
 .debug_abbrev  0x0000248e      0x13c .\CortexM3\ARM_GCC_541\Debug\IWP.a(CyFlash.o)
 .debug_abbrev  0x000025ca      0x16c .\CortexM3\ARM_GCC_541\Debug\IWP.a(CySpc.o)

.debug_line     0x00000000     0x4294
 *(.debug_line)
 .debug_line    0x00000000      0x1d8 .\CortexM3\ARM_GCC_541\Debug\main.o
 .debug_line    0x000001d8      0x1a9 .\CortexM3\ARM_GCC_541\Debug\adc.o
 .debug_line    0x00000381      0x1b5 .\CortexM3\ARM_GCC_541\Debug\quadDec.o
 .debug_line    0x00000536      0x235 .\CortexM3\ARM_GCC_541\Debug\test.o
 .debug_line    0x0000076b      0x187 .\CortexM3\ARM_GCC_541\Debug\uartUtil.o
 .debug_line    0x000008f2      0x1da .\CortexM3\ARM_GCC_541\Debug\mathUtility.o
 .debug_line    0x00000acc      0x228 .\CortexM3\ARM_GCC_541\Debug\controllers.o
 .debug_line    0x00000cf4      0x283 .\CortexM3\ARM_GCC_541\Debug\sensorStructs.o
 .debug_line    0x00000f77      0x237 .\CortexM3\ARM_GCC_541\Debug\cyfitter_cfg.o
 .debug_line    0x000011ae      0x1d4 .\CortexM3\ARM_GCC_541\Debug\Cm3Start.o
 .debug_line    0x00001382      0x141 .\CortexM3\ARM_GCC_541\Debug\cymetadata.o
 .debug_line    0x000014c3      0x871 .\CortexM3\ARM_GCC_541\Debug\IWP.a(CyLib.o)
 .debug_line    0x00001d34      0x38b .\CortexM3\ARM_GCC_541\Debug\IWP.a(cyPm.o)
 .debug_line    0x000020bf      0x1e1 .\CortexM3\ARM_GCC_541\Debug\IWP.a(LCD.o)
 .debug_line    0x000022a0      0x2e2 .\CortexM3\ARM_GCC_541\Debug\IWP.a(UART.o)
 .debug_line    0x00002582      0x1a6 .\CortexM3\ARM_GCC_541\Debug\IWP.a(Clock_1.o)
 .debug_line    0x00002728      0x150 .\CortexM3\ARM_GCC_541\Debug\IWP.a(isr_1.o)
 .debug_line    0x00002878      0x12c .\CortexM3\ARM_GCC_541\Debug\IWP.a(QuadDec_Motor.o)
 .debug_line    0x000029a4       0x73 .\CortexM3\ARM_GCC_541\Debug\IWP.a(QuadDec_Motor_INT.o)
 .debug_line    0x00002a17      0x132 .\CortexM3\ARM_GCC_541\Debug\IWP.a(QuadDec_Shoulder.o)
 .debug_line    0x00002b49       0x76 .\CortexM3\ARM_GCC_541\Debug\IWP.a(QuadDec_Shoulder_INT.o)
 .debug_line    0x00002bbf      0x1ae .\CortexM3\ARM_GCC_541\Debug\IWP.a(Clock_Enc_Motor.o)
 .debug_line    0x00002d6d      0x1ac .\CortexM3\ARM_GCC_541\Debug\IWP.a(UART_IntClock.o)
 .debug_line    0x00002f19      0x194 .\CortexM3\ARM_GCC_541\Debug\IWP.a(QuadDec_Shoulder_Cnt16.o)
 .debug_line    0x000030ad      0x206 .\CortexM3\ARM_GCC_541\Debug\IWP.a(ADC1.o)
 .debug_line    0x000032b3       0x54 .\CortexM3\ARM_GCC_541\Debug\IWP.a(ADC1_INT.o)
 .debug_line    0x00003307      0x1ab .\CortexM3\ARM_GCC_541\Debug\IWP.a(ADC1_theACLK.o)
 .debug_line    0x000034b2      0x191 .\CortexM3\ARM_GCC_541\Debug\IWP.a(QuadDec_Motor_Cnt16.o)
 .debug_line    0x00003643      0x1b1 .\CortexM3\ARM_GCC_541\Debug\IWP.a(Clock_Enc_Shoulder.o)
 .debug_line    0x000037f4      0x1a6 .\CortexM3\ARM_GCC_541\Debug\IWP.a(Clock_2.o)
 .debug_line    0x0000399a      0x187 .\CortexM3\ARM_GCC_541\Debug\IWP.a(Counter_1.o)
 .debug_line    0x00003b21      0x150 .\CortexM3\ARM_GCC_541\Debug\IWP.a(isr_2.o)
 .debug_line    0x00003c71      0x1a6 .\CortexM3\ARM_GCC_541\Debug\IWP.a(Clock_3.o)
 .debug_line    0x00003e17       0x66 .\CortexM3\ARM_GCC_541\Debug\IWP.a(CyBootAsmGnu.o)
 .debug_line    0x00003e7d      0x205 .\CortexM3\ARM_GCC_541\Debug\IWP.a(CyFlash.o)
 .debug_line    0x00004082      0x212 .\CortexM3\ARM_GCC_541\Debug\IWP.a(CySpc.o)

.debug_frame    0x00000000     0x47b0
 *(.debug_frame)
 .debug_frame   0x00000000       0x7c .\CortexM3\ARM_GCC_541\Debug\main.o
 .debug_frame   0x0000007c       0xa8 .\CortexM3\ARM_GCC_541\Debug\adc.o
 .debug_frame   0x00000124       0xac .\CortexM3\ARM_GCC_541\Debug\quadDec.o
 .debug_frame   0x000001d0      0x140 .\CortexM3\ARM_GCC_541\Debug\test.o
 .debug_frame   0x00000310       0x54 .\CortexM3\ARM_GCC_541\Debug\uartUtil.o
 .debug_frame   0x00000364       0xb4 .\CortexM3\ARM_GCC_541\Debug\mathUtility.o
 .debug_frame   0x00000418       0xc8 .\CortexM3\ARM_GCC_541\Debug\controllers.o
 .debug_frame   0x000004e0      0x184 .\CortexM3\ARM_GCC_541\Debug\sensorStructs.o
 .debug_frame   0x00000664      0x16c .\CortexM3\ARM_GCC_541\Debug\cyfitter_cfg.o
 .debug_frame   0x000007d0       0xd8 .\CortexM3\ARM_GCC_541\Debug\Cm3Start.o
 .debug_frame   0x000008a8      0xbe8 .\CortexM3\ARM_GCC_541\Debug\IWP.a(CyLib.o)
 .debug_frame   0x00001490      0x234 .\CortexM3\ARM_GCC_541\Debug\IWP.a(cyPm.o)
 .debug_frame   0x000016c4      0x260 .\CortexM3\ARM_GCC_541\Debug\IWP.a(LCD.o)
 .debug_frame   0x00001924      0x42c .\CortexM3\ARM_GCC_541\Debug\IWP.a(UART.o)
 .debug_frame   0x00001d50      0x1b4 .\CortexM3\ARM_GCC_541\Debug\IWP.a(Clock_1.o)
 .debug_frame   0x00001f04      0x1e8 .\CortexM3\ARM_GCC_541\Debug\IWP.a(isr_1.o)
 .debug_frame   0x000020ec      0x158 .\CortexM3\ARM_GCC_541\Debug\IWP.a(QuadDec_Motor.o)
 .debug_frame   0x00002244       0x38 .\CortexM3\ARM_GCC_541\Debug\IWP.a(QuadDec_Motor_INT.o)
 .debug_frame   0x0000227c      0x158 .\CortexM3\ARM_GCC_541\Debug\IWP.a(QuadDec_Shoulder.o)
 .debug_frame   0x000023d4       0x38 .\CortexM3\ARM_GCC_541\Debug\IWP.a(QuadDec_Shoulder_INT.o)
 .debug_frame   0x0000240c      0x1b4 .\CortexM3\ARM_GCC_541\Debug\IWP.a(Clock_Enc_Motor.o)
 .debug_frame   0x000025c0      0x1b4 .\CortexM3\ARM_GCC_541\Debug\IWP.a(UART_IntClock.o)
 .debug_frame   0x00002774      0x258 .\CortexM3\ARM_GCC_541\Debug\IWP.a(QuadDec_Shoulder_Cnt16.o)
 .debug_frame   0x000029cc      0x2c0 .\CortexM3\ARM_GCC_541\Debug\IWP.a(ADC1.o)
 .debug_frame   0x00002c8c       0x34 .\CortexM3\ARM_GCC_541\Debug\IWP.a(ADC1_INT.o)
 .debug_frame   0x00002cc0      0x1b4 .\CortexM3\ARM_GCC_541\Debug\IWP.a(ADC1_theACLK.o)
 .debug_frame   0x00002e74      0x258 .\CortexM3\ARM_GCC_541\Debug\IWP.a(QuadDec_Motor_Cnt16.o)
 .debug_frame   0x000030cc      0x1b4 .\CortexM3\ARM_GCC_541\Debug\IWP.a(Clock_Enc_Shoulder.o)
 .debug_frame   0x00003280      0x1b4 .\CortexM3\ARM_GCC_541\Debug\IWP.a(Clock_2.o)
 .debug_frame   0x00003434      0x258 .\CortexM3\ARM_GCC_541\Debug\IWP.a(Counter_1.o)
 .debug_frame   0x0000368c      0x1e8 .\CortexM3\ARM_GCC_541\Debug\IWP.a(isr_2.o)
 .debug_frame   0x00003874      0x1b4 .\CortexM3\ARM_GCC_541\Debug\IWP.a(Clock_3.o)
 .debug_frame   0x00003a28      0x210 .\CortexM3\ARM_GCC_541\Debug\IWP.a(CyFlash.o)
 .debug_frame   0x00003c38      0x1f8 .\CortexM3\ARM_GCC_541\Debug\IWP.a(CySpc.o)
 .debug_frame   0x00003e30       0x38 c:/program files (x86)/cypress/psoc creator/4.2/psoc creator/import/gnu/arm/5.4.1/bin/../lib/gcc/arm-none-eabi/5.4.1/../../../../arm-none-eabi/lib/armv7-m\libm.a(lib_a-s_cos.o)
 .debug_frame   0x00003e68       0x34 c:/program files (x86)/cypress/psoc creator/4.2/psoc creator/import/gnu/arm/5.4.1/bin/../lib/gcc/arm-none-eabi/5.4.1/../../../../arm-none-eabi/lib/armv7-m\libm.a(lib_a-s_floor.o)
 .debug_frame   0x00003e9c       0x30 c:/program files (x86)/cypress/psoc creator/4.2/psoc creator/import/gnu/arm/5.4.1/bin/../lib/gcc/arm-none-eabi/5.4.1/../../../../arm-none-eabi/lib/armv7-m\libm.a(lib_a-s_round.o)
 .debug_frame   0x00003ecc       0x44 c:/program files (x86)/cypress/psoc creator/4.2/psoc creator/import/gnu/arm/5.4.1/bin/../lib/gcc/arm-none-eabi/5.4.1/../../../../arm-none-eabi/lib/armv7-m\libm.a(lib_a-w_fmod.o)
 .debug_frame   0x00003f10       0x4c c:/program files (x86)/cypress/psoc creator/4.2/psoc creator/import/gnu/arm/5.4.1/bin/../lib/gcc/arm-none-eabi/5.4.1/../../../../arm-none-eabi/lib/armv7-m\libm.a(lib_a-w_pow.o)
 .debug_frame   0x00003f5c       0x38 c:/program files (x86)/cypress/psoc creator/4.2/psoc creator/import/gnu/arm/5.4.1/bin/../lib/gcc/arm-none-eabi/5.4.1/../../../../arm-none-eabi/lib/armv7-m\libm.a(lib_a-e_fmod.o)
 .debug_frame   0x00003f94       0x68 c:/program files (x86)/cypress/psoc creator/4.2/psoc creator/import/gnu/arm/5.4.1/bin/../lib/gcc/arm-none-eabi/5.4.1/../../../../arm-none-eabi/lib/armv7-m\libm.a(lib_a-e_pow.o)
 .debug_frame   0x00003ffc       0x48 c:/program files (x86)/cypress/psoc creator/4.2/psoc creator/import/gnu/arm/5.4.1/bin/../lib/gcc/arm-none-eabi/5.4.1/../../../../arm-none-eabi/lib/armv7-m\libm.a(lib_a-e_rem_pio2.o)
 .debug_frame   0x00004044       0x30 c:/program files (x86)/cypress/psoc creator/4.2/psoc creator/import/gnu/arm/5.4.1/bin/../lib/gcc/arm-none-eabi/5.4.1/../../../../arm-none-eabi/lib/armv7-m\libm.a(lib_a-e_sqrt.o)
 .debug_frame   0x00004074       0x4c c:/program files (x86)/cypress/psoc creator/4.2/psoc creator/import/gnu/arm/5.4.1/bin/../lib/gcc/arm-none-eabi/5.4.1/../../../../arm-none-eabi/lib/armv7-m\libm.a(lib_a-k_cos.o)
 .debug_frame   0x000040c0       0x50 c:/program files (x86)/cypress/psoc creator/4.2/psoc creator/import/gnu/arm/5.4.1/bin/../lib/gcc/arm-none-eabi/5.4.1/../../../../arm-none-eabi/lib/armv7-m\libm.a(lib_a-k_rem_pio2.o)
 .debug_frame   0x00004110       0x48 c:/program files (x86)/cypress/psoc creator/4.2/psoc creator/import/gnu/arm/5.4.1/bin/../lib/gcc/arm-none-eabi/5.4.1/../../../../arm-none-eabi/lib/armv7-m\libm.a(lib_a-k_sin.o)
 .debug_frame   0x00004158       0x20 c:/program files (x86)/cypress/psoc creator/4.2/psoc creator/import/gnu/arm/5.4.1/bin/../lib/gcc/arm-none-eabi/5.4.1/../../../../arm-none-eabi/lib/armv7-m\libm.a(lib_a-s_fabs.o)
 .debug_frame   0x00004178       0x20 c:/program files (x86)/cypress/psoc creator/4.2/psoc creator/import/gnu/arm/5.4.1/bin/../lib/gcc/arm-none-eabi/5.4.1/../../../../arm-none-eabi/lib/armv7-m\libm.a(lib_a-s_finite.o)
 .debug_frame   0x00004198       0x20 c:/program files (x86)/cypress/psoc creator/4.2/psoc creator/import/gnu/arm/5.4.1/bin/../lib/gcc/arm-none-eabi/5.4.1/../../../../arm-none-eabi/lib/armv7-m\libm.a(lib_a-s_matherr.o)
 .debug_frame   0x000041b8       0x20 c:/program files (x86)/cypress/psoc creator/4.2/psoc creator/import/gnu/arm/5.4.1/bin/../lib/gcc/arm-none-eabi/5.4.1/../../../../arm-none-eabi/lib/armv7-m\libm.a(lib_a-s_nan.o)
 .debug_frame   0x000041d8       0x3c c:/program files (x86)/cypress/psoc creator/4.2/psoc creator/import/gnu/arm/5.4.1/bin/../lib/gcc/arm-none-eabi/5.4.1/../../../../arm-none-eabi/lib/armv7-m\libm.a(lib_a-s_rint.o)
 .debug_frame   0x00004214       0x30 c:/program files (x86)/cypress/psoc creator/4.2/psoc creator/import/gnu/arm/5.4.1/bin/../lib/gcc/arm-none-eabi/5.4.1/../../../../arm-none-eabi/lib/armv7-m\libm.a(lib_a-s_scalbn.o)
 .debug_frame   0x00004244       0x20 c:/program files (x86)/cypress/psoc creator/4.2/psoc creator/import/gnu/arm/5.4.1/bin/../lib/gcc/arm-none-eabi/5.4.1/../../../../arm-none-eabi/lib/armv7-m\libm.a(lib_a-s_copysign.o)
 .debug_frame   0x00004264       0x44 c:/program files (x86)/cypress/psoc creator/4.2/psoc creator/import/gnu/arm/5.4.1/bin/../lib/gcc/arm-none-eabi/5.4.1/armv7-m\libgcc.a(_aeabi_ldivmod.o)
 .debug_frame   0x000042a8       0x38 c:/program files (x86)/cypress/psoc creator/4.2/psoc creator/import/gnu/arm/5.4.1/bin/../lib/gcc/arm-none-eabi/5.4.1/armv7-m\libgcc.a(_udivmoddi4.o)
 .debug_frame   0x000042e0       0x20 c:/program files (x86)/cypress/psoc creator/4.2/psoc creator/import/gnu/arm/5.4.1/bin/../lib/gcc/arm-none-eabi/5.4.1/../../../../arm-none-eabi/lib/armv7-m\libg_nano.a(lib_a-errno.o)
 .debug_frame   0x00004300       0x28 c:/program files (x86)/cypress/psoc creator/4.2/psoc creator/import/gnu/arm/5.4.1/bin/../lib/gcc/arm-none-eabi/5.4.1/../../../../arm-none-eabi/lib/armv7-m\libg_nano.a(lib_a-exit.o)
 .debug_frame   0x00004328       0x2c c:/program files (x86)/cypress/psoc creator/4.2/psoc creator/import/gnu/arm/5.4.1/bin/../lib/gcc/arm-none-eabi/5.4.1/../../../../arm-none-eabi/lib/armv7-m\libg_nano.a(lib_a-init.o)
 .debug_frame   0x00004354       0x28 c:/program files (x86)/cypress/psoc creator/4.2/psoc creator/import/gnu/arm/5.4.1/bin/../lib/gcc/arm-none-eabi/5.4.1/../../../../arm-none-eabi/lib/armv7-m\libg_nano.a(lib_a-memcpy-stub.o)
 .debug_frame   0x0000437c       0x20 c:/program files (x86)/cypress/psoc creator/4.2/psoc creator/import/gnu/arm/5.4.1/bin/../lib/gcc/arm-none-eabi/5.4.1/../../../../arm-none-eabi/lib/armv7-m\libg_nano.a(lib_a-memset.o)
 .debug_frame   0x0000439c       0x44 c:/program files (x86)/cypress/psoc creator/4.2/psoc creator/import/gnu/arm/5.4.1/bin/../lib/gcc/arm-none-eabi/5.4.1/../../../../arm-none-eabi/lib/armv7-m\libg_nano.a(lib_a-rand.o)
 .debug_frame   0x000043e0       0x70 c:/program files (x86)/cypress/psoc creator/4.2/psoc creator/import/gnu/arm/5.4.1/bin/../lib/gcc/arm-none-eabi/5.4.1/../../../../arm-none-eabi/lib/armv7-m\libg_nano.a(lib_a-sprintf.o)
 .debug_frame   0x00004450       0x2c c:/program files (x86)/cypress/psoc creator/4.2/psoc creator/import/gnu/arm/5.4.1/bin/../lib/gcc/arm-none-eabi/5.4.1/../../../../arm-none-eabi/lib/armv7-m\libg_nano.a(lib_a-time.o)
 .debug_frame   0x0000447c       0x2c c:/program files (x86)/cypress/psoc creator/4.2/psoc creator/import/gnu/arm/5.4.1/bin/../lib/gcc/arm-none-eabi/5.4.1/../../../../arm-none-eabi/lib/armv7-m\libg_nano.a(lib_a-gettimeofdayr.o)
 .debug_frame   0x000044a8       0x30 c:/program files (x86)/cypress/psoc creator/4.2/psoc creator/import/gnu/arm/5.4.1/bin/../lib/gcc/arm-none-eabi/5.4.1/../../../../arm-none-eabi/lib/armv7-m\libg_nano.a(lib_a-malloc.o)
 .debug_frame   0x000044d8       0x38 c:/program files (x86)/cypress/psoc creator/4.2/psoc creator/import/gnu/arm/5.4.1/bin/../lib/gcc/arm-none-eabi/5.4.1/../../../../arm-none-eabi/lib/armv7-m\libg_nano.a(lib_a-nano-freer.o)
 .debug_frame   0x00004510       0x2c c:/program files (x86)/cypress/psoc creator/4.2/psoc creator/import/gnu/arm/5.4.1/bin/../lib/gcc/arm-none-eabi/5.4.1/../../../../arm-none-eabi/lib/armv7-m\libg_nano.a(lib_a-nano-mallocr.o)
 .debug_frame   0x0000453c       0x90 c:/program files (x86)/cypress/psoc creator/4.2/psoc creator/import/gnu/arm/5.4.1/bin/../lib/gcc/arm-none-eabi/5.4.1/../../../../arm-none-eabi/lib/armv7-m\libg_nano.a(lib_a-nano-svfprintf.o)
 .debug_frame   0x000045cc       0x60 c:/program files (x86)/cypress/psoc creator/4.2/psoc creator/import/gnu/arm/5.4.1/bin/../lib/gcc/arm-none-eabi/5.4.1/../../../../arm-none-eabi/lib/armv7-m\libg_nano.a(lib_a-nano-vfprintf_i.o)
 .debug_frame   0x0000462c       0x5c c:/program files (x86)/cypress/psoc creator/4.2/psoc creator/import/gnu/arm/5.4.1/bin/../lib/gcc/arm-none-eabi/5.4.1/../../../../arm-none-eabi/lib/armv7-m\libg_nano.a(lib_a-reent.o)
 .debug_frame   0x00004688       0x2c c:/program files (x86)/cypress/psoc creator/4.2/psoc creator/import/gnu/arm/5.4.1/bin/../lib/gcc/arm-none-eabi/5.4.1/../../../../arm-none-eabi/lib/armv7-m\libg_nano.a(lib_a-sbrkr.o)
 .debug_frame   0x000046b4       0x28 c:/program files (x86)/cypress/psoc creator/4.2/psoc creator/import/gnu/arm/5.4.1/bin/../lib/gcc/arm-none-eabi/5.4.1/../../../../arm-none-eabi/lib/armv7-m\libg_nano.a(lib_a-memchr-stub.o)
 .debug_frame   0x000046dc       0x28 c:/program files (x86)/cypress/psoc creator/4.2/psoc creator/import/gnu/arm/5.4.1/bin/../lib/gcc/arm-none-eabi/5.4.1/../../../../arm-none-eabi/lib/armv7-m\libg_nano.a(lib_a-memmove.o)
 .debug_frame   0x00004704       0x30 c:/program files (x86)/cypress/psoc creator/4.2/psoc creator/import/gnu/arm/5.4.1/bin/../lib/gcc/arm-none-eabi/5.4.1/../../../../arm-none-eabi/lib/armv7-m\libg_nano.a(lib_a-mlock.o)
 .debug_frame   0x00004734       0x3c c:/program files (x86)/cypress/psoc creator/4.2/psoc creator/import/gnu/arm/5.4.1/bin/../lib/gcc/arm-none-eabi/5.4.1/../../../../arm-none-eabi/lib/armv7-m\libg_nano.a(lib_a-nano-reallocr.o)
 .debug_frame   0x00004770       0x20 c:/program files (x86)/cypress/psoc creator/4.2/psoc creator/import/gnu/arm/5.4.1/bin/../lib/gcc/arm-none-eabi/5.4.1/../../../../arm-none-eabi/lib/armv7-m\libg_nano.a(lib_a-nano-msizer.o)
 .debug_frame   0x00004790       0x20 c:/program files (x86)/cypress/psoc creator/4.2/psoc creator/import/gnu/arm/5.4.1/bin/../lib/gcc/arm-none-eabi/5.4.1/../../../../arm-none-eabi/lib/armv7-m\libnosys.a(gettod.o)

.debug_str      0x00000000     0x3182
 *(.debug_str)
 .debug_str     0x00000000      0x20d .\CortexM3\ARM_GCC_541\Debug\main.o
                                0x26b (size before relaxing)
 .debug_str     0x0000020d       0x38 .\CortexM3\ARM_GCC_541\Debug\adc.o
                                0x1d2 (size before relaxing)
 .debug_str     0x00000245       0x6c .\CortexM3\ARM_GCC_541\Debug\quadDec.o
                                0x1f6 (size before relaxing)
 .debug_str     0x000002b1       0x9f .\CortexM3\ARM_GCC_541\Debug\test.o
                                0x277 (size before relaxing)
 .debug_str     0x00000350       0x36 .\CortexM3\ARM_GCC_541\Debug\uartUtil.o
                                0x1cc (size before relaxing)
 .debug_str     0x00000386       0x42 .\CortexM3\ARM_GCC_541\Debug\mathUtility.o
                                0x1d3 (size before relaxing)
 .debug_str     0x000003c8       0xf3 .\CortexM3\ARM_GCC_541\Debug\controllers.o
                                0x305 (size before relaxing)
 .debug_str     0x000004bb       0xb0 .\CortexM3\ARM_GCC_541\Debug\sensorStructs.o
                                0x268 (size before relaxing)
 .debug_str     0x0000056b      0x1a2 .\CortexM3\ARM_GCC_541\Debug\cyfitter_cfg.o
                                0x322 (size before relaxing)
 .debug_str     0x0000070d      0x11d .\CortexM3\ARM_GCC_541\Debug\Cm3Start.o
                                0x2bb (size before relaxing)
 .debug_str     0x0000082a       0x7f .\CortexM3\ARM_GCC_541\Debug\cymetadata.o
                                0x1ce (size before relaxing)
 .debug_str     0x000008a9      0x7e5 .\CortexM3\ARM_GCC_541\Debug\IWP.a(CyLib.o)
                                0x9b6 (size before relaxing)
 .debug_str     0x0000108e      0x365 .\CortexM3\ARM_GCC_541\Debug\IWP.a(cyPm.o)
                                0x51b (size before relaxing)
 .debug_str     0x000013f3      0x162 .\CortexM3\ARM_GCC_541\Debug\IWP.a(LCD.o)
                                0x2fd (size before relaxing)
 .debug_str     0x00001555      0x273 .\CortexM3\ARM_GCC_541\Debug\IWP.a(UART.o)
                                0x405 (size before relaxing)
 .debug_str     0x000017c8      0x162 .\CortexM3\ARM_GCC_541\Debug\IWP.a(Clock_1.o)
                                0x2d2 (size before relaxing)
 .debug_str     0x0000192a       0xe6 .\CortexM3\ARM_GCC_541\Debug\IWP.a(isr_1.o)
                                0x28a (size before relaxing)
 .debug_str     0x00001a10      0x141 .\CortexM3\ARM_GCC_541\Debug\IWP.a(QuadDec_Motor.o)
                                0x2ed (size before relaxing)
 .debug_str     0x00001b51       0x54 .\CortexM3\ARM_GCC_541\Debug\IWP.a(QuadDec_Motor_INT.o)
                                0x1e2 (size before relaxing)
 .debug_str     0x00001ba5      0x156 .\CortexM3\ARM_GCC_541\Debug\IWP.a(QuadDec_Shoulder.o)
                                0x311 (size before relaxing)
 .debug_str     0x00001cfb       0x5d .\CortexM3\ARM_GCC_541\Debug\IWP.a(QuadDec_Shoulder_INT.o)
                                0x1ee (size before relaxing)
 .debug_str     0x00001d58      0x177 .\CortexM3\ARM_GCC_541\Debug\IWP.a(Clock_Enc_Motor.o)
                                0x332 (size before relaxing)
 .debug_str     0x00001ecf      0x15f .\CortexM3\ARM_GCC_541\Debug\IWP.a(UART_IntClock.o)
                                0x31a (size before relaxing)
 .debug_str     0x0000202e      0x2d3 .\CortexM3\ARM_GCC_541\Debug\IWP.a(QuadDec_Shoulder_Cnt16.o)
                                0x452 (size before relaxing)
 .debug_str     0x00002301      0x1d0 .\CortexM3\ARM_GCC_541\Debug\IWP.a(ADC1.o)
                                0x3aa (size before relaxing)
 .debug_str     0x000024d1       0x2b .\CortexM3\ARM_GCC_541\Debug\IWP.a(ADC1_INT.o)
                                0x175 (size before relaxing)
 .debug_str     0x000024fc      0x153 .\CortexM3\ARM_GCC_541\Debug\IWP.a(ADC1_theACLK.o)
                                0x30e (size before relaxing)
 .debug_str     0x0000264f      0x26f .\CortexM3\ARM_GCC_541\Debug\IWP.a(QuadDec_Motor_Cnt16.o)
                                0x419 (size before relaxing)
 .debug_str     0x000028be      0x19b .\CortexM3\ARM_GCC_541\Debug\IWP.a(Clock_Enc_Shoulder.o)
                                0x356 (size before relaxing)
 .debug_str     0x00002a59      0x117 .\CortexM3\ARM_GCC_541\Debug\IWP.a(Clock_2.o)
                                0x2d2 (size before relaxing)
 .debug_str     0x00002b70      0x1b1 .\CortexM3\ARM_GCC_541\Debug\IWP.a(Counter_1.o)
                                0x35b (size before relaxing)
 .debug_str     0x00002d21       0xe6 .\CortexM3\ARM_GCC_541\Debug\IWP.a(isr_2.o)
                                0x28a (size before relaxing)
 .debug_str     0x00002e07      0x117 .\CortexM3\ARM_GCC_541\Debug\IWP.a(Clock_3.o)
                                0x2d2 (size before relaxing)
 .debug_str     0x00002f1e      0x145 .\CortexM3\ARM_GCC_541\Debug\IWP.a(CyFlash.o)
                                0x2da (size before relaxing)
 .debug_str     0x00003063      0x11f .\CortexM3\ARM_GCC_541\Debug\IWP.a(CySpc.o)
                                0x2d7 (size before relaxing)

.debug_loc
 *(.debug_loc)

.debug_macinfo
 *(.debug_macinfo)

.debug_ranges   0x00000000      0xdd8
 *(.debug_ranges)
 .debug_ranges  0x00000000       0x20 .\CortexM3\ARM_GCC_541\Debug\main.o
 .debug_ranges  0x00000020       0x28 .\CortexM3\ARM_GCC_541\Debug\adc.o
 .debug_ranges  0x00000048       0x30 .\CortexM3\ARM_GCC_541\Debug\quadDec.o
 .debug_ranges  0x00000078       0x50 .\CortexM3\ARM_GCC_541\Debug\test.o
 .debug_ranges  0x000000c8       0x18 .\CortexM3\ARM_GCC_541\Debug\uartUtil.o
 .debug_ranges  0x000000e0       0x28 .\CortexM3\ARM_GCC_541\Debug\mathUtility.o
 .debug_ranges  0x00000108       0x28 .\CortexM3\ARM_GCC_541\Debug\controllers.o
 .debug_ranges  0x00000130       0x50 .\CortexM3\ARM_GCC_541\Debug\sensorStructs.o
 .debug_ranges  0x00000180       0x50 .\CortexM3\ARM_GCC_541\Debug\cyfitter_cfg.o
 .debug_ranges  0x000001d0       0x38 .\CortexM3\ARM_GCC_541\Debug\Cm3Start.o
 .debug_ranges  0x00000208      0x288 .\CortexM3\ARM_GCC_541\Debug\IWP.a(CyLib.o)
 .debug_ranges  0x00000490       0x88 .\CortexM3\ARM_GCC_541\Debug\IWP.a(cyPm.o)
 .debug_ranges  0x00000518       0x88 .\CortexM3\ARM_GCC_541\Debug\IWP.a(LCD.o)
 .debug_ranges  0x000005a0       0xe0 .\CortexM3\ARM_GCC_541\Debug\IWP.a(UART.o)
 .debug_ranges  0x00000680       0x60 .\CortexM3\ARM_GCC_541\Debug\IWP.a(Clock_1.o)
 .debug_ranges  0x000006e0       0x70 .\CortexM3\ARM_GCC_541\Debug\IWP.a(isr_1.o)
 .debug_ranges  0x00000750       0x50 .\CortexM3\ARM_GCC_541\Debug\IWP.a(QuadDec_Motor.o)
 .debug_ranges  0x000007a0       0x10 .\CortexM3\ARM_GCC_541\Debug\IWP.a(QuadDec_Motor_INT.o)
 .debug_ranges  0x000007b0       0x50 .\CortexM3\ARM_GCC_541\Debug\IWP.a(QuadDec_Shoulder.o)
 .debug_ranges  0x00000800       0x10 .\CortexM3\ARM_GCC_541\Debug\IWP.a(QuadDec_Shoulder_INT.o)
 .debug_ranges  0x00000810       0x60 .\CortexM3\ARM_GCC_541\Debug\IWP.a(Clock_Enc_Motor.o)
 .debug_ranges  0x00000870       0x60 .\CortexM3\ARM_GCC_541\Debug\IWP.a(UART_IntClock.o)
 .debug_ranges  0x000008d0       0x88 .\CortexM3\ARM_GCC_541\Debug\IWP.a(QuadDec_Shoulder_Cnt16.o)
 .debug_ranges  0x00000958       0x98 .\CortexM3\ARM_GCC_541\Debug\IWP.a(ADC1.o)
 .debug_ranges  0x000009f0       0x10 .\CortexM3\ARM_GCC_541\Debug\IWP.a(ADC1_INT.o)
 .debug_ranges  0x00000a00       0x60 .\CortexM3\ARM_GCC_541\Debug\IWP.a(ADC1_theACLK.o)
 .debug_ranges  0x00000a60       0x88 .\CortexM3\ARM_GCC_541\Debug\IWP.a(QuadDec_Motor_Cnt16.o)
 .debug_ranges  0x00000ae8       0x60 .\CortexM3\ARM_GCC_541\Debug\IWP.a(Clock_Enc_Shoulder.o)
 .debug_ranges  0x00000b48       0x60 .\CortexM3\ARM_GCC_541\Debug\IWP.a(Clock_2.o)
 .debug_ranges  0x00000ba8       0x88 .\CortexM3\ARM_GCC_541\Debug\IWP.a(Counter_1.o)
 .debug_ranges  0x00000c30       0x70 .\CortexM3\ARM_GCC_541\Debug\IWP.a(isr_2.o)