Archive member included because of file (symbol)

.\CortexM3\ARM_GCC_493\Debug\IWP.a(cyfitter_cfg.o)
                              .\CortexM3\ARM_GCC_493\Debug\Cm3Start.o (cyfitter_cfg)
.\CortexM3\ARM_GCC_493\Debug\IWP.a(CyBootAsmGnu.o)
                              .\CortexM3\ARM_GCC_493\Debug\IWP.a(cyfitter_cfg.o) (CyDelayCycles)
.\CortexM3\ARM_GCC_493\Debug\IWP.a(CyLib.o)
                              .\CortexM3\ARM_GCC_493\Debug\Cm3Start.o (CyResetStatus)
.\CortexM3\ARM_GCC_493\Debug\IWP.a(cyPm.o)
                              .\CortexM3\ARM_GCC_493\Debug\IWP.a(CyLib.o) (CyPmReadStatus)
.\CortexM3\ARM_GCC_493\Debug\IWP.a(LCD.o)
                              .\CortexM3\ARM_GCC_493\Debug\main.o (LCD_WriteControl)
.\CortexM3\ARM_GCC_493\Debug\IWP.a(UART.o)
                              .\CortexM3\ARM_GCC_493\Debug\main.o (UART_ReadRxData)
.\CortexM3\ARM_GCC_493\Debug\IWP.a(QuadDec_Motor.o)
                              .\CortexM3\ARM_GCC_493\Debug\quadDec.o (QuadDec_Motor_Start)
.\CortexM3\ARM_GCC_493\Debug\IWP.a(QuadDec_Shoulder.o)
                              .\CortexM3\ARM_GCC_493\Debug\quadDec.o (QuadDec_Shoulder_Start)
.\CortexM3\ARM_GCC_493\Debug\IWP.a(UART_IntClock.o)
                              .\CortexM3\ARM_GCC_493\Debug\IWP.a(UART.o) (UART_IntClock_Start)
.\CortexM3\ARM_GCC_493\Debug\IWP.a(QuadDec_Motor_Cnt8.o)
                              .\CortexM3\ARM_GCC_493\Debug\IWP.a(QuadDec_Motor.o) (QuadDec_Motor_Cnt8_WriteCounter)
.\CortexM3\ARM_GCC_493\Debug\IWP.a(QuadDec_Shoulder_Cnt16.o)
                              .\CortexM3\ARM_GCC_493\Debug\IWP.a(QuadDec_Shoulder.o) (QuadDec_Shoulder_Cnt16_WriteCounter)
.\CortexM3\ARM_GCC_493\Debug\IWP.a(ADC1.o)
                              .\CortexM3\ARM_GCC_493\Debug\adc.o (ADC1_Start)
.\CortexM3\ARM_GCC_493\Debug\IWP.a(ADC1_INT.o)
                              .\CortexM3\ARM_GCC_493\Debug\IWP.a(ADC1.o) (ADC1_ISR)
.\CortexM3\ARM_GCC_493\Debug\IWP.a(ADC2.o)
                              .\CortexM3\ARM_GCC_493\Debug\adc.o (ADC2_Start)
.\CortexM3\ARM_GCC_493\Debug\IWP.a(ADC2_INT.o)
                              .\CortexM3\ARM_GCC_493\Debug\IWP.a(ADC2.o) (ADC2_ISR)
.\CortexM3\ARM_GCC_493\Debug\IWP.a(ADC1_theACLK.o)
                              .\CortexM3\ARM_GCC_493\Debug\IWP.a(ADC1.o) (ADC1_theACLK_SetModeRegister)
.\CortexM3\ARM_GCC_493\Debug\IWP.a(ADC2_theACLK.o)
                              .\CortexM3\ARM_GCC_493\Debug\IWP.a(ADC2.o) (ADC2_theACLK_SetModeRegister)
.\CortexM3\ARM_GCC_493\Debug\IWP.a(CyFlash.o)
                              .\CortexM3\ARM_GCC_493\Debug\IWP.a(cyPm.o) (CyFlash_SetWaitCycles)
.\CortexM3\ARM_GCC_493\Debug\IWP.a(CySpc.o)
                              .\CortexM3\ARM_GCC_493\Debug\IWP.a(CyFlash.o) (CySpcStart)
c:/program files (x86)/cypress/psoc creator/3.3/psoc creator/import/gnu/arm/4.9.3/bin/../lib/gcc/arm-none-eabi/4.9.3/armv7-m\libgcc.a(_arm_addsubsf3.o)
                              .\CortexM3\ARM_GCC_493\Debug\IWP.a(ADC1.o) (__aeabi_i2f)
c:/program files (x86)/cypress/psoc creator/3.3/psoc creator/import/gnu/arm/4.9.3/bin/../lib/gcc/arm-none-eabi/4.9.3/armv7-m\libgcc.a(_arm_muldivsf3.o)
                              .\CortexM3\ARM_GCC_493\Debug\IWP.a(ADC1.o) (__aeabi_fmul)
c:/program files (x86)/cypress/psoc creator/3.3/psoc creator/import/gnu/arm/4.9.3/bin/../lib/gcc/arm-none-eabi/4.9.3/armv7-m\libgcc.a(_aeabi_ldivmod.o)
                              .\CortexM3\ARM_GCC_493\Debug\IWP.a(ADC1.o) (__aeabi_ldivmod)
c:/program files (x86)/cypress/psoc creator/3.3/psoc creator/import/gnu/arm/4.9.3/bin/../lib/gcc/arm-none-eabi/4.9.3/armv7-m\libgcc.a(bpabi.o)
                              c:/program files (x86)/cypress/psoc creator/3.3/psoc creator/import/gnu/arm/4.9.3/bin/../lib/gcc/arm-none-eabi/4.9.3/armv7-m\libgcc.a(_aeabi_ldivmod.o) (__gnu_ldivmod_helper)
c:/program files (x86)/cypress/psoc creator/3.3/psoc creator/import/gnu/arm/4.9.3/bin/../lib/gcc/arm-none-eabi/4.9.3/armv7-m\libgcc.a(_dvmd_tls.o)
                              c:/program files (x86)/cypress/psoc creator/3.3/psoc creator/import/gnu/arm/4.9.3/bin/../lib/gcc/arm-none-eabi/4.9.3/armv7-m\libgcc.a(_aeabi_ldivmod.o) (__aeabi_ldiv0)
c:/program files (x86)/cypress/psoc creator/3.3/psoc creator/import/gnu/arm/4.9.3/bin/../lib/gcc/arm-none-eabi/4.9.3/armv7-m\libgcc.a(_divdi3.o)
                              c:/program files (x86)/cypress/psoc creator/3.3/psoc creator/import/gnu/arm/4.9.3/bin/../lib/gcc/arm-none-eabi/4.9.3/armv7-m\libgcc.a(bpabi.o) (__divdi3)
c:/program files (x86)/cypress/psoc creator/3.3/psoc creator/import/gnu/arm/4.9.3/bin/../lib/gcc/arm-none-eabi/4.9.3/armv7-m\libgcc.a(_udivdi3.o)
                              c:/program files (x86)/cypress/psoc creator/3.3/psoc creator/import/gnu/arm/4.9.3/bin/../lib/gcc/arm-none-eabi/4.9.3/armv7-m\libgcc.a(bpabi.o) (__udivdi3)
c:/program files (x86)/cypress/psoc creator/3.3/psoc creator/import/gnu/arm/4.9.3/bin/../lib/gcc/arm-none-eabi/4.9.3/../../../../arm-none-eabi/lib/armv7-m\libg_nano.a(lib_a-errno.o)
[...]
Memory Configuration

Name             Origin             Length             Attributes
rom              0x00000000         0x00040000         xr
ram              0x1fff8000         0x00010000         xrw
*default*        0x00000000         0xffffffff

Linker script and memory map

LOAD c:/program files (x86)/cypress/psoc creator/3.3/psoc creator/import/gnu/arm/4.9.3/bin/../lib/gcc/arm-none-eabi/4.9.3/armv7-m/crti.o
LOAD c:/program files (x86)/cypress/psoc creator/3.3/psoc creator/import/gnu/arm/4.9.3/bin/../lib/gcc/arm-none-eabi/4.9.3/armv7-m/crtbegin.o
LOAD c:/program files (x86)/cypress/psoc creator/3.3/psoc creator/import/gnu/arm/4.9.3/bin/../lib/gcc/arm-none-eabi/4.9.3/../../../../arm-none-eabi/lib/armv7-m/crt0.o
START GROUP
LOAD .\CortexM3\ARM_GCC_493\Debug\main.o
LOAD .\CortexM3\ARM_GCC_493\Debug\adc.o
LOAD .\CortexM3\ARM_GCC_493\Debug\quadDec.o
LOAD .\CortexM3\ARM_GCC_493\Debug\test.o
LOAD .\CortexM3\ARM_GCC_493\Debug\Cm3Start.o
LOAD .\CortexM3\ARM_GCC_493\Debug\cymetadata.o
LOAD .\CortexM3\ARM_GCC_493\Debug\IWP.a
LOAD C:\Program Files (x86)\Cypress\PSoC Creator\3.3\PSoC Creator\psoc\content\cycomponentlibrary\CyComponentLibrary.cylib\CortexM3\ARM_GCC_493\Debug\CyComponentLibrary.a
END GROUP
START GROUP
LOAD c:/program files (x86)/cypress/psoc creator/3.3/psoc creator/import/gnu/arm/4.9.3/bin/../lib/gcc/arm-none-eabi/4.9.3/armv7-m\libgcc.a
LOAD c:/program files (x86)/cypress/psoc creator/3.3/psoc creator/import/gnu/arm/4.9.3/bin/../lib/gcc/arm-none-eabi/4.9.3/../../../../arm-none-eabi/lib/armv7-m\libg_nano.a
LOAD c:/program files (x86)/cypress/psoc creator/3.3/psoc creator/import/gnu/arm/4.9.3/bin/../lib/gcc/arm-none-eabi/4.9.3/../../../../arm-none-eabi/lib/armv7-m\libc_nano.a
END GROUP
START GROUP
LOAD c:/program files (x86)/cypress/psoc creator/3.3/psoc creator/import/gnu/arm/4.9.3/bin/../lib/gcc/arm-none-eabi/4.9.3/armv7-m\libgcc.a
LOAD c:/program files (x86)/cypress/psoc creator/3.3/psoc creator/import/gnu/arm/4.9.3/bin/../lib/gcc/arm-none-eabi/4.9.3/../../../../arm-none-eabi/lib/armv7-m\libc_nano.a
END GROUP
LOAD c:/program files (x86)/cypress/psoc creator/3.3/psoc creator/import/gnu/arm/4.9.3/bin/../lib/gcc/arm-none-eabi/4.9.3/armv7-m/crtend.o
LOAD c:/program files (x86)/cypress/psoc creator/3.3/psoc creator/import/gnu/arm/4.9.3/bin/../lib/gcc/arm-none-eabi/4.9.3/armv7-m/crtn.o
START GROUP
LOAD c:/program files (x86)/cypress/psoc creator/3.3/psoc creator/import/gnu/arm/4.9.3/bin/../lib/gcc/arm-none-eabi/4.9.3/armv7-m\libgcc.a
LOAD c:/program files (x86)/cypress/psoc creator/3.3/psoc creator/import/gnu/arm/4.9.3/bin/../lib/gcc/arm-none-eabi/4.9.3/../../../../arm-none-eabi/lib/armv7-m\libc.a
LOAD c:/program files (x86)/cypress/psoc creator/3.3/psoc creator/import/gnu/arm/4.9.3/bin/../lib/gcc/arm-none-eabi/4.9.3/../../../../arm-none-eabi/lib/armv7-m\libnosys.a
END GROUP
                0x00000000                CY_APPL_ORIGIN = 0x0
                0x00000100                CY_FLASH_ROW_SIZE = 0x100
                0x00000020                CY_ECC_ROW_SIZE = 0x20
                0x00000000                CY_EE_IN_BTLDR = 0x0
                0x00000000                CY_APPL_LOADABLE = 0x0
                0x00000800                CY_EE_SIZE = 0x800
                0x00000001                CY_APPL_NUM = 0x1
                0x00000001                CY_APPL_MAX = 0x1
                0x00000040                CY_METADATA_SIZE = 0x40
                0x00000000                CY_APPL_LOADABLE = 0x0
                0x00000000                CY_CHECKSUM_EXCLUDE_SIZE = ALIGN (0x0, CY_FLASH_ROW_SIZE)
                0x1fff8160                PROVIDE (__cy_heap_start, _end)
                0x00000001                PROVIDE (__cy_region_num, ((__cy_regions_end - __cy_regions) / 0x10))
                0x20008000                PROVIDE (__cy_stack, (ORIGIN (ram) + 0x10000))
                0x20004000                PROVIDE (__cy_heap_end, (__cy_stack - 0x4000))

.cybootloader   0x00000000        0x0
 *(.cybootloader)
                0x00000000                appl1_start = CY_APPL_ORIGIN?CY_APPL_ORIGIN:ALIGN (CY_FLASH_ROW_SIZE)
                0x0001ff00                appl2_start = (appl1_start + ALIGN ((((0x40000 - appl1_start) - (0x2 * CY_FLASH_ROW_SIZE)) / 0x2), CY_FLASH_ROW_SIZE))
                0x00000000                appl_start = (CY_APPL_NUM == 0x1)?appl1_start:appl2_start
                0x00000000                ecc_offset = ((appl_start / CY_FLASH_ROW_SIZE) * CY_ECC_ROW_SIZE)
                0x00000000                ee_offset = (CY_APPL_LOADABLE && ! (CY_EE_IN_BTLDR))?((CY_EE_SIZE / CY_APPL_MAX) * (CY_APPL_NUM - 0x1)):0x0
                0x00000800                ee_size = (CY_APPL_LOADABLE && ! (CY_EE_IN_BTLDR))?(CY_EE_SIZE / CY_APPL_MAX):CY_EE_SIZE
                0x00000000                PROVIDE (CY_ECC_OFFSET, ecc_offset)

.text           0x00000000     0x190e
 CREATE_OBJECT_SYMBOLS
                0x00000000                PROVIDE (__cy_interrupt_vector, RomVectors)
 *(.romvectors)
 .romvectors    0x00000000       0x10 .\CortexM3\ARM_GCC_493\Debug\Cm3Start.o
                0x00000000                RomVectors
                0x00000001                ASSERT ((. != __cy_interrupt_vector), No interrupt vector)
                0x00000001                ASSERT (CY_APPL_ORIGIN?(SIZEOF (.cybootloader) <= CY_APPL_ORIGIN):0x1, Wrong image location)
                0x00000010                PROVIDE (__cy_reset, Reset)
 *(.text.Reset)
 .text.Reset    0x00000010       0x18 .\CortexM3\ARM_GCC_493\Debug\Cm3Start.o
                0x00000010                Reset
                0x00000001                ASSERT ((. != __cy_reset), No reset code)
 *(.dma_init)
                0x00000001                ASSERT ((((appl_start + .) <= 0x10000) || 0x1), DMA Init must be within the first 64k of flash)
 *(.text .text.* .gnu.linkonce.t.*)
 .text          0x00000028       0x5c c:/program files (x86)/cypress/psoc creator/3.3/psoc creator/import/gnu/arm/4.9.3/bin/../lib/gcc/arm-none-eabi/4.9.3/armv7-m/crtbegin.o
 .text.main     0x00000084       0x54 .\CortexM3\ARM_GCC_493\Debug\main.o
                0x00000084                main
 .text.initADC  0x000000d8       0x10 .\CortexM3\ARM_GCC_493\Debug\adc.o
                0x000000d8                initADC
 .text.getADCReading
                0x000000e8       0x44 .\CortexM3\ARM_GCC_493\Debug\adc.o
                0x000000e8                getADCReading
 .text.initQuadDec
                0x0000012c       0x1c .\CortexM3\ARM_GCC_493\Debug\quadDec.o
                0x0000012c                initQuadDec
 .text.getMotorDecReading
                0x00000148       0x14 .\CortexM3\ARM_GCC_493\Debug\quadDec.o
                0x00000148                getMotorDecReading
 .text.getShoulderDecReading
                0x0000015c       0x10 .\CortexM3\ARM_GCC_493\Debug\quadDec.o
                0x0000015c                getShoulderDecReading
 .text.testMotorDec
                0x0000016c       0x2c .\CortexM3\ARM_GCC_493\Debug\test.o
                0x0000016c                testMotorDec
 .text.testShoulderDec
                0x00000198       0x2c .\CortexM3\ARM_GCC_493\Debug\test.o
                0x00000198                testShoulderDec
 .text.testADC  0x000001c4       0x4c .\CortexM3\ARM_GCC_493\Debug\test.o
                0x000001c4                testADC
 .text.IntDefaultHandler
                0x00000210        0x8 .\CortexM3\ARM_GCC_493\Debug\Cm3Start.o
                0x00000210                IntDefaultHandler
 .text.Start_c  0x00000218       0x98 .\CortexM3\ARM_GCC_493\Debug\Cm3Start.o
                0x00000218                Start_c
 .text.initialize_psoc
                0x000002b0       0x8c .\CortexM3\ARM_GCC_493\Debug\Cm3Start.o
                0x000002b0                initialize_psoc
 .text.CYMEMZERO
                0x0000033c       0x1c .\CortexM3\ARM_GCC_493\Debug\IWP.a(cyfitter_cfg.o)
 .text.CYCONFIGCPY
                0x00000358       0x1c .\CortexM3\ARM_GCC_493\Debug\IWP.a(cyfitter_cfg.o)
 .text.CyClockStartupError
                0x00000374        0xc .\CortexM3\ARM_GCC_493\Debug\IWP.a(cyfitter_cfg.o)
 .text.cfg_write_bytes32
                0x00000380       0x74 .\CortexM3\ARM_GCC_493\Debug\IWP.a(cyfitter_cfg.o)
 .text.ClockSetup
                0x000003f4      0x150 .\CortexM3\ARM_GCC_493\Debug\IWP.a(cyfitter_cfg.o)
 .text.AnalogSetDefault
                0x00000544       0xcc .\CortexM3\ARM_GCC_493\Debug\IWP.a(cyfitter_cfg.o)
 .text.cyfitter_cfg
                0x00000610      0x160 .\CortexM3\ARM_GCC_493\Debug\IWP.a(cyfitter_cfg.o)
                0x00000610                cyfitter_cfg
 .text          0x00000770       0x20 .\CortexM3\ARM_GCC_493\Debug\IWP.a(CyBootAsmGnu.o)
                0x00000770                CyDelayCycles
                0x00000780                CyEnterCriticalSection
                0x00000788                CyExitCriticalSection
 .text.CyHalt   0x00000790       0x18 .\CortexM3\ARM_GCC_493\Debug\IWP.a(CyLib.o)
                0x00000790                CyHalt
 .text.CyDelay  0x000007a8       0x44 .\CortexM3\ARM_GCC_493\Debug\IWP.a(CyLib.o)
                0x000007a8                CyDelay
 .text.CyDelayUs
                0x000007ec       0x24 .\CortexM3\ARM_GCC_493\Debug\IWP.a(CyLib.o)
                0x000007ec                CyDelayUs
 .text.CyIntSetVector
                0x00000810       0x50 .\CortexM3\ARM_GCC_493\Debug\IWP.a(CyLib.o)
                0x00000810                CyIntSetVector
 .text.CyIntSetPriority
                0x00000860       0x44 .\CortexM3\ARM_GCC_493\Debug\IWP.a(CyLib.o)
                0x00000860                CyIntSetPriority
 .text.LCD_Init
                0x000008a4       0x6c .\CortexM3\ARM_GCC_493\Debug\IWP.a(LCD.o)
                0x000008a4                LCD_Init
 .text.LCD_Enable
                0x00000910       0x18 .\CortexM3\ARM_GCC_493\Debug\IWP.a(LCD.o)
                0x00000910                LCD_Enable
 .text.LCD_Start
                0x00000928       0x20 .\CortexM3\ARM_GCC_493\Debug\IWP.a(LCD.o)
                0x00000928                LCD_Start
 .text.LCD_Position
                0x00000948       0x6c .\CortexM3\ARM_GCC_493\Debug\IWP.a(LCD.o)
                0x00000948                LCD_Position
 .text.LCD_PrintString
                0x000009b4       0x38 .\CortexM3\ARM_GCC_493\Debug\IWP.a(LCD.o)
                0x000009b4                LCD_PrintString
 .text.LCD_WriteData
                0x000009ec       0x34 .\CortexM3\ARM_GCC_493\Debug\IWP.a(LCD.o)
                0x000009ec                LCD_WriteData
 .text.LCD_WriteControl
                0x00000a20       0x34 .\CortexM3\ARM_GCC_493\Debug\IWP.a(LCD.o)
                0x00000a20                LCD_WriteControl
 .text.LCD_IsReady
                0x00000a54      0x178 .\CortexM3\ARM_GCC_493\Debug\IWP.a(LCD.o)
                0x00000a54                LCD_IsReady
 .text.LCD_WrDatNib
                0x00000bcc       0x78 .\CortexM3\ARM_GCC_493\Debug\IWP.a(LCD.o)
 .text.LCD_WrCntrlNib
                0x00000c44       0x60 .\CortexM3\ARM_GCC_493\Debug\IWP.a(LCD.o)
 .text.LCD_PrintU32Number
                0x00000ca4       0xa4 .\CortexM3\ARM_GCC_493\Debug\IWP.a(LCD.o)
                0x00000ca4                LCD_PrintU32Number
 .text.QuadDec_Motor_Init
                0x00000d48        0xc .\CortexM3\ARM_GCC_493\Debug\IWP.a(QuadDec_Motor.o)
                0x00000d48                QuadDec_Motor_Init
 .text.QuadDec_Motor_Enable
                0x00000d54       0x3c .\CortexM3\ARM_GCC_493\Debug\IWP.a(QuadDec_Motor.o)
                0x00000d54                QuadDec_Motor_Enable
 .text.QuadDec_Motor_Start
                0x00000d90       0x2c .\CortexM3\ARM_GCC_493\Debug\IWP.a(QuadDec_Motor.o)
                0x00000d90                QuadDec_Motor_Start
 .text.QuadDec_Motor_GetCounter
                0x00000dbc       0x24 .\CortexM3\ARM_GCC_493\Debug\IWP.a(QuadDec_Motor.o)
                0x00000dbc                QuadDec_Motor_GetCounter
 .text.QuadDec_Motor_SetCounter
                0x00000de0       0x30 .\CortexM3\ARM_GCC_493\Debug\IWP.a(QuadDec_Motor.o)
                0x00000de0                QuadDec_Motor_SetCounter
 .text.QuadDec_Motor_GetEvents
                0x00000e10       0x20 .\CortexM3\ARM_GCC_493\Debug\IWP.a(QuadDec_Motor.o)
                0x00000e10                QuadDec_Motor_GetEvents
 .text.QuadDec_Motor_SetInterruptMask
                0x00000e30       0x20 .\CortexM3\ARM_GCC_493\Debug\IWP.a(QuadDec_Motor.o)
                0x00000e30                QuadDec_Motor_SetInterruptMask
 .text.QuadDec_Shoulder_Init
                0x00000e50        0xc .\CortexM3\ARM_GCC_493\Debug\IWP.a(QuadDec_Shoulder.o)
                0x00000e50                QuadDec_Shoulder_Init
 .text.QuadDec_Shoulder_Enable
                0x00000e5c       0x3c .\CortexM3\ARM_GCC_493\Debug\IWP.a(QuadDec_Shoulder.o)
                0x00000e5c                QuadDec_Shoulder_Enable
 .text.QuadDec_Shoulder_Start
                0x00000e98       0x2c .\CortexM3\ARM_GCC_493\Debug\IWP.a(QuadDec_Shoulder.o)
                0x00000e98                QuadDec_Shoulder_Start
 .text.QuadDec_Shoulder_GetCounter
                0x00000ec4       0x24 .\CortexM3\ARM_GCC_493\Debug\IWP.a(QuadDec_Shoulder.o)
                0x00000ec4                QuadDec_Shoulder_GetCounter
 .text.QuadDec_Shoulder_SetCounter
                0x00000ee8       0x34 .\CortexM3\ARM_GCC_493\Debug\IWP.a(QuadDec_Shoulder.o)
                0x00000ee8                QuadDec_Shoulder_SetCounter
 .text.QuadDec_Shoulder_GetEvents
                0x00000f1c       0x20 .\CortexM3\ARM_GCC_493\Debug\IWP.a(QuadDec_Shoulder.o)
                0x00000f1c                QuadDec_Shoulder_GetEvents
 .text.QuadDec_Shoulder_SetInterruptMask
                0x00000f3c       0x20 .\CortexM3\ARM_GCC_493\Debug\IWP.a(QuadDec_Shoulder.o)
                0x00000f3c                QuadDec_Shoulder_SetInterruptMask
 .text.QuadDec_Motor_Cnt8_Init
                0x00000f5c       0x78 .\CortexM3\ARM_GCC_493\Debug\IWP.a(QuadDec_Motor_Cnt8.o)
                0x00000f5c                QuadDec_Motor_Cnt8_Init
 .text.QuadDec_Motor_Cnt8_Enable
                0x00000fd4       0x20 .\CortexM3\ARM_GCC_493\Debug\IWP.a(QuadDec_Motor_Cnt8.o)
                0x00000fd4                QuadDec_Motor_Cnt8_Enable
 .text.QuadDec_Motor_Cnt8_Start
                0x00000ff4       0x20 .\CortexM3\ARM_GCC_493\Debug\IWP.a(QuadDec_Motor_Cnt8.o)
                0x00000ff4                QuadDec_Motor_Cnt8_Start
 .text.QuadDec_Motor_Cnt8_SetInterruptMode
                0x00001014       0x20 .\CortexM3\ARM_GCC_493\Debug\IWP.a(QuadDec_Motor_Cnt8.o)
                0x00001014                QuadDec_Motor_Cnt8_SetInterruptMode
 .text.QuadDec_Motor_Cnt8_ReadStatusRegister
                0x00001034       0x18 .\CortexM3\ARM_GCC_493\Debug\IWP.a(QuadDec_Motor_Cnt8.o)
                0x00001034                QuadDec_Motor_Cnt8_ReadStatusRegister
 .text.QuadDec_Motor_Cnt8_WriteCounter
                0x0000104c       0x20 .\CortexM3\ARM_GCC_493\Debug\IWP.a(QuadDec_Motor_Cnt8.o)
                0x0000104c                QuadDec_Motor_Cnt8_WriteCounter
 .text.QuadDec_Motor_Cnt8_ReadCounter
                0x0000106c       0x20 .\CortexM3\ARM_GCC_493\Debug\IWP.a(QuadDec_Motor_Cnt8.o)
                0x0000106c                QuadDec_Motor_Cnt8_ReadCounter
 .text.QuadDec_Motor_Cnt8_ReadCapture
                0x0000108c       0x18 .\CortexM3\ARM_GCC_493\Debug\IWP.a(QuadDec_Motor_Cnt8.o)
                0x0000108c                QuadDec_Motor_Cnt8_ReadCapture
 .text.QuadDec_Motor_Cnt8_WritePeriod
                0x000010a4       0x20 .\CortexM3\ARM_GCC_493\Debug\IWP.a(QuadDec_Motor_Cnt8.o)
                0x000010a4                QuadDec_Motor_Cnt8_WritePeriod
 .text.QuadDec_Motor_Cnt8_WriteCompare
                0x000010c4       0x20 .\CortexM3\ARM_GCC_493\Debug\IWP.a(QuadDec_Motor_Cnt8.o)
                0x000010c4                QuadDec_Motor_Cnt8_WriteCompare
 .text.QuadDec_Motor_Cnt8_ClearFIFO
                0x000010e4       0x1c .\CortexM3\ARM_GCC_493\Debug\IWP.a(QuadDec_Motor_Cnt8.o)
                0x000010e4                QuadDec_Motor_Cnt8_ClearFIFO
 .text.QuadDec_Shoulder_Cnt16_Init
                0x00001100       0x80 .\CortexM3\ARM_GCC_493\Debug\IWP.a(QuadDec_Shoulder_Cnt16.o)
                0x00001100                QuadDec_Shoulder_Cnt16_Init
 .text.QuadDec_Shoulder_Cnt16_Enable
                0x00001180       0x20 .\CortexM3\ARM_GCC_493\Debug\IWP.a(QuadDec_Shoulder_Cnt16.o)
                0x00001180                QuadDec_Shoulder_Cnt16_Enable
 .text.QuadDec_Shoulder_Cnt16_Start
                0x000011a0       0x20 .\CortexM3\ARM_GCC_493\Debug\IWP.a(QuadDec_Shoulder_Cnt16.o)
                0x000011a0                QuadDec_Shoulder_Cnt16_Start
 .text.QuadDec_Shoulder_Cnt16_SetInterruptMode
                0x000011c0       0x20 .\CortexM3\ARM_GCC_493\Debug\IWP.a(QuadDec_Shoulder_Cnt16.o)
                0x000011c0                QuadDec_Shoulder_Cnt16_SetInterruptMode
 .text.QuadDec_Shoulder_Cnt16_ReadStatusRegister
                0x000011e0       0x18 .\CortexM3\ARM_GCC_493\Debug\IWP.a(QuadDec_Shoulder_Cnt16.o)
                0x000011e0                QuadDec_Shoulder_Cnt16_ReadStatusRegister
 .text.QuadDec_Shoulder_Cnt16_WriteCounter
                0x000011f8       0x20 .\CortexM3\ARM_GCC_493\Debug\IWP.a(QuadDec_Shoulder_Cnt16.o)
                0x000011f8                QuadDec_Shoulder_Cnt16_WriteCounter
 .text.QuadDec_Shoulder_Cnt16_ReadCounter
                0x00001218       0x20 .\CortexM3\ARM_GCC_493\Debug\IWP.a(QuadDec_Shoulder_Cnt16.o)
                0x00001218                QuadDec_Shoulder_Cnt16_ReadCounter
 .text.QuadDec_Shoulder_Cnt16_ReadCapture
                0x00001238       0x18 .\CortexM3\ARM_GCC_493\Debug\IWP.a(QuadDec_Shoulder_Cnt16.o)
                0x00001238                QuadDec_Shoulder_Cnt16_ReadCapture
 .text.QuadDec_Shoulder_Cnt16_WritePeriod
                0x00001250       0x20 .\CortexM3\ARM_GCC_493\Debug\IWP.a(QuadDec_Shoulder_Cnt16.o)
                0x00001250                QuadDec_Shoulder_Cnt16_WritePeriod
 .text.QuadDec_Shoulder_Cnt16_WriteCompare
                0x00001270       0x20 .\CortexM3\ARM_GCC_493\Debug\IWP.a(QuadDec_Shoulder_Cnt16.o)
                0x00001270                QuadDec_Shoulder_Cnt16_WriteCompare
 .text.QuadDec_Shoulder_Cnt16_ClearFIFO
                0x00001290       0x1c .\CortexM3\ARM_GCC_493\Debug\IWP.a(QuadDec_Shoulder_Cnt16.o)
                0x00001290                QuadDec_Shoulder_Cnt16_ClearFIFO
 .text.ADC1_Start
                0x000012ac       0x20 .\CortexM3\ARM_GCC_493\Debug\IWP.a(ADC1.o)
                0x000012ac                ADC1_Start
 .text.ADC1_Init
                0x000012cc       0x44 .\CortexM3\ARM_GCC_493\Debug\IWP.a(ADC1.o)
                0x000012cc                ADC1_Init
 .text.ADC1_Enable
                0x00001310       0xf4 .\CortexM3\ARM_GCC_493\Debug\IWP.a(ADC1.o)
                0x00001310                ADC1_Enable
 .text.ADC1_SetResolution
                0x00001404       0x50 .\CortexM3\ARM_GCC_493\Debug\IWP.a(ADC1.o)
                0x00001404                ADC1_SetResolution
 .text.ADC1_StartConvert
                0x00001454       0x20 .\CortexM3\ARM_GCC_493\Debug\IWP.a(ADC1.o)
                0x00001454                ADC1_StartConvert
 .text.ADC1_IsEndConversion
                0x00001474       0x40 .\CortexM3\ARM_GCC_493\Debug\IWP.a(ADC1.o)
                0x00001474                ADC1_IsEndConversion
 .text.ADC1_GetResult16
                0x000014b4       0x34 .\CortexM3\ARM_GCC_493\Debug\IWP.a(ADC1.o)
                0x000014b4                ADC1_GetResult16
 .text.ADC1_CalcGain
                0x000014e8       0x7c .\CortexM3\ARM_GCC_493\Debug\IWP.a(ADC1.o)
 .text.ADC1_ISR
                0x00001564        0xc .\CortexM3\ARM_GCC_493\Debug\IWP.a(ADC1_INT.o)
                0x00001564                ADC1_ISR
 .text.ADC2_Start
                0x00001570       0x20 .\CortexM3\ARM_GCC_493\Debug\IWP.a(ADC2.o)
                0x00001570                ADC2_Start
 .text.ADC2_Init
                0x00001590       0x44 .\CortexM3\ARM_GCC_493\Debug\IWP.a(ADC2.o)
                0x00001590                ADC2_Init
 .text.ADC2_Enable
                0x000015d4       0xf4 .\CortexM3\ARM_GCC_493\Debug\IWP.a(ADC2.o)
                0x000015d4                ADC2_Enable
 .text.ADC2_SetResolution
                0x000016c8       0x50 .\CortexM3\ARM_GCC_493\Debug\IWP.a(ADC2.o)
                0x000016c8                ADC2_SetResolution
 .text.ADC2_StartConvert
                0x00001718       0x20 .\CortexM3\ARM_GCC_493\Debug\IWP.a(ADC2.o)
                0x00001718                ADC2_StartConvert
 .text.ADC2_IsEndConversion
                0x00001738       0x40 .\CortexM3\ARM_GCC_493\Debug\IWP.a(ADC2.o)
                0x00001738                ADC2_IsEndConversion
 .text.ADC2_GetResult16
                0x00001778       0x34 .\CortexM3\ARM_GCC_493\Debug\IWP.a(ADC2.o)
                0x00001778                ADC2_GetResult16
 .text.ADC2_CalcGain
                0x000017ac       0x7c .\CortexM3\ARM_GCC_493\Debug\IWP.a(ADC2.o)
 .text.ADC2_ISR
                0x00001828        0xc .\CortexM3\ARM_GCC_493\Debug\IWP.a(ADC2_INT.o)
                0x00001828                ADC2_ISR
 .text.ADC1_theACLK_SetModeRegister
                0x00001834       0x34 .\CortexM3\ARM_GCC_493\Debug\IWP.a(ADC1_theACLK.o)
                0x00001834                ADC1_theACLK_SetModeRegister
 .text.ADC2_theACLK_SetModeRegister
                0x00001868       0x34 .\CortexM3\ARM_GCC_493\Debug\IWP.a(ADC2_theACLK.o)
                0x00001868                ADC2_theACLK_SetModeRegister
 .text.__libc_init_array
                0x0000189c       0x4c c:/program files (x86)/cypress/psoc creator/3.3/psoc creator/import/gnu/arm/4.9.3/bin/../lib/gcc/arm-none-eabi/4.9.3/../../../../arm-none-eabi/lib/armv7-m\libg_nano.a(lib_a-init.o)
                0x0000189c                __libc_init_array
 .text.memcpy   0x000018e8       0x16 c:/program files (x86)/cypress/psoc creator/3.3/psoc creator/import/gnu/arm/4.9.3/bin/../lib/gcc/arm-none-eabi/4.9.3/../../../../arm-none-eabi/lib/armv7-m\libg_nano.a(lib_a-memcpy.o)
                0x000018e8                memcpy
 .text.memset   0x000018fe       0x10 c:/program files (x86)/cypress/psoc creator/3.3/psoc creator/import/gnu/arm/4.9.3/bin/../lib/gcc/arm-none-eabi/4.9.3/../../../../arm-none-eabi/lib/armv7-m\libg_nano.a(lib_a-memset.o)
                0x000018fe                memset
 *(.plt)
 *(.gnu.warning)
 *(.glue_7t)
 .glue_7t       0x00000000        0x0 linker stubs
 *(.glue_7)
 .glue_7        0x00000000        0x0 linker stubs
 *(.vfp11_veneer)
 .vfp11_veneer  0x00000000        0x0 linker stubs
 *(.bootloader)
 *(.ARM.extab* .gnu.linkonce.armextab.*)
 *(.gcc_except_table)

.v4_bx          0x00001910        0x0
 .v4_bx         0x00000000        0x0 linker stubs

.iplt           0x00001910        0x0
 .iplt          0x00000000        0x0 c:/program files (x86)/cypress/psoc creator/3.3/psoc creator/import/gnu/arm/4.9.3/bin/../lib/gcc/arm-none-eabi/4.9.3/armv7-m/crtbegin.o

.eh_frame_hdr
 *(.eh_frame_hdr)

.eh_frame       0x00001910        0x4
 *(.eh_frame)
 .eh_frame      0x00001910        0x0 c:/program files (x86)/cypress/psoc creator/3.3/psoc creator/import/gnu/arm/4.9.3/bin/../lib/gcc/arm-none-eabi/4.9.3/armv7-m/crtbegin.o
 .eh_frame      0x00001910        0x4 c:/program files (x86)/cypress/psoc creator/3.3/psoc creator/import/gnu/arm/4.9.3/bin/../lib/gcc/arm-none-eabi/4.9.3/armv7-m/crtend.o
                0x00001914                PROVIDE (__exidx_start, .)

.ARM.exidx
 *(.ARM.exidx* .gnu.linkonce.armexidx.*)
                0x00001914                __exidx_end = .

.rodata         0x00001914       0x8c
 *(.rodata .rodata.* .gnu.linkonce.r.*)
 .rodata        0x00001914       0x24 .\CortexM3\ARM_GCC_493\Debug\test.o
 .rodata        0x00001938       0x30 .\CortexM3\ARM_GCC_493\Debug\IWP.a(cyfitter_cfg.o)
                0x00001968                . = ALIGN (0x4)
 *(.init)
 .init          0x00001968        0x4 c:/program files (x86)/cypress/psoc creator/3.3/psoc creator/import/gnu/arm/4.9.3/bin/../lib/gcc/arm-none-eabi/4.9.3/armv7-m/crti.o
                0x00001968                _init
 .init          0x0000196c        0x8 c:/program files (x86)/cypress/psoc creator/3.3/psoc creator/import/gnu/arm/4.9.3/bin/../lib/gcc/arm-none-eabi/4.9.3/armv7-m/crtn.o
                0x00001974                . = ALIGN (0x4)
                0x00001974                __preinit_array_start = .
 *(.preinit_array)
                0x00001974                __preinit_array_end = .
                0x00001974                . = ALIGN (0x4)
                0x00001974                __init_array_start = .
 *(SORT(.init_array.*))
 *(.init_array)
 .init_array    0x00001974        0x4 c:/program files (x86)/cypress/psoc creator/3.3/psoc creator/import/gnu/arm/4.9.3/bin/../lib/gcc/arm-none-eabi/4.9.3/armv7-m/crtbegin.o
 .init_array    0x00001978        0x4 .\CortexM3\ARM_GCC_493\Debug\Cm3Start.o
                0x0000197c                __init_array_end = .
                0x0000197c                . = ALIGN (0x4)
 *(.fini)
 .fini          0x0000197c        0x4 c:/program files (x86)/cypress/psoc creator/3.3/psoc creator/import/gnu/arm/4.9.3/bin/../lib/gcc/arm-none-eabi/4.9.3/armv7-m/crti.o
                0x0000197c                _fini
 .fini          0x00001980        0x8 c:/program files (x86)/cypress/psoc creator/3.3/psoc creator/import/gnu/arm/4.9.3/bin/../lib/gcc/arm-none-eabi/4.9.3/armv7-m/crtn.o
                0x00001988                . = ALIGN (0x4)
                0x00001988                __fini_array_start = .
 *(.fini_array)
 .fini_array    0x00001988        0x4 c:/program files (x86)/cypress/psoc creator/3.3/psoc creator/import/gnu/arm/4.9.3/bin/../lib/gcc/arm-none-eabi/4.9.3/armv7-m/crtbegin.o
 *(SORT(.fini_array.*))
                0x0000198c                __fini_array_end = .
                0x0000198c                . = ALIGN (0x4)
 *crtbegin.o(.ctors)
 *(EXCLUDE_FILE(*crtend.o) .ctors)
 *(SORT(.ctors.*))
 *crtend.o(.ctors)
                0x0000198c                . = ALIGN (0x4)
 *crtbegin.o(.dtors)
 *(EXCLUDE_FILE(*crtend.o) .dtors)
 *(SORT(.dtors.*))
 *crtend.o(.dtors)
                0x0000198c                . = ALIGN (0x4)
                0x0000198c                __cy_regions = .
                0x0000198c        0x4 LONG 0x19a0 __cy_region_init_ram
                0x00001990        0x4 LONG 0x1fff8108 __cy_region_start_data
                0x00001994        0x4 LONG 0x18 __cy_region_init_size_ram
                0x00001998        0x4 LONG 0x40 __cy_region_zero_size_ram
                0x0000199c                __cy_regions_end = .
                0x000019a0                . = ALIGN (0x8)
 *fill*         0x0000199c        0x4 
                0x000019a0                _etext = .

.cy_checksum_exclude
                0x000019a0        0x0
 *(.cy_checksum_exclude)

.ramvectors     0x1fff8000      0x100
                0x1fff8000                __cy_region_start_ram = .
 *(.ramvectors)
 .ramvectors    0x1fff8000      0x100 .\CortexM3\ARM_GCC_493\Debug\Cm3Start.o
                0x1fff8000                CyRamVectors

.noinit         0x1fff8100        0x5
 *(.noinit)
 .noinit        0x1fff8100        0x4 .\CortexM3\ARM_GCC_493\Debug\Cm3Start.o
 .noinit        0x1fff8104        0x1 .\CortexM3\ARM_GCC_493\Debug\IWP.a(CyLib.o)
                0x1fff8104                CyResetStatus

.data           0x1fff8108       0x18 load address 0x000019a0
                0x1fff8108                __cy_region_start_data = .
 *(.jcr)
 .jcr           0x1fff8108        0x0 c:/program files (x86)/cypress/psoc creator/3.3/psoc creator/import/gnu/arm/4.9.3/bin/../lib/gcc/arm-none-eabi/4.9.3/armv7-m/crtbegin.o
 .jcr           0x1fff8108        0x4 c:/program files (x86)/cypress/psoc creator/3.3/psoc creator/import/gnu/arm/4.9.3/bin/../lib/gcc/arm-none-eabi/4.9.3/armv7-m/crtend.o
 *(.got.plt)
 *(.got)
 *(.shdata)
 *(.data .data.* .gnu.linkonce.d.*)
 .data          0x1fff810c       0x10 .\CortexM3\ARM_GCC_493\Debug\IWP.a(CyLib.o)
                0x1fff810c                cydelay_freq_hz
                0x1fff8110                cydelay_freq_khz
                0x1fff8114                cydelay_freq_mhz
                0x1fff8118                cydelay_32k_ms
                0x1fff8120                . = ALIGN (0x8)
 *fill*         0x1fff811c        0x4 
 *(.ram)
                0x1fff8120                _edata = .

.igot.plt       0x1fff8120        0x0 load address 0x000019b8
 .igot.plt      0x00000000        0x0 c:/program files (x86)/cypress/psoc creator/3.3/psoc creator/import/gnu/arm/4.9.3/bin/../lib/gcc/arm-none-eabi/4.9.3/armv7-m/crtbegin.o

.bss            0x1fff8120       0x40 load address 0x000019b8
                0x1fff8120                PROVIDE (__bss_start__, .)
 *(.shbss)
 *(.bss .bss.* .gnu.linkonce.b.*)
 .bss           0x1fff8120       0x1c c:/program files (x86)/cypress/psoc creator/3.3/psoc creator/import/gnu/arm/4.9.3/bin/../lib/gcc/arm-none-eabi/4.9.3/armv7-m/crtbegin.o
 .bss           0x1fff813c        0x2 .\CortexM3\ARM_GCC_493\Debug\IWP.a(LCD.o)
                0x1fff813c                LCD_enableState
                0x1fff813d                LCD_initVar
 .bss           0x1fff813e        0x1 .\CortexM3\ARM_GCC_493\Debug\IWP.a(QuadDec_Motor.o)
                0x1fff813e                QuadDec_Motor_initVar
 .bss           0x1fff813f        0x1 .\CortexM3\ARM_GCC_493\Debug\IWP.a(QuadDec_Shoulder.o)
                0x1fff813f                QuadDec_Shoulder_initVar
 .bss           0x1fff8140        0x1 .\CortexM3\ARM_GCC_493\Debug\IWP.a(QuadDec_Motor_Cnt8.o)
                0x1fff8140                QuadDec_Motor_Cnt8_initVar
 .bss           0x1fff8141        0x1 .\CortexM3\ARM_GCC_493\Debug\IWP.a(QuadDec_Shoulder_Cnt16.o)
                0x1fff8141                QuadDec_Shoulder_Cnt16_initVar
 .bss           0x1fff8142        0x1 .\CortexM3\ARM_GCC_493\Debug\IWP.a(ADC1.o)
                0x1fff8142                ADC1_initVar
 .bss           0x1fff8143        0x1 .\CortexM3\ARM_GCC_493\Debug\IWP.a(ADC2.o)
                0x1fff8143                ADC2_initVar
 *(COMMON)
 COMMON         0x1fff8144        0xa .\CortexM3\ARM_GCC_493\Debug\IWP.a(ADC1.o)
                0x1fff8144                ADC1_offset
                0x1fff8146                ADC1_countsPerVolt
                0x1fff8148                ADC1_countsPer10Volt
                0x1fff814c                ADC1_shift
 *fill*         0x1fff814e        0x2 
 COMMON         0x1fff8150        0xa .\CortexM3\ARM_GCC_493\Debug\IWP.a(ADC2.o)
                0x1fff8150                ADC2_countsPer10Volt
                0x1fff8154                ADC2_countsPerVolt
                0x1fff8156                ADC2_offset
                0x1fff8158                ADC2_shift
                0x1fff8160                . = ALIGN (0x8)
 *fill*         0x1fff815a        0x6 
 *(.ram.b)
                0x1fff8160                _end = .
                0x1fff8160                __end = .
                0x1fff8160                PROVIDE (end, .)
                0x1fff8160                PROVIDE (__bss_end__, .)
                0x000019a0                __cy_region_init_ram = LOADADDR (.data)
                0x00000018                __cy_region_init_size_ram = (_edata - ADDR (.data))
                0x00000040                __cy_region_zero_size_ram = (_end - _edata)

.heap           0x1fff8160     0x1000 load address 0x000019b8
                0x1fff8160                . = _end
                0x1fff9160                . = (. + 0x1000)
 *fill*         0x1fff8160     0x1000 
                0x1fff9160                __cy_heap_limit = .

.stack          0x20004000     0x4000
                0x20004000                __cy_stack_limit = .
                0x20008000                . = (. + 0x4000)
 *fill*         0x20004000     0x4000 
                0x00000001                ASSERT ((__cy_stack_limit >= __cy_heap_limit), region RAM overflowed with stack)
                0x00000000                cy_checksum_exclude_size = (CY_APPL_LOADABLE == 0x1)?SIZEOF (.cy_checksum_exclude):0x0
                0x00000001                ASSERT ((cy_checksum_exclude_size <= CY_CHECKSUM_EXCLUDE_SIZE), CY_BOOT: Section .cy_checksum_exclude size exceedes specified limit.)

.cyloadermeta
 *(.cyloadermeta)

.cyloadablemeta
 *(.cyloadablemeta)

.cyconfigecc    0x80000000      0xc04
 *(.cyconfigecc)
 .cyconfigecc   0x80000000      0xc04 .\CortexM3\ARM_GCC_493\Debug\cymetadata.o
                0x80000000                cy_meta_configecc

.cycustnvl      0x90000000        0x4
 *(.cycustnvl)
 .cycustnvl     0x90000000        0x4 .\CortexM3\ARM_GCC_493\Debug\cymetadata.o
                0x90000000                cy_meta_custnvl

.cywolatch      0x90100000        0x4
 *(.cywolatch)
 .cywolatch     0x90100000        0x4 .\CortexM3\ARM_GCC_493\Debug\cymetadata.o
                0x90100000                cy_meta_wonvl

.cyeeprom       0x90200000        0x0
 *(.cyeeprom)
                0x00000001                ASSERT ((. <= ((0x90200000 + ee_offset) + ee_size)), .cyeeprom data will not fit in EEPROM)

.cyflashprotect
                0x90400000      0x100
 *(.cyflashprotect)
 .cyflashprotect
                0x90400000      0x100 .\CortexM3\ARM_GCC_493\Debug\cymetadata.o
                0x90400000                cy_meta_flashprotect

.cymeta         0x90500000        0xc
 *(.cymeta)
 .cymeta        0x90500000        0xc .\CortexM3\ARM_GCC_493\Debug\cymetadata.o
                0x90500000                cy_metadata

.rel.dyn        0x000019b8        0x0 load address 0x9050000c
 .rel.iplt      0x00000000        0x0 c:/program files (x86)/cypress/psoc creator/3.3/psoc creator/import/gnu/arm/4.9.3/bin/../lib/gcc/arm-none-eabi/4.9.3/armv7-m/crtbegin.o

.stab
 *(.stab)

.stabstr
 *(.stabstr)

.debug
 *(.debug)

.line
 *(.line)

.debug_srcinfo
 *(.debug_srcinfo)

.debug_sfnames
 *(.debug_sfnames)

.debug_aranges  0x00000000      0xc18
 *(.debug_aranges)
 .debug_aranges
                0x00000000       0x28 .\CortexM3\ARM_GCC_493\Debug\main.o
 .debug_aranges
                0x00000028       0x28 .\CortexM3\ARM_GCC_493\Debug\adc.o
 .debug_aranges
                0x00000050       0x30 .\CortexM3\ARM_GCC_493\Debug\quadDec.o
 .debug_aranges
                0x00000080       0x38 .\CortexM3\ARM_GCC_493\Debug\test.o
 .debug_aranges
                0x000000b8       0x48 .\CortexM3\ARM_GCC_493\Debug\Cm3Start.o
 .debug_aranges
                0x00000100       0x18 .\CortexM3\ARM_GCC_493\Debug\cymetadata.o
 .debug_aranges
                0x00000118       0x60 .\CortexM3\ARM_GCC_493\Debug\IWP.a(cyfitter_cfg.o)
 .debug_aranges
                0x00000178       0x20 .\CortexM3\ARM_GCC_493\Debug\IWP.a(CyBootAsmGnu.o)
 .debug_aranges
                0x00000198      0x298 .\CortexM3\ARM_GCC_493\Debug\IWP.a(CyLib.o)
 .debug_aranges
                0x00000430       0x98 .\CortexM3\ARM_GCC_493\Debug\IWP.a(cyPm.o)
 .debug_aranges
                0x000004c8       0x98 .\CortexM3\ARM_GCC_493\Debug\IWP.a(LCD.o)
 .debug_aranges
                0x00000560       0xf0 .\CortexM3\ARM_GCC_493\Debug\IWP.a(UART.o)
 .debug_aranges
                0x00000650       0x60 .\CortexM3\ARM_GCC_493\Debug\IWP.a(QuadDec_Motor.o)
 .debug_aranges
                0x000006b0       0x60 .\CortexM3\ARM_GCC_493\Debug\IWP.a(QuadDec_Shoulder.o)
 .debug_aranges
                0x00000710       0x70 .\CortexM3\ARM_GCC_493\Debug\IWP.a(UART_IntClock.o)
 .debug_aranges
                0x00000780       0x98 .\CortexM3\ARM_GCC_493\Debug\IWP.a(QuadDec_Motor_Cnt8.o)
 .debug_aranges
                0x00000818       0x98 .\CortexM3\ARM_GCC_493\Debug\IWP.a(QuadDec_Shoulder_Cnt16.o)
 .debug_aranges
                0x000008b0       0xa8 .\CortexM3\ARM_GCC_493\Debug\IWP.a(ADC1.o)
 .debug_aranges
                0x00000958       0x20 .\CortexM3\ARM_GCC_493\Debug\IWP.a(ADC1_INT.o)
 .debug_aranges
                0x00000978       0xa8 .\CortexM3\ARM_GCC_493\Debug\IWP.a(ADC2.o)
 .debug_aranges
                0x00000a20       0x20 .\CortexM3\ARM_GCC_493\Debug\IWP.a(ADC2_INT.o)
 .debug_aranges
                0x00000a40       0x70 .\CortexM3\ARM_GCC_493\Debug\IWP.a(ADC1_theACLK.o)
 .debug_aranges
                0x00000ab0       0x70 .\CortexM3\ARM_GCC_493\Debug\IWP.a(ADC2_theACLK.o)
 .debug_aranges
                0x00000b20       0x80 .\CortexM3\ARM_GCC_493\Debug\IWP.a(CyFlash.o)
 .debug_aranges
                0x00000ba0       0x78 .\CortexM3\ARM_GCC_493\Debug\IWP.a(CySpc.o)

.debug_pubnames
 *(.debug_pubnames)

.debug_info     0x00000000     0x4aa4
 *(.debug_info .gnu.linkonce.wi.*)
 .debug_info    0x00000000       0xf5 .\CortexM3\ARM_GCC_493\Debug\main.o
 .debug_info    0x000000f5       0xf4 .\CortexM3\ARM_GCC_493\Debug\adc.o
 .debug_info    0x000001e9       0xf6 .\CortexM3\ARM_GCC_493\Debug\quadDec.o
 .debug_info    0x000002df      0x112 .\CortexM3\ARM_GCC_493\Debug\test.o
 .debug_info    0x000003f1      0x313 .\CortexM3\ARM_GCC_493\Debug\Cm3Start.o
 .debug_info    0x00000704      0x13f .\CortexM3\ARM_GCC_493\Debug\cymetadata.o
 .debug_info    0x00000843      0x3b1 .\CortexM3\ARM_GCC_493\Debug\IWP.a(cyfitter_cfg.o)
 .debug_info    0x00000bf4       0x7b .\CortexM3\ARM_GCC_493\Debug\IWP.a(CyBootAsmGnu.o)
 .debug_info    0x00000c6f      0xe34 .\CortexM3\ARM_GCC_493\Debug\IWP.a(CyLib.o)
 .debug_info    0x00001aa3      0x561 .\CortexM3\ARM_GCC_493\Debug\IWP.a(cyPm.o)
 .debug_info    0x00002004      0x3c8 .\CortexM3\ARM_GCC_493\Debug\IWP.a(LCD.o)
 .debug_info    0x000023cc      0x503 .\CortexM3\ARM_GCC_493\Debug\IWP.a(UART.o)
 .debug_info    0x000028cf      0x1f5 .\CortexM3\ARM_GCC_493\Debug\IWP.a(QuadDec_Motor.o)
 .debug_info    0x00002ac4      0x201 .\CortexM3\ARM_GCC_493\Debug\IWP.a(QuadDec_Shoulder.o)
 .debug_info    0x00002cc5      0x25d .\CortexM3\ARM_GCC_493\Debug\IWP.a(UART_IntClock.o)
 .debug_info    0x00002f22      0x26d .\CortexM3\ARM_GCC_493\Debug\IWP.a(QuadDec_Motor_Cnt8.o)
 .debug_info    0x0000318f      0x28a .\CortexM3\ARM_GCC_493\Debug\IWP.a(QuadDec_Shoulder_Cnt16.o)
 .debug_info    0x00003419      0x478 .\CortexM3\ARM_GCC_493\Debug\IWP.a(ADC1.o)
 .debug_info    0x00003891       0x92 .\CortexM3\ARM_GCC_493\Debug\IWP.a(ADC1_INT.o)
 .debug_info    0x00003923      0x478 .\CortexM3\ARM_GCC_493\Debug\IWP.a(ADC2.o)
 .debug_info    0x00003d9b       0x92 .\CortexM3\ARM_GCC_493\Debug\IWP.a(ADC2_INT.o)
 .debug_info    0x00003e2d      0x25d .\CortexM3\ARM_GCC_493\Debug\IWP.a(ADC1_theACLK.o)
 .debug_info    0x0000408a      0x25d .\CortexM3\ARM_GCC_493\Debug\IWP.a(ADC2_theACLK.o)
 .debug_info    0x000042e7      0x36a .\CortexM3\ARM_GCC_493\Debug\IWP.a(CyFlash.o)
 .debug_info    0x00004651      0x453 .\CortexM3\ARM_GCC_493\Debug\IWP.a(CySpc.o)

.debug_abbrev   0x00000000     0x1a69
 *(.debug_abbrev)
 .debug_abbrev  0x00000000       0xa6 .\CortexM3\ARM_GCC_493\Debug\main.o
 .debug_abbrev  0x000000a6       0x9d .\CortexM3\ARM_GCC_493\Debug\adc.o
 .debug_abbrev  0x00000143       0x8a .\CortexM3\ARM_GCC_493\Debug\quadDec.o
 .debug_abbrev  0x000001cd       0xb1 .\CortexM3\ARM_GCC_493\Debug\test.o
 .debug_abbrev  0x0000027e      0x1a7 .\CortexM3\ARM_GCC_493\Debug\Cm3Start.o
 .debug_abbrev  0x00000425       0x77 .\CortexM3\ARM_GCC_493\Debug\cymetadata.o
 .debug_abbrev  0x0000049c      0x19d .\CortexM3\ARM_GCC_493\Debug\IWP.a(cyfitter_cfg.o)
 .debug_abbrev  0x00000639       0x14 .\CortexM3\ARM_GCC_493\Debug\IWP.a(CyBootAsmGnu.o)
 .debug_abbrev  0x0000064d      0x217 .\CortexM3\ARM_GCC_493\Debug\IWP.a(CyLib.o)
 .debug_abbrev  0x00000864      0x161 .\CortexM3\ARM_GCC_493\Debug\IWP.a(cyPm.o)
 .debug_abbrev  0x000009c5      0x120 .\CortexM3\ARM_GCC_493\Debug\IWP.a(LCD.o)
 .debug_abbrev  0x00000ae5      0x163 .\CortexM3\ARM_GCC_493\Debug\IWP.a(UART.o)
 .debug_abbrev  0x00000c48      0x130 .\CortexM3\ARM_GCC_493\Debug\IWP.a(QuadDec_Motor.o)
 .debug_abbrev  0x00000d78      0x130 .\CortexM3\ARM_GCC_493\Debug\IWP.a(QuadDec_Shoulder.o)
 .debug_abbrev  0x00000ea8      0x11d .\CortexM3\ARM_GCC_493\Debug\IWP.a(UART_IntClock.o)
 .debug_abbrev  0x00000fc5      0x12c .\CortexM3\ARM_GCC_493\Debug\IWP.a(QuadDec_Motor_Cnt8.o)
 .debug_abbrev  0x000010f1      0x12c .\CortexM3\ARM_GCC_493\Debug\IWP.a(QuadDec_Shoulder_Cnt16.o)
 .debug_abbrev  0x0000121d      0x173 .\CortexM3\ARM_GCC_493\Debug\IWP.a(ADC1.o)
 .debug_abbrev  0x00001390       0x42 .\CortexM3\ARM_GCC_493\Debug\IWP.a(ADC1_INT.o)
 .debug_abbrev  0x000013d2      0x173 .\CortexM3\ARM_GCC_493\Debug\IWP.a(ADC2.o)
 .debug_abbrev  0x00001545       0x42 .\CortexM3\ARM_GCC_493\Debug\IWP.a(ADC2_INT.o)
 .debug_abbrev  0x00001587      0x11d .\CortexM3\ARM_GCC_493\Debug\IWP.a(ADC1_theACLK.o)
 .debug_abbrev  0x000016a4      0x11d .\CortexM3\ARM_GCC_493\Debug\IWP.a(ADC2_theACLK.o)
 .debug_abbrev  0x000017c1      0x13c .\CortexM3\ARM_GCC_493\Debug\IWP.a(CyFlash.o)
 .debug_abbrev  0x000018fd      0x16c .\CortexM3\ARM_GCC_493\Debug\IWP.a(CySpc.o)

.debug_line     0x00000000     0x2efb
 *(.debug_line)
 .debug_line    0x00000000      0x198 .\CortexM3\ARM_GCC_493\Debug\main.o
 .debug_line    0x00000198      0x17c .\CortexM3\ARM_GCC_493\Debug\adc.o
 .debug_line    0x00000314      0x18c .\CortexM3\ARM_GCC_493\Debug\quadDec.o
 .debug_line    0x000004a0      0x1a1 .\CortexM3\ARM_GCC_493\Debug\test.o
 .debug_line    0x00000641      0x1d6 .\CortexM3\ARM_GCC_493\Debug\Cm3Start.o
 .debug_line    0x00000817       0x53 .\CortexM3\ARM_GCC_493\Debug\cymetadata.o
 .debug_line    0x0000086a      0x20b .\CortexM3\ARM_GCC_493\Debug\IWP.a(cyfitter_cfg.o)
 .debug_line    0x00000a75       0x68 .\CortexM3\ARM_GCC_493\Debug\IWP.a(CyBootAsmGnu.o)
 .debug_line    0x00000add      0x872 .\CortexM3\ARM_GCC_493\Debug\IWP.a(CyLib.o)
 .debug_line    0x0000134f      0x381 .\CortexM3\ARM_GCC_493\Debug\IWP.a(cyPm.o)
 .debug_line    0x000016d0      0x1e3 .\CortexM3\ARM_GCC_493\Debug\IWP.a(LCD.o)
 .debug_line    0x000018b3      0x2e4 .\CortexM3\ARM_GCC_493\Debug\IWP.a(UART.o)
 .debug_line    0x00001b97      0x10f .\CortexM3\ARM_GCC_493\Debug\IWP.a(QuadDec_Motor.o)
 .debug_line    0x00001ca6      0x112 .\CortexM3\ARM_GCC_493\Debug\IWP.a(QuadDec_Shoulder.o)
 .debug_line    0x00001db8      0x1c1 .\CortexM3\ARM_GCC_493\Debug\IWP.a(UART_IntClock.o)
 .debug_line    0x00001f79      0x192 .\CortexM3\ARM_GCC_493\Debug\IWP.a(QuadDec_Motor_Cnt8.o)
 .debug_line    0x0000210b      0x196 .\CortexM3\ARM_GCC_493\Debug\IWP.a(QuadDec_Shoulder_Cnt16.o)
 .debug_line    0x000022a1      0x208 .\CortexM3\ARM_GCC_493\Debug\IWP.a(ADC1.o)
 .debug_line    0x000024a9       0x56 .\CortexM3\ARM_GCC_493\Debug\IWP.a(ADC1_INT.o)
 .debug_line    0x000024ff      0x208 .\CortexM3\ARM_GCC_493\Debug\IWP.a(ADC2.o)
 .debug_line    0x00002707       0x56 .\CortexM3\ARM_GCC_493\Debug\IWP.a(ADC2_INT.o)
 .debug_line    0x0000275d      0x1c0 .\CortexM3\ARM_GCC_493\Debug\IWP.a(ADC1_theACLK.o)
 .debug_line    0x0000291d      0x1c0 .\CortexM3\ARM_GCC_493\Debug\IWP.a(ADC2_theACLK.o)
 .debug_line    0x00002add      0x207 .\CortexM3\ARM_GCC_493\Debug\IWP.a(CyFlash.o)
 .debug_line    0x00002ce4      0x217 .\CortexM3\ARM_GCC_493\Debug\IWP.a(CySpc.o)

.debug_frame    0x00000000     0x30a0
 *(.debug_frame)
 .debug_frame   0x00000000       0x4c .\CortexM3\ARM_GCC_493\Debug\main.o
 .debug_frame   0x0000004c       0x54 .\CortexM3\ARM_GCC_493\Debug\adc.o
 .debug_frame   0x000000a0       0x64 .\CortexM3\ARM_GCC_493\Debug\quadDec.o
 .debug_frame   0x00000104       0x94 .\CortexM3\ARM_GCC_493\Debug\test.o
 .debug_frame   0x00000198       0xd8 .\CortexM3\ARM_GCC_493\Debug\Cm3Start.o
 .debug_frame   0x00000270      0x16c .\CortexM3\ARM_GCC_493\Debug\IWP.a(cyfitter_cfg.o)
 .debug_frame   0x000003dc      0xbe8 .\CortexM3\ARM_GCC_493\Debug\IWP.a(CyLib.o)
 .debug_frame   0x00000fc4      0x234 .\CortexM3\ARM_GCC_493\Debug\IWP.a(cyPm.o)
 .debug_frame   0x000011f8      0x260 .\CortexM3\ARM_GCC_493\Debug\IWP.a(LCD.o)
 .debug_frame   0x00001458      0x42c .\CortexM3\ARM_GCC_493\Debug\IWP.a(UART.o)
 .debug_frame   0x00001884      0x160 .\CortexM3\ARM_GCC_493\Debug\IWP.a(QuadDec_Motor.o)
 .debug_frame   0x000019e4      0x160 .\CortexM3\ARM_GCC_493\Debug\IWP.a(QuadDec_Shoulder.o)
 .debug_frame   0x00001b44      0x1b4 .\CortexM3\ARM_GCC_493\Debug\IWP.a(UART_IntClock.o)
 .debug_frame   0x00001cf8      0x258 .\CortexM3\ARM_GCC_493\Debug\IWP.a(QuadDec_Motor_Cnt8.o)
 .debug_frame   0x00001f50      0x258 .\CortexM3\ARM_GCC_493\Debug\IWP.a(QuadDec_Shoulder_Cnt16.o)
 .debug_frame   0x000021a8      0x2c0 .\CortexM3\ARM_GCC_493\Debug\IWP.a(ADC1.o)
 .debug_frame   0x00002468       0x34 .\CortexM3\ARM_GCC_493\Debug\IWP.a(ADC1_INT.o)
 .debug_frame   0x0000249c      0x2c0 .\CortexM3\ARM_GCC_493\Debug\IWP.a(ADC2.o)
 .debug_frame   0x0000275c       0x34 .\CortexM3\ARM_GCC_493\Debug\IWP.a(ADC2_INT.o)
 .debug_frame   0x00002790      0x1b4 .\CortexM3\ARM_GCC_493\Debug\IWP.a(ADC1_theACLK.o)
 .debug_frame   0x00002944      0x1b4 .\CortexM3\ARM_GCC_493\Debug\IWP.a(ADC2_theACLK.o)
 .debug_frame   0x00002af8      0x210 .\CortexM3\ARM_GCC_493\Debug\IWP.a(CyFlash.o)
 .debug_frame   0x00002d08      0x1f8 .\CortexM3\ARM_GCC_493\Debug\IWP.a(CySpc.o)
 .debug_frame   0x00002f00       0x28 c:/program files (x86)/cypress/psoc creator/3.3/psoc creator/import/gnu/arm/4.9.3/bin/../lib/gcc/arm-none-eabi/4.9.3/armv7-m\libgcc.a(_aeabi_ldivmod.o)
 .debug_frame   0x00002f28       0x54 c:/program files (x86)/cypress/psoc creator/3.3/psoc creator/import/gnu/arm/4.9.3/bin/../lib/gcc/arm-none-eabi/4.9.3/armv7-m\libgcc.a(bpabi.o)
 .debug_frame   0x00002f7c       0x34 c:/program files (x86)/cypress/psoc creator/3.3/psoc creator/import/gnu/arm/4.9.3/bin/../lib/gcc/arm-none-eabi/4.9.3/armv7-m\libgcc.a(_divdi3.o)
 .debug_frame   0x00002fb0       0x34 c:/program files (x86)/cypress/psoc creator/3.3/psoc creator/import/gnu/arm/4.9.3/bin/../lib/gcc/arm-none-eabi/4.9.3/armv7-m\libgcc.a(_udivdi3.o)
 .debug_frame   0x00002fe4       0x20 c:/program files (x86)/cypress/psoc creator/3.3/psoc creator/import/gnu/arm/4.9.3/bin/../lib/gcc/arm-none-eabi/4.9.3/../../../../arm-none-eabi/lib/armv7-m\libg_nano.a(lib_a-errno.o)
 .debug_frame   0x00003004       0x28 c:/program files (x86)/cypress/psoc creator/3.3/psoc creator/import/gnu/arm/4.9.3/bin/../lib/gcc/arm-none-eabi/4.9.3/../../../../arm-none-eabi/lib/armv7-m\libg_nano.a(lib_a-exit.o)
 .debug_frame   0x0000302c       0x2c c:/program files (x86)/cypress/psoc creator/3.3/psoc creator/import/gnu/arm/4.9.3/bin/../lib/gcc/arm-none-eabi/4.9.3/../../../../arm-none-eabi/lib/armv7-m\libg_nano.a(lib_a-init.o)
 .debug_frame   0x00003058       0x28 c:/program files (x86)/cypress/psoc creator/3.3/psoc creator/import/gnu/arm/4.9.3/bin/../lib/gcc/arm-none-eabi/4.9.3/../../../../arm-none-eabi/lib/armv7-m\libg_nano.a(lib_a-memcpy.o)
 .debug_frame   0x00003080       0x20 c:/program files (x86)/cypress/psoc creator/3.3/psoc creator/import/gnu/arm/4.9.3/bin/../lib/gcc/arm-none-eabi/4.9.3/../../../../arm-none-eabi/lib/armv7-m\libg_nano.a(lib_a-memset.o)

.debug_str      0x00000000     0x2622
 *(.debug_str)
 .debug_str     0x00000000      0x15d .\CortexM3\ARM_GCC_493\Debug\main.o
                                0x19e (size before relaxing)
 .debug_str     0x0000015d       0x24 .\CortexM3\ARM_GCC_493\Debug\adc.o
                                0x1a1 (size before relaxing)
 .debug_str     0x00000181       0x35 .\CortexM3\ARM_GCC_493\Debug\quadDec.o
                                0x1be (size before relaxing)
 .debug_str     0x000001b6       0x3e .\CortexM3\ARM_GCC_493\Debug\test.o
                                0x1bb (size before relaxing)
 .debug_str     0x000001f4      0x144 .\CortexM3\ARM_GCC_493\Debug\Cm3Start.o
                                0x2b6 (size before relaxing)
 .debug_str     0x00000338       0x77 .\CortexM3\ARM_GCC_493\Debug\cymetadata.o
                                0x1d5 (size before relaxing)
 .debug_str     0x000003af      0x150 .\CortexM3\ARM_GCC_493\Debug\IWP.a(cyfitter_cfg.o)
                                0x2e2 (size before relaxing)
 .debug_str     0x000004ff      0x7e7 .\CortexM3\ARM_GCC_493\Debug\IWP.a(CyLib.o)
                                0x9b1 (size before relaxing)
 .debug_str     0x00000ce6      0x367 .\CortexM3\ARM_GCC_493\Debug\IWP.a(cyPm.o)
                                0x516 (size before relaxing)
 .debug_str     0x0000104d      0x164 .\CortexM3\ARM_GCC_493\Debug\IWP.a(LCD.o)
                                0x2f8 (size before relaxing)
 .debug_str     0x000011b1      0x275 .\CortexM3\ARM_GCC_493\Debug\IWP.a(UART.o)
                                0x400 (size before relaxing)
 .debug_str     0x00001426      0x11d .\CortexM3\ARM_GCC_493\Debug\IWP.a(QuadDec_Motor.o)
                                0x2ad (size before relaxing)
 .debug_str     0x00001543      0x137 .\CortexM3\ARM_GCC_493\Debug\IWP.a(QuadDec_Shoulder.o)
                                0x2d6 (size before relaxing)
 .debug_str     0x0000167a      0x1ac .\CortexM3\ARM_GCC_493\Debug\IWP.a(UART_IntClock.o)
                                0x321 (size before relaxing)
 .debug_str     0x00001826      0x289 .\CortexM3\ARM_GCC_493\Debug\IWP.a(QuadDec_Motor_Cnt8.o)
                                0x3f4 (size before relaxing)
 .debug_str     0x00001aaf      0x2aa .\CortexM3\ARM_GCC_493\Debug\IWP.a(QuadDec_Shoulder_Cnt16.o)
                                0x44d (size before relaxing)
 .debug_str     0x00001d59      0x1d1 .\CortexM3\ARM_GCC_493\Debug\IWP.a(ADC1.o)
                                0x3a4 (size before relaxing)
 .debug_str     0x00001f2a       0x2d .\CortexM3\ARM_GCC_493\Debug\IWP.a(ADC1_INT.o)
                                0x17c (size before relaxing)
 .debug_str     0x00001f57      0x18c .\CortexM3\ARM_GCC_493\Debug\IWP.a(ADC2.o)
                                0x3a4 (size before relaxing)
 .debug_str     0x000020e3       0x2d .\CortexM3\ARM_GCC_493\Debug\IWP.a(ADC2_INT.o)
                                0x17c (size before relaxing)
 .debug_str     0x00002110      0x155 .\CortexM3\ARM_GCC_493\Debug\IWP.a(ADC1_theACLK.o)
                                0x315 (size before relaxing)
 .debug_str     0x00002265      0x155 .\CortexM3\ARM_GCC_493\Debug\IWP.a(ADC2_theACLK.o)
                                0x315 (size before relaxing)
 .debug_str     0x000023ba      0x147 .\CortexM3\ARM_GCC_493\Debug\IWP.a(CyFlash.o)
                                0x2d5 (size before relaxing)
 .debug_str     0x00002501      0x121 .\CortexM3\ARM_GCC_493\Debug\IWP.a(CySpc.o)
                                0x2d2 (size before relaxing)

.debug_loc
 *(.debug_loc)

.debug_macinfo
 *(.debug_macinfo)

.debug_ranges   0x00000000      0xa70
 *(.debug_ranges)
 .debug_ranges  0x00000000       0x18 .\CortexM3\ARM_GCC_493\Debug\main.o
 .debug_ranges  0x00000018       0x18 .\CortexM3\ARM_GCC_493\Debug\adc.o
 .debug_ranges  0x00000030       0x20 .\CortexM3\ARM_GCC_493\Debug\quadDec.o
 .debug_ranges  0x00000050       0x28 .\CortexM3\ARM_GCC_493\Debug\test.o
 .debug_ranges  0x00000078       0x38 .\CortexM3\ARM_GCC_493\Debug\Cm3Start.o
 .debug_ranges  0x000000b0       0x50 .\CortexM3\ARM_GCC_493\Debug\IWP.a(cyfitter_cfg.o)
 .debug_ranges  0x00000100      0x288 .\CortexM3\ARM_GCC_493\Debug\IWP.a(CyLib.o)
 .debug_ranges  0x00000388       0x88 .\CortexM3\ARM_GCC_493\Debug\IWP.a(cyPm.o)
 .debug_ranges  0x00000410       0x88 .\CortexM3\ARM_GCC_493\Debug\IWP.a(LCD.o)
 .debug_ranges  0x00000498       0xe0 .\CortexM3\ARM_GCC_493\Debug\IWP.a(UART.o)
 .debug_ranges  0x00000578       0x50 .\CortexM3\ARM_GCC_493\Debug\IWP.a(QuadDec_Motor.o)
 .debug_ranges  0x000005c8       0x50 .\CortexM3\ARM_GCC_493\Debug\IWP.a(QuadDec_Shoulder.o)
 .debug_ranges  0x00000618       0x60 .\CortexM3\ARM_GCC_493\Debug\IWP.a(UART_IntClock.o)
 .debug_ranges  0x00000678       0x88 .\CortexM3\ARM_GCC_493\Debug\IWP.a(QuadDec_Motor_Cnt8.o)
 .debug_ranges  0x00000700       0x88 .\CortexM3\ARM_GCC_493\Debug\IWP.a(QuadDec_Shoulder_Cnt16.o)
 .debug_ranges  0x00000788       0x98 .\CortexM3\ARM_GCC_493\Debug\IWP.a(ADC1.o)
 .debug_ranges  0x00000820       0x10 .\CortexM3\ARM_GCC_493\Debug\IWP.a(ADC1_INT.o)
 .debug_ranges  0x00000830       0x98 .\CortexM3\ARM_GCC_493\Debug\IWP.a(ADC2.o)
 .debug_ranges  0x000008c8       0x10 .\CortexM3\ARM_GCC_493\Debug\IWP.a(ADC2_INT.o)
 .debug_ranges  0x000008d8       0x60 .\CortexM3\ARM_GCC_493\Debug\IWP.a(ADC1_theACLK.o)
 .debug_ranges  0x00000938       0x60 .\CortexM3\ARM_GCC_493\Debug\IWP.a(ADC2_theACLK.o)
 .debug_ranges  0x00000998       0x70 .\CortexM3\ARM_GCC_493\Debug\IWP.a(CyFlash.o)
 .debug_ranges  0x00000a08       0x68 .\CortexM3\ARM_GCC_493\Debug\IWP.a(CySpc.o)

.comment        0x00000000       0x70
 .comment       0x00000000       0x70 .\CortexM3\ARM_GCC_493\Debug\main.o
                                 0x71 (size before relaxing)
 .comment       0x00000000       0x71 .\CortexM3\ARM_GCC_493\Debug\adc.o
 .comment       0x00000000       0x71 .\CortexM3\ARM_GCC_493\Debug\quadDec.o
 .comment       0x00000000       0x71 .\CortexM3\ARM_GCC_493\Debug\test.o
 .comment       0x00000000       0x71 .\CortexM3\ARM_GCC_493\Debug\Cm3Start.o
 .comment       0x00000000       0x71 .\CortexM3\ARM_GCC_493\Debug\cymetadata.o
 .comment       0x00000000       0x71 .\CortexM3\ARM_GCC_493\Debug\IWP.a(cyfitter_cfg.o)
 .comment       0x00000000       0x71 .\CortexM3\ARM_GCC_493\Debug\IWP.a(CyLib.o)
 .comment       0x00000000       0x71 .\CortexM3\ARM_GCC_493\Debug\IWP.a(cyPm.o)
 .comment       0x00000000       0x71 .\CortexM3\ARM_GCC_493\Debug\IWP.a(LCD.o)
 .comment       0x00000000       0x71 .\CortexM3\ARM_GCC_493\Debug\IWP.a(UART.o)
 .comment       0x00000000       0x71 .\CortexM3\ARM_GCC_493\Debug\IWP.a(QuadDec_Motor.o)
 .comment       0x00000000       0x71 .\CortexM3\ARM_GCC_493\Debug\IWP.a(QuadDec_Shoulder.o)
 .comment       0x00000000       0x71 .\CortexM3\ARM_GCC_493\Debug\IWP.a(UART_IntClock.o)
 .comment       0x00000000       0x71 .\CortexM3\ARM_GCC_493\Debug\IWP.a(QuadDec_Motor_Cnt8.o)
 .comment       0x00000000       0x71 .\CortexM3\ARM_GCC_493\Debug\IWP.a(QuadDec_Shoulder_Cnt16.o)
 .comment       0x00000000       0x71 .\CortexM3\ARM_GCC_493\Debug\IWP.a(ADC1.o)
 .comment       0x00000000       0x71 .\CortexM3\ARM_GCC_493\Debug\IWP.a(ADC1_INT.o)
 .comment       0x00000000       0x71 .\CortexM3\ARM_GCC_493\Debug\IWP.a(ADC2.o)
 .comment       0x00000000       0x71 .\CortexM3\ARM_GCC_493\Debug\IWP.a(ADC2_INT.o)
 .comment       0x00000000       0x71 .\CortexM3\ARM_GCC_493\Debug\IWP.a(ADC1_theACLK.o)
 .comment       0x00000000       0x71 .\CortexM3\ARM_GCC_493\Debug\IWP.a(ADC2_theACLK.o)
 .comment       0x00000000       0x71 .\CortexM3\ARM_GCC_493\Debug\IWP.a(CyFlash.o)
 .comment       0x00000000       0x71 .\CortexM3\ARM_GCC_493\Debug\IWP.a(CySpc.o)

.debug_weaknames
 *(.debug_weaknames)

.debug_funcnames
 *(.debug_funcnames)

.debug_typenames
 *(.debug_typenames)

.debug_varnames
 *(.debug_varnames)

.note.gnu.arm.ident
 *(.note.gnu.arm.ident)

.ARM.attributes
                0x00000000       0x29
 *(.ARM.attributes)
 .ARM.attributes
                0x00000000       0x1d c:/program files (x86)/cypress/psoc creator/3.3/psoc creator/import/gnu/arm/4.9.3/bin/../lib/gcc/arm-none-eabi/4.9.3/armv7-m/crti.o
 .ARM.attributes
                0x0000001d       0x2d c:/program files (x86)/cypress/psoc creator/3.3/psoc creator/import/gnu/arm/4.9.3/bin/../lib/gcc/arm-none-eabi/4.9.3/armv7-m/crtbegin.o
 .ARM.attributes
                0x0000004a       0x1b c:/program files (x86)/cypress/psoc creator/3.3/psoc creator/import/gnu/arm/4.9.3/bin/../lib/gcc/arm-none-eabi/4.9.3/../../../../arm-none-eabi/lib/armv7-m/crt0.o
 .ARM.attributes
                0x00000065       0x33 .\CortexM3\ARM_GCC_493\Debug\main.o
 .ARM.attributes
                0x00000098       0x33 .\CortexM3\ARM_GCC_493\Debug\adc.o
 .ARM.attributes
                0x000000cb       0x33 .\CortexM3\ARM_GCC_493\Debug\quadDec.o
 .ARM.attributes
                0x000000fe       0x33 .\CortexM3\ARM_GCC_493\Debug\test.o
 .ARM.attributes
                0x00000131       0x33 .\CortexM3\ARM_GCC_493\Debug\Cm3Start.o
 .ARM.attributes
                0x00000164       0x33 .\CortexM3\ARM_GCC_493\Debug\cymetadata.o
 .ARM.attributes
                0x00000197       0x33 .\CortexM3\ARM_GCC_493\Debug\IWP.a(cyfitter_cfg.o)
 .ARM.attributes
                0x000001ca       0x21 .\CortexM3\ARM_GCC_493\Debug\IWP.a(CyBootAsmGnu.o)
 .ARM.attributes
                0x000001eb       0x33 .\CortexM3\ARM_GCC_493\Debug\IWP.a(CyLib.o)
 .ARM.attributes
                0x0000021e       0x33 .\CortexM3\ARM_GCC_493\Debug\IWP.a(cyPm.o)
 .ARM.attributes
                0x00000251       0x33 .\CortexM3\ARM_GCC_493\Debug\IWP.a(LCD.o)
 .ARM.attributes
                0x00000284       0x33 .\CortexM3\ARM_GCC_493\Debug\IWP.a(UART.o)
 .ARM.attributes
                0x000002b7       0x33 .\CortexM3\ARM_GCC_493\Debug\IWP.a(QuadDec_Motor.o)
 .ARM.attributes
                0x000002ea       0x33 .\CortexM3\ARM_GCC_493\Debug\IWP.a(QuadDec_Shoulder.o)
 .ARM.attributes
                0x0000031d       0x33 .\CortexM3\ARM_GCC_493\Debug\IWP.a(UART_IntClock.o)
 .ARM.attributes
                0x00000350       0x33 .\CortexM3\ARM_GCC_493\Debug\IWP.a(QuadDec_Motor_Cnt8.o)
 .ARM.attributes
                0x00000383       0x33 .\CortexM3\ARM_GCC_493\Debug\IWP.a(QuadDec_Shoulder_Cnt16.o)
 .ARM.attributes
                0x000003b6       0x33 .\CortexM3\ARM_GCC_493\Debug\IWP.a(ADC1.o)
 .ARM.attributes
                0x000003e9       0x33 .\CortexM3\ARM_GCC_493\Debug\IWP.a(ADC1_INT.o)
 .ARM.attributes
                0x0000041c       0x33 .\CortexM3\ARM_GCC_493\Debug\IWP.a(ADC2.o)
 .ARM.attributes
                0x0000044f       0x33 .\CortexM3\ARM_GCC_493\Debug\IWP.a(ADC2_INT.o)
 .ARM.attributes
                0x00000482       0x33 .\CortexM3\ARM_GCC_493\Debug\IWP.a(ADC1_theACLK.o)
 .ARM.attributes
                0x000004b5       0x33 .\CortexM3\ARM_GCC_493\Debug\IWP.a(ADC2_theACLK.o)
 .ARM.attributes
                0x000004e8       0x33 .\CortexM3\ARM_GCC_493\Debug\IWP.a(CyFlash.o)
 .ARM.attributes
                0x0000051b       0x33 .\CortexM3\ARM_GCC_493\Debug\IWP.a(CySpc.o)
 .ARM.attributes
                0x0000054e       0x1d c:/program files (x86)/cypress/psoc creator/3.3/psoc creator/import/gnu/arm/4.9.3/bin/../lib/gcc/arm-none-eabi/4.9.3/armv7-m\libgcc.a(_arm_addsubsf3.o)
 .ARM.attributes
                0x0000056b       0x1d c:/program files (x86)/cypress/psoc creator/3.3/psoc creator/import/gnu/arm/4.9.3/bin/../lib/gcc/arm-none-eabi/4.9.3/armv7-m\libgcc.a(_arm_muldivsf3.o)
 .ARM.attributes
                0x00000588       0x1d c:/program files (x86)/cypress/psoc creator/3.3/psoc creator/import/gnu/arm/4.9.3/bin/../lib/gcc/arm-none-eabi/4.9.3/armv7-m\libgcc.a(_aeabi_ldivmod.o)
 .ARM.attributes
                0x000005a5       0x2d c:/program files (x86)/cypress/psoc creator/3.3/psoc creator/import/gnu/arm/4.9.3/bin/../lib/gcc/arm-none-eabi/4.9.3/armv7-m\libgcc.a(bpabi.o)
 .ARM.attributes
                0x000005d2       0x1d c:/program files (x86)/cypress/psoc creator/3.3/psoc creator/import/gnu/arm/4.9.3/bin/../lib/gcc/arm-none-eabi/4.9.3/armv7-m\libgcc.a(_dvmd_tls.o)
 .ARM.attributes
                0x000005ef       0x2d c:/program files (x86)/cypress/psoc creator/3.3/psoc creator/import/gnu/arm/4.9.3/bin/../lib/gcc/arm-none-eabi/4.9.3/armv7-m\libgcc.a(_divdi3.o)
 .ARM.attributes
                0x0000061c       0x2d c:/program files (x86)/cypress/psoc creator/3.3/psoc creator/import/gnu/arm/4.9.3/bin/../lib/gcc/arm-none-eabi/4.9.3/armv7-m\libgcc.a(_udivdi3.o)
 .ARM.attributes
                0x00000649       0x2d c:/program files (x86)/cypress/psoc creator/3.3/psoc creator/import/gnu/arm/4.9.3/bin/../lib/gcc/arm-none-eabi/4.9.3/../../../../arm-none-eabi/lib/armv7-m\libg_nano.a(lib_a-errno.o)
 .ARM.attributes
                0x00000676       0x2d c:/program files (x86)/cypress/psoc creator/3.3/psoc creator/import/gnu/arm/4.9.3/bin/../lib/gcc/arm-none-eabi/4.9.3/../../../../arm-none-eabi/lib/armv7-m\libg_nano.a(lib_a-exit.o)
 .ARM.attributes
                0x000006a3       0x2d c:/program files (x86)/cypress/psoc creator/3.3/psoc creator/import/gnu/arm/4.9.3/bin/../lib/gcc/arm-none-eabi/4.9.3/../../../../arm-none-eabi/lib/armv7-m\libg_nano.a(lib_a-impure.o)
 .ARM.attributes
                0x000006d0       0x2d c:/program files (x86)/cypress/psoc creator/3.3/psoc creator/import/gnu/arm/4.9.3/bin/../lib/gcc/arm-none-eabi/4.9.3/../../../../arm-none-eabi/lib/armv7-m\libg_nano.a(lib_a-init.o)
 .ARM.attributes
                0x000006fd       0x2d c:/program files (x86)/cypress/psoc creator/3.3/psoc creator/import/gnu/arm/4.9.3/bin/../lib/gcc/arm-none-eabi/4.9.3/../../../../arm-none-eabi/lib/armv7-m\libg_nano.a(lib_a-memcpy.o)
 .ARM.attributes
                0x0000072a       0x2d c:/program files (x86)/cypress/psoc creator/3.3/psoc creator/import/gnu/arm/4.9.3/bin/../lib/gcc/arm-none-eabi/4.9.3/../../../../arm-none-eabi/lib/armv7-m\libg_nano.a(lib_a-memset.o)
 .ARM.attributes
                0x00000757       0x2d c:/program files (x86)/cypress/psoc creator/3.3/psoc creator/import/gnu/arm/4.9.3/bin/../lib/gcc/arm-none-eabi/4.9.3/armv7-m/crtend.o
 .ARM.attributes
                0x00000784       0x1d c:/program files (x86)/cypress/psoc creator/3.3/psoc creator/import/gnu/arm/4.9.3/bin/../lib/gcc/arm-none-eabi/4.9.3/armv7-m/crtn.o

/DISCARD/
 *(.note.GNU-stack)
OUTPUT(.\CortexM3\ARM_GCC_493\Debug\IWP.elf elf32-littlearm)
